Archive member included because of file (symbol)

/Users/mikekim/Developer/ZoeRobotics_project/ArduinoCore-sam-master/libsam_sam3x8e_gcc_rel.a(timetick.o)
                              mkZoeRobotics_main.o (TimeTick_Configure)
/Users/mikekim/Developer/ZoeRobotics_project/ArduinoCore-sam-master/libsam_sam3x8e_gcc_rel.a(system_sam3xa.o)
                              mkZoeRobotics_main.o (SystemInit)
/Users/mikekim/Developer/ZoeRobotics_project/ArduinoCore-sam-master/libsam_sam3x8e_gcc_rel.a(startup_sam3xa.o)
                              (Reset_Handler)
/Users/mikekim/Developer/ZoeRobotics_project/ArduinoCore-sam-master/libsam_sam3x8e_gcc_rel.a(uotghs.o)
                              /Users/mikekim/Developer/ZoeRobotics_project/ArduinoCore-sam-master/libsam_sam3x8e_gcc_rel.a(startup_sam3xa.o) (UOTGHS_Handler)
/Users/mikekim/Developer/ZoeRobotics_project/ArduinoCore-sam-master/core.a(WInterrupts.c.o)
                              /Users/mikekim/Developer/ZoeRobotics_project/ArduinoCore-sam-master/libsam_sam3x8e_gcc_rel.a(startup_sam3xa.o) (PIOA_Handler)
/Users/mikekim/Developer/ZoeRobotics_project/ArduinoCore-sam-master/core.a(cortex_handlers.c.o)
                              /Users/mikekim/Developer/ZoeRobotics_project/ArduinoCore-sam-master/libsam_sam3x8e_gcc_rel.a(startup_sam3xa.o) (NMI_Handler)
/Users/mikekim/Developer/ZoeRobotics_project/ArduinoCore-sam-master/core.a(hooks.c.o)
                              /Users/mikekim/Developer/ZoeRobotics_project/ArduinoCore-sam-master/core.a(cortex_handlers.c.o) (sysTickHook)
/Users/mikekim/Developer/ZoeRobotics_project/ArduinoCore-sam-master/core.a(syscalls_sam3.c.o)
                              (_sbrk)
/Users/mikekim/Developer/ZoeRobotics_project/ArduinoCore-sam-master/core.a(Reset.cpp.o)
                              /Users/mikekim/Developer/ZoeRobotics_project/ArduinoCore-sam-master/core.a(cortex_handlers.c.o) (tickReset)
/Users/mikekim/Developer/ZoeRobotics_project/ArduinoCore-sam-master/libsam_sam3x8e_gcc_rel.a(pmc.o)
                              /Users/mikekim/Developer/ZoeRobotics_project/ArduinoCore-sam-master/core.a(WInterrupts.c.o) (pmc_enable_periph_clk)
/Users/mikekim/Library/Arduino15/packages/arduino/tools/arm-none-eabi-gcc/4.8.3-2014q1/bin/../lib/gcc/arm-none-eabi/4.8.3/armv7-m/libgcc.a(_arm_addsubdf3.o)
                              mkZoeRobotics_serial.o (__aeabi_dsub)
/Users/mikekim/Library/Arduino15/packages/arduino/tools/arm-none-eabi-gcc/4.8.3-2014q1/bin/../lib/gcc/arm-none-eabi/4.8.3/armv7-m/libgcc.a(_arm_muldivdf3.o)
                              mkZoeRobotics_serial.o (__aeabi_dmul)
/Users/mikekim/Library/Arduino15/packages/arduino/tools/arm-none-eabi-gcc/4.8.3-2014q1/bin/../lib/gcc/arm-none-eabi/4.8.3/armv7-m/libgcc.a(_arm_cmpdf2.o)
                              mkZoeRobotics_serial.o (__aeabi_dcmplt)
/Users/mikekim/Library/Arduino15/packages/arduino/tools/arm-none-eabi-gcc/4.8.3-2014q1/bin/../lib/gcc/arm-none-eabi/4.8.3/armv7-m/libgcc.a(_arm_fixdfsi.o)
                              mkZoeRobotics_serial.o (__aeabi_d2iz)
/Users/mikekim/Library/Arduino15/packages/arduino/tools/arm-none-eabi-gcc/4.8.3-2014q1/bin/../lib/gcc/arm-none-eabi/4.8.3/armv7-m/libgcc.a(_arm_fixunsdfsi.o)
                              mkZoeRobotics_serial.o (__aeabi_d2uiz)
/Users/mikekim/Library/Arduino15/packages/arduino/tools/arm-none-eabi-gcc/4.8.3-2014q1/bin/../lib/gcc/arm-none-eabi/4.8.3/../../../../arm-none-eabi/lib/armv7-m/libc.a(lib_a-exit.o)
                              /Users/mikekim/Library/Arduino15/packages/arduino/tools/arm-none-eabi-gcc/4.8.3-2014q1/bin/../lib/gcc/arm-none-eabi/4.8.3/../../../../arm-none-eabi/lib/armv7-m/crt0.o (exit)
/Users/mikekim/Library/Arduino15/packages/arduino/tools/arm-none-eabi-gcc/4.8.3-2014q1/bin/../lib/gcc/arm-none-eabi/4.8.3/../../../../arm-none-eabi/lib/armv7-m/libc.a(lib_a-impure.o)
                              /Users/mikekim/Library/Arduino15/packages/arduino/tools/arm-none-eabi-gcc/4.8.3-2014q1/bin/../lib/gcc/arm-none-eabi/4.8.3/../../../../arm-none-eabi/lib/armv7-m/libc.a(lib_a-exit.o) (_global_impure_ptr)
/Users/mikekim/Library/Arduino15/packages/arduino/tools/arm-none-eabi-gcc/4.8.3-2014q1/bin/../lib/gcc/arm-none-eabi/4.8.3/../../../../arm-none-eabi/lib/armv7-m/libc.a(lib_a-init.o)
                              /Users/mikekim/Library/Arduino15/packages/arduino/tools/arm-none-eabi-gcc/4.8.3-2014q1/bin/../lib/gcc/arm-none-eabi/4.8.3/../../../../arm-none-eabi/lib/armv7-m/crt0.o (__libc_init_array)
/Users/mikekim/Library/Arduino15/packages/arduino/tools/arm-none-eabi-gcc/4.8.3-2014q1/bin/../lib/gcc/arm-none-eabi/4.8.3/../../../../arm-none-eabi/lib/armv7-m/libc.a(lib_a-memset.o)
                              /Users/mikekim/Library/Arduino15/packages/arduino/tools/arm-none-eabi-gcc/4.8.3-2014q1/bin/../lib/gcc/arm-none-eabi/4.8.3/../../../../arm-none-eabi/lib/armv7-m/crt0.o (memset)
[...]
Memory Configuration

Name             Origin             Length             Attributes
rom              0x0000000000080000 0x0000000000080000 xr
sram0            0x0000000020000000 0x0000000000010000 xrw
sram1            0x0000000020080000 0x0000000000008000 xrw
ram              0x0000000020070000 0x0000000000018000 xrw
*default*        0x0000000000000000 0xffffffffffffffff

Linker script and memory map

LOAD /Users/mikekim/Library/Arduino15/packages/arduino/tools/arm-none-eabi-gcc/4.8.3-2014q1/bin/../lib/gcc/arm-none-eabi/4.8.3/armv7-m/crti.o
LOAD /Users/mikekim/Library/Arduino15/packages/arduino/tools/arm-none-eabi-gcc/4.8.3-2014q1/bin/../lib/gcc/arm-none-eabi/4.8.3/armv7-m/crtbegin.o
LOAD /Users/mikekim/Library/Arduino15/packages/arduino/tools/arm-none-eabi-gcc/4.8.3-2014q1/bin/../lib/gcc/arm-none-eabi/4.8.3/../../../../arm-none-eabi/lib/armv7-m/crt0.o
START GROUP
LOAD timetick.o
LOAD mkZoeRobotics_serial.o
LOAD mkZoeRobotics_main.o
LOAD /Users/mikekim/Developer/ZoeRobotics_project/ArduinoCore-sam-master/libsam_sam3x8e_gcc_rel.a
LOAD /Users/mikekim/Developer/ZoeRobotics_project/ArduinoCore-sam-master/core.a
END GROUP
LOAD /Users/mikekim/Library/Arduino15/packages/arduino/tools/arm-none-eabi-gcc/4.8.3-2014q1/bin/../lib/gcc/arm-none-eabi/4.8.3/../../../../arm-none-eabi/lib/armv7-m/libm.a
LOAD /Users/mikekim/Library/Arduino15/packages/arduino/tools/arm-none-eabi-gcc/4.8.3-2014q1/bin/../lib/gcc/arm-none-eabi/4.8.3/armv7-m/libgcc.a
START GROUP
LOAD /Users/mikekim/Library/Arduino15/packages/arduino/tools/arm-none-eabi-gcc/4.8.3-2014q1/bin/../lib/gcc/arm-none-eabi/4.8.3/armv7-m/libgcc.a
LOAD /Users/mikekim/Library/Arduino15/packages/arduino/tools/arm-none-eabi-gcc/4.8.3-2014q1/bin/../lib/gcc/arm-none-eabi/4.8.3/../../../../arm-none-eabi/lib/armv7-m/libc.a
END GROUP
LOAD /Users/mikekim/Library/Arduino15/packages/arduino/tools/arm-none-eabi-gcc/4.8.3-2014q1/bin/../lib/gcc/arm-none-eabi/4.8.3/armv7-m/crtend.o
LOAD /Users/mikekim/Library/Arduino15/packages/arduino/tools/arm-none-eabi-gcc/4.8.3-2014q1/bin/../lib/gcc/arm-none-eabi/4.8.3/armv7-m/crtn.o

.text           0x0000000000080000     0x3f74
                0x0000000000080000                . = ALIGN (0x4)
                0x0000000000080000                _sfixed = .
 *(.vectors .vectors.*)
 .vectors       0x0000000000080000       0xf4 /Users/mikekim/Developer/ZoeRobotics_project/ArduinoCore-sam-master/libsam_sam3x8e_gcc_rel.a(startup_sam3xa.o)
                0x0000000000080000                exception_table
 *(.text .text.* .gnu.linkonce.t.*)
 .text          0x00000000000800f4       0x54 /Users/mikekim/Library/Arduino15/packages/arduino/tools/arm-none-eabi-gcc/4.8.3-2014q1/bin/../lib/gcc/arm-none-eabi/4.8.3/armv7-m/crtbegin.o
 .text._ZN8MKSerial5writeEh.isra.0
                0x0000000000080148       0x20 mkZoeRobotics_serial.o
 .text._ZN8MKSerialC2Ev
                0x0000000000080168       0x30 mkZoeRobotics_serial.o
                0x0000000000080168                MKSerial::MKSerial()
                0x0000000000080168                MKSerial::MKSerial()
 .text._ZN8MKSerial5beginEl
                0x0000000000080198       0x74 mkZoeRobotics_serial.o
                0x0000000000080198                MKSerial::begin(long)
 .text._ZN8MKSerial10IrqHandlerEv
                0x000000000008020c       0x40 mkZoeRobotics_serial.o
                0x000000000008020c                MKSerial::IrqHandler()
 .text.UART_Handler
                0x000000000008024c        0xc mkZoeRobotics_serial.o
                0x000000000008024c                UART_Handler
 .text._ZN8MKSerial4readEv
                0x0000000000080258       0x2a mkZoeRobotics_serial.o
                0x0000000000080258                MKSerial::read()
 .text._ZN8MKSerial7printlnEv
                0x0000000000080282       0x12 mkZoeRobotics_serial.o
                0x0000000000080282                MKSerial::println()
 .text._ZN8MKSerial7printlnEPKc
                0x0000000000080294       0x1c mkZoeRobotics_serial.o
                0x0000000000080294                MKSerial::println(char const*)
 .text.startup._GLOBAL__sub_I_mkSerial
                0x00000000000802b0        0xc mkZoeRobotics_serial.o
 .text._ZN8MKSerial5writeEPKc.isra.1
                0x00000000000802bc       0x24 mkZoeRobotics_main.o
 .text.startup.main
                0x00000000000802e0      0x154 mkZoeRobotics_main.o
                0x00000000000802e0                main
 .text.TimeTick_Increment
                0x0000000000080434       0x10 /Users/mikekim/Developer/ZoeRobotics_project/ArduinoCore-sam-master/libsam_sam3x8e_gcc_rel.a(timetick.o)
                0x0000000000080434                TimeTick_Increment
 .text.TimeTick_Configure
                0x0000000000080444       0x34 /Users/mikekim/Developer/ZoeRobotics_project/ArduinoCore-sam-master/libsam_sam3x8e_gcc_rel.a(timetick.o)
                0x0000000000080444                TimeTick_Configure
 .text.Sleep    0x0000000000080478       0x20 /Users/mikekim/Developer/ZoeRobotics_project/ArduinoCore-sam-master/libsam_sam3x8e_gcc_rel.a(timetick.o)
                0x0000000000080478                Sleep
 .text.SystemInit
                0x0000000000080498       0x7c /Users/mikekim/Developer/ZoeRobotics_project/ArduinoCore-sam-master/libsam_sam3x8e_gcc_rel.a(system_sam3xa.o)
                0x0000000000080498                SystemInit
 .text.Reset_Handler
                0x0000000000080514       0x74 /Users/mikekim/Developer/ZoeRobotics_project/ArduinoCore-sam-master/libsam_sam3x8e_gcc_rel.a(startup_sam3xa.o)
                0x0000000000080514                Reset_Handler
 .text.UOTGHS_Handler
                0x0000000000080588       0x10 /Users/mikekim/Developer/ZoeRobotics_project/ArduinoCore-sam-master/libsam_sam3x8e_gcc_rel.a(uotghs.o)
                0x0000000000080588                UOTGHS_Handler
 .text.PIOA_Handler
                0x0000000000080598       0x38 /Users/mikekim/Developer/ZoeRobotics_project/ArduinoCore-sam-master/core.a(WInterrupts.c.o)
                0x0000000000080598                PIOA_Handler
 .text.PIOB_Handler
                0x00000000000805d0       0x38 /Users/mikekim/Developer/ZoeRobotics_project/ArduinoCore-sam-master/core.a(WInterrupts.c.o)
                0x00000000000805d0                PIOB_Handler
 .text.PIOC_Handler
                0x0000000000080608       0x38 /Users/mikekim/Developer/ZoeRobotics_project/ArduinoCore-sam-master/core.a(WInterrupts.c.o)
                0x0000000000080608                PIOC_Handler
 .text.PIOD_Handler
                0x0000000000080640       0x38 /Users/mikekim/Developer/ZoeRobotics_project/ArduinoCore-sam-master/core.a(WInterrupts.c.o)
                0x0000000000080640                PIOD_Handler
 .text.__halt   0x0000000000080678        0x2 /Users/mikekim/Developer/ZoeRobotics_project/ArduinoCore-sam-master/core.a(cortex_handlers.c.o)
                0x0000000000080678                SPI0_Handler
                0x0000000000080678                DebugMon_Handler
                0x0000000000080678                DMAC_Handler
                0x0000000000080678                TRNG_Handler
                0x0000000000080678                HardFault_Handler
                0x0000000000080678                TC2_Handler
                0x0000000000080678                USART3_Handler
                0x0000000000080678                TWI1_Handler
                0x0000000000080678                NMI_Handler
                0x0000000000080678                TC7_Handler
                0x0000000000080678                ADC_Handler
                0x0000000000080678                SMC_Handler
                0x0000000000080678                USART0_Handler
                0x0000000000080678                RTT_Handler
                0x0000000000080678                EFC1_Handler
                0x0000000000080678                RTC_Handler
                0x0000000000080678                UsageFault_Handler
                0x0000000000080678                TC6_Handler
                0x0000000000080678                WDT_Handler
                0x0000000000080678                CAN0_Handler
                0x0000000000080678                TC4_Handler
                0x0000000000080678                TC1_Handler
                0x0000000000080678                HSMCI_Handler
                0x0000000000080678                TC3_Handler
                0x0000000000080678                TWI0_Handler
                0x0000000000080678                USART1_Handler
                0x0000000000080678                SSC_Handler
                0x0000000000080678                EFC0_Handler
                0x0000000000080678                PMC_Handler
                0x0000000000080678                PWM_Handler
                0x0000000000080678                CAN1_Handler
                0x0000000000080678                MemManage_Handler
                0x0000000000080678                SUPC_Handler
                0x0000000000080678                TC8_Handler
                0x0000000000080678                USART2_Handler
                0x0000000000080678                EMAC_Handler
                0x0000000000080678                BusFault_Handler
                0x0000000000080678                RSTC_Handler
                0x0000000000080678                TC0_Handler
                0x0000000000080678                TC5_Handler
                0x0000000000080678                DACC_Handler
 .text.SVC_Handler
                0x000000000008067a        0x4 /Users/mikekim/Developer/ZoeRobotics_project/ArduinoCore-sam-master/core.a(cortex_handlers.c.o)
                0x000000000008067a                SVC_Handler
 .text.PendSV_Handler
                0x000000000008067e        0x4 /Users/mikekim/Developer/ZoeRobotics_project/ArduinoCore-sam-master/core.a(cortex_handlers.c.o)
                0x000000000008067e                PendSV_Handler
 .text.SysTick_Handler
                0x0000000000080682       0x16 /Users/mikekim/Developer/ZoeRobotics_project/ArduinoCore-sam-master/core.a(cortex_handlers.c.o)
                0x0000000000080682                SysTick_Handler
 .text.__false  0x0000000000080698        0x4 /Users/mikekim/Developer/ZoeRobotics_project/ArduinoCore-sam-master/core.a(hooks.c.o)
                0x0000000000080698                sysTickHook
 .text.__halt   0x000000000008069c        0x2 /Users/mikekim/Developer/ZoeRobotics_project/ArduinoCore-sam-master/core.a(hooks.c.o)
                0x000000000008069c                pendSVHook
                0x000000000008069c                svcHook
 *fill*         0x000000000008069e        0x2 
 .text._sbrk    0x00000000000806a0       0x1c /Users/mikekim/Developer/ZoeRobotics_project/ArduinoCore-sam-master/core.a(syscalls_sam3.c.o)
                0x00000000000806a0                _sbrk
 .text.link     0x00000000000806bc        0x6 /Users/mikekim/Developer/ZoeRobotics_project/ArduinoCore-sam-master/core.a(syscalls_sam3.c.o)
                0x00000000000806bc                link
 .text._close   0x00000000000806c2        0x6 /Users/mikekim/Developer/ZoeRobotics_project/ArduinoCore-sam-master/core.a(syscalls_sam3.c.o)
                0x00000000000806c2                _close
 .text._fstat   0x00000000000806c8        0xa /Users/mikekim/Developer/ZoeRobotics_project/ArduinoCore-sam-master/core.a(syscalls_sam3.c.o)
                0x00000000000806c8                _fstat
 .text._isatty  0x00000000000806d2        0x4 /Users/mikekim/Developer/ZoeRobotics_project/ArduinoCore-sam-master/core.a(syscalls_sam3.c.o)
                0x00000000000806d2                _isatty
 .text._lseek   0x00000000000806d6        0x4 /Users/mikekim/Developer/ZoeRobotics_project/ArduinoCore-sam-master/core.a(syscalls_sam3.c.o)
                0x00000000000806d6                _lseek
 .text._read    0x00000000000806da        0x4 /Users/mikekim/Developer/ZoeRobotics_project/ArduinoCore-sam-master/core.a(syscalls_sam3.c.o)
                0x00000000000806da                _read
 *fill*         0x00000000000806de        0x2 
 .text._write   0x00000000000806e0       0x24 /Users/mikekim/Developer/ZoeRobotics_project/ArduinoCore-sam-master/core.a(syscalls_sam3.c.o)
                0x00000000000806e0                _write
 .text._exit    0x0000000000080704        0x2 /Users/mikekim/Developer/ZoeRobotics_project/ArduinoCore-sam-master/core.a(syscalls_sam3.c.o)
                0x0000000000080704                _exit
 .text._kill    0x0000000000080706        0x2 /Users/mikekim/Developer/ZoeRobotics_project/ArduinoCore-sam-master/core.a(syscalls_sam3.c.o)
                0x0000000000080706                _kill
 .text._getpid  0x0000000000080708        0x6 /Users/mikekim/Developer/ZoeRobotics_project/ArduinoCore-sam-master/core.a(syscalls_sam3.c.o)
                0x0000000000080708                _getpid
 *fill*         0x000000000008070e        0x2 
 .text.tickReset
                0x0000000000080710       0x20 /Users/mikekim/Developer/ZoeRobotics_project/ArduinoCore-sam-master/core.a(Reset.cpp.o)
                0x0000000000080710                tickReset
 .text          0x0000000000080730      0x370 /Users/mikekim/Library/Arduino15/packages/arduino/tools/arm-none-eabi-gcc/4.8.3-2014q1/bin/../lib/gcc/arm-none-eabi/4.8.3/armv7-m/libgcc.a(_arm_addsubdf3.o)
                0x0000000000080730                __aeabi_drsub
                0x0000000000080738                __subdf3
                0x0000000000080738                __aeabi_dsub
                0x000000000008073c                __aeabi_dadd
                0x000000000008073c                __adddf3
                0x00000000000809b4                __aeabi_ui2d
                0x00000000000809b4                __floatunsidf
                0x00000000000809d4                __floatsidf
                0x00000000000809d4                __aeabi_i2d
                0x00000000000809f8                __extendsfdf2
                0x00000000000809f8                __aeabi_f2d
                0x0000000000080a34                __aeabi_ul2d
                0x0000000000080a34                __floatundidf
                0x0000000000080a44                __aeabi_l2d
                0x0000000000080a44                __floatdidf
 .text          0x0000000000080aa0      0x424 /Users/mikekim/Library/Arduino15/packages/arduino/tools/arm-none-eabi-gcc/4.8.3-2014q1/bin/../lib/gcc/arm-none-eabi/4.8.3/armv7-m/libgcc.a(_arm_muldivdf3.o)
                0x0000000000080aa0                __aeabi_dmul
                0x0000000000080aa0                __muldf3
                0x0000000000080cf4                __aeabi_ddiv
                0x0000000000080cf4                __divdf3
 .text          0x0000000000080ec4      0x110 /Users/mikekim/Library/Arduino15/packages/arduino/tools/arm-none-eabi-gcc/4.8.3-2014q1/bin/../lib/gcc/arm-none-eabi/4.8.3/armv7-m/libgcc.a(_arm_cmpdf2.o)
                0x0000000000080ec4                __gedf2
                0x0000000000080ec4                __gtdf2
                0x0000000000080ecc                __ledf2
                0x0000000000080ecc                __ltdf2
                0x0000000000080ed4                __cmpdf2
                0x0000000000080ed4                __eqdf2
                0x0000000000080ed4                __nedf2
                0x0000000000080f50                __aeabi_cdrcmple
                0x0000000000080f60                __aeabi_cdcmple
                0x0000000000080f60                __aeabi_cdcmpeq
                0x0000000000080f70                __aeabi_dcmpeq
                0x0000000000080f84                __aeabi_dcmplt
                0x0000000000080f98                __aeabi_dcmple
                0x0000000000080fac                __aeabi_dcmpge
                0x0000000000080fc0                __aeabi_dcmpgt
 .text          0x0000000000080fd4       0x50 /Users/mikekim/Library/Arduino15/packages/arduino/tools/arm-none-eabi-gcc/4.8.3-2014q1/bin/../lib/gcc/arm-none-eabi/4.8.3/armv7-m/libgcc.a(_arm_fixdfsi.o)
                0x0000000000080fd4                __fixdfsi
                0x0000000000080fd4                __aeabi_d2iz
 .text          0x0000000000081024       0x40 /Users/mikekim/Library/Arduino15/packages/arduino/tools/arm-none-eabi-gcc/4.8.3-2014q1/bin/../lib/gcc/arm-none-eabi/4.8.3/armv7-m/libgcc.a(_arm_fixunsdfsi.o)
                0x0000000000081024                __fixunsdfsi
                0x0000000000081024                __aeabi_d2uiz
 .text.memset   0x0000000000081064       0x94 /Users/mikekim/Library/Arduino15/packages/arduino/tools/arm-none-eabi-gcc/4.8.3-2014q1/bin/../lib/gcc/arm-none-eabi/4.8.3/../../../../arm-none-eabi/lib/armv7-m/libc.a(lib_a-memset.o)
                0x0000000000081064                memset
 .text.strchr   0x00000000000810f8       0xf4 /Users/mikekim/Library/Arduino15/packages/arduino/tools/arm-none-eabi-gcc/4.8.3-2014q1/bin/../lib/gcc/arm-none-eabi/4.8.3/../../../../arm-none-eabi/lib/armv7-m/libc.a(lib_a-strchr.o)
                0x00000000000810f8                strchr
 .text.sulp     0x00000000000811ec       0x40 /Users/mikekim/Library/Arduino15/packages/arduino/tools/arm-none-eabi-gcc/4.8.3-2014q1/bin/../lib/gcc/arm-none-eabi/4.8.3/../../../../arm-none-eabi/lib/armv7-m/libc.a(lib_a-strtod.o)
 *fill*         0x000000000008122c        0x4 
 .text._strtod_r
                0x0000000000081230      0xf38 /Users/mikekim/Library/Arduino15/packages/arduino/tools/arm-none-eabi-gcc/4.8.3-2014q1/bin/../lib/gcc/arm-none-eabi/4.8.3/../../../../arm-none-eabi/lib/armv7-m/libc.a(lib_a-strtod.o)
                0x0000000000081230                _strtod_r
 .text.strtod   0x0000000000082168       0x10 /Users/mikekim/Library/Arduino15/packages/arduino/tools/arm-none-eabi-gcc/4.8.3-2014q1/bin/../lib/gcc/arm-none-eabi/4.8.3/../../../../arm-none-eabi/lib/armv7-m/libc.a(lib_a-strtod.o)
                0x0000000000082168                strtod
 .text.kill     0x0000000000082178       0x10 /Users/mikekim/Library/Arduino15/packages/arduino/tools/arm-none-eabi-gcc/4.8.3-2014q1/bin/../lib/gcc/arm-none-eabi/4.8.3/../../../../arm-none-eabi/lib/armv7-m/libc.a(lib_a-syskill.o)
                0x0000000000082178                kill
 .text.startup.register_fini
                0x0000000000082188       0x14 /Users/mikekim/Library/Arduino15/packages/arduino/tools/arm-none-eabi-gcc/4.8.3-2014q1/bin/../lib/gcc/arm-none-eabi/4.8.3/../../../../arm-none-eabi/lib/armv7-m/libc.a(lib_a-__call_atexit.o)
 .text.atexit   0x000000000008219c        0xc /Users/mikekim/Library/Arduino15/packages/arduino/tools/arm-none-eabi-gcc/4.8.3-2014q1/bin/../lib/gcc/arm-none-eabi/4.8.3/../../../../arm-none-eabi/lib/armv7-m/libc.a(lib_a-atexit.o)
                0x000000000008219c                atexit
 .text.__libc_fini_array
                0x00000000000821a8       0x30 /Users/mikekim/Library/Arduino15/packages/arduino/tools/arm-none-eabi-gcc/4.8.3-2014q1/bin/../lib/gcc/arm-none-eabi/4.8.3/../../../../arm-none-eabi/lib/armv7-m/libc.a(lib_a-fini.o)
                0x00000000000821a8                __libc_fini_array
 .text.rshift   0x00000000000821d8       0xa0 /Users/mikekim/Library/Arduino15/packages/arduino/tools/arm-none-eabi-gcc/4.8.3-2014q1/bin/../lib/gcc/arm-none-eabi/4.8.3/../../../../arm-none-eabi/lib/armv7-m/libc.a(lib_a-gdtoa-gethex.o)
 .text.__gethex
                0x0000000000082278      0x52c /Users/mikekim/Library/Arduino15/packages/arduino/tools/arm-none-eabi-gcc/4.8.3-2014q1/bin/../lib/gcc/arm-none-eabi/4.8.3/../../../../arm-none-eabi/lib/armv7-m/libc.a(lib_a-gdtoa-gethex.o)
                0x0000000000082278                __gethex
 .text.__hexnan
                0x00000000000827a4      0x194 /Users/mikekim/Library/Arduino15/packages/arduino/tools/arm-none-eabi-gcc/4.8.3-2014q1/bin/../lib/gcc/arm-none-eabi/4.8.3/../../../../arm-none-eabi/lib/armv7-m/libc.a(lib_a-gdtoa-hexnan.o)
                0x00000000000827a4                __hexnan
 .text._localeconv_r
                0x0000000000082938        0x8 /Users/mikekim/Library/Arduino15/packages/arduino/tools/arm-none-eabi-gcc/4.8.3-2014q1/bin/../lib/gcc/arm-none-eabi/4.8.3/../../../../arm-none-eabi/lib/armv7-m/libc.a(lib_a-locale.o)
                0x0000000000082938                _localeconv_r
 .text          0x0000000000082940       0xec /Users/mikekim/Library/Arduino15/packages/arduino/tools/arm-none-eabi-gcc/4.8.3-2014q1/bin/../lib/gcc/arm-none-eabi/4.8.3/../../../../arm-none-eabi/lib/armv7-m/libc.a(lib_a-memcpy.o)
                0x0000000000082940                memcpy
 .text._Balloc  0x0000000000082a2c       0x4c /Users/mikekim/Library/Arduino15/packages/arduino/tools/arm-none-eabi-gcc/4.8.3-2014q1/bin/../lib/gcc/arm-none-eabi/4.8.3/../../../../arm-none-eabi/lib/armv7-m/libc.a(lib_a-mprec.o)
                0x0000000000082a2c                _Balloc
 .text._Bfree   0x0000000000082a78       0x14 /Users/mikekim/Library/Arduino15/packages/arduino/tools/arm-none-eabi-gcc/4.8.3-2014q1/bin/../lib/gcc/arm-none-eabi/4.8.3/../../../../arm-none-eabi/lib/armv7-m/libc.a(lib_a-mprec.o)
                0x0000000000082a78                _Bfree
 .text.__multadd
                0x0000000000082a8c       0x94 /Users/mikekim/Library/Arduino15/packages/arduino/tools/arm-none-eabi-gcc/4.8.3-2014q1/bin/../lib/gcc/arm-none-eabi/4.8.3/../../../../arm-none-eabi/lib/armv7-m/libc.a(lib_a-mprec.o)
                0x0000000000082a8c                __multadd
 .text.__s2b    0x0000000000082b20       0x98 /Users/mikekim/Library/Arduino15/packages/arduino/tools/arm-none-eabi-gcc/4.8.3-2014q1/bin/../lib/gcc/arm-none-eabi/4.8.3/../../../../arm-none-eabi/lib/armv7-m/libc.a(lib_a-mprec.o)
                0x0000000000082b20                __s2b
 .text.__hi0bits
                0x0000000000082bb8       0x40 /Users/mikekim/Library/Arduino15/packages/arduino/tools/arm-none-eabi-gcc/4.8.3-2014q1/bin/../lib/gcc/arm-none-eabi/4.8.3/../../../../arm-none-eabi/lib/armv7-m/libc.a(lib_a-mprec.o)
                0x0000000000082bb8                __hi0bits
 .text.__lo0bits
                0x0000000000082bf8       0x5c /Users/mikekim/Library/Arduino15/packages/arduino/tools/arm-none-eabi-gcc/4.8.3-2014q1/bin/../lib/gcc/arm-none-eabi/4.8.3/../../../../arm-none-eabi/lib/armv7-m/libc.a(lib_a-mprec.o)
                0x0000000000082bf8                __lo0bits
 .text.__i2b    0x0000000000082c54       0x14 /Users/mikekim/Library/Arduino15/packages/arduino/tools/arm-none-eabi-gcc/4.8.3-2014q1/bin/../lib/gcc/arm-none-eabi/4.8.3/../../../../arm-none-eabi/lib/armv7-m/libc.a(lib_a-mprec.o)
                0x0000000000082c54                __i2b
 .text.__multiply
                0x0000000000082c68      0x13c /Users/mikekim/Library/Arduino15/packages/arduino/tools/arm-none-eabi-gcc/4.8.3-2014q1/bin/../lib/gcc/arm-none-eabi/4.8.3/../../../../arm-none-eabi/lib/armv7-m/libc.a(lib_a-mprec.o)
                0x0000000000082c68                __multiply
 .text.__pow5mult
                0x0000000000082da4       0x9c /Users/mikekim/Library/Arduino15/packages/arduino/tools/arm-none-eabi-gcc/4.8.3-2014q1/bin/../lib/gcc/arm-none-eabi/4.8.3/../../../../arm-none-eabi/lib/armv7-m/libc.a(lib_a-mprec.o)
                0x0000000000082da4                __pow5mult
 .text.__lshift
                0x0000000000082e40       0xbc /Users/mikekim/Library/Arduino15/packages/arduino/tools/arm-none-eabi-gcc/4.8.3-2014q1/bin/../lib/gcc/arm-none-eabi/4.8.3/../../../../arm-none-eabi/lib/armv7-m/libc.a(lib_a-mprec.o)
                0x0000000000082e40                __lshift
 .text.__mcmp   0x0000000000082efc       0x48 /Users/mikekim/Library/Arduino15/packages/arduino/tools/arm-none-eabi-gcc/4.8.3-2014q1/bin/../lib/gcc/arm-none-eabi/4.8.3/../../../../arm-none-eabi/lib/armv7-m/libc.a(lib_a-mprec.o)
                0x0000000000082efc                __mcmp
 .text.__mdiff  0x0000000000082f44       0xd8 /Users/mikekim/Library/Arduino15/packages/arduino/tools/arm-none-eabi-gcc/4.8.3-2014q1/bin/../lib/gcc/arm-none-eabi/4.8.3/../../../../arm-none-eabi/lib/armv7-m/libc.a(lib_a-mprec.o)
                0x0000000000082f44                __mdiff
 .text.__ulp    0x000000000008301c       0x40 /Users/mikekim/Library/Arduino15/packages/arduino/tools/arm-none-eabi-gcc/4.8.3-2014q1/bin/../lib/gcc/arm-none-eabi/4.8.3/../../../../arm-none-eabi/lib/armv7-m/libc.a(lib_a-mprec.o)
                0x000000000008301c                __ulp
 .text.__b2d    0x000000000008305c       0xb8 /Users/mikekim/Library/Arduino15/packages/arduino/tools/arm-none-eabi-gcc/4.8.3-2014q1/bin/../lib/gcc/arm-none-eabi/4.8.3/../../../../arm-none-eabi/lib/armv7-m/libc.a(lib_a-mprec.o)
                0x000000000008305c                __b2d
 .text.__d2b    0x0000000000083114       0xbc /Users/mikekim/Library/Arduino15/packages/arduino/tools/arm-none-eabi-gcc/4.8.3-2014q1/bin/../lib/gcc/arm-none-eabi/4.8.3/../../../../arm-none-eabi/lib/armv7-m/libc.a(lib_a-mprec.o)
                0x0000000000083114                __d2b
 .text.__ratio  0x00000000000831d0       0x50 /Users/mikekim/Library/Arduino15/packages/arduino/tools/arm-none-eabi-gcc/4.8.3-2014q1/bin/../lib/gcc/arm-none-eabi/4.8.3/../../../../arm-none-eabi/lib/armv7-m/libc.a(lib_a-mprec.o)
                0x00000000000831d0                __ratio
 .text.__copybits
                0x0000000000083220       0x48 /Users/mikekim/Library/Arduino15/packages/arduino/tools/arm-none-eabi-gcc/4.8.3-2014q1/bin/../lib/gcc/arm-none-eabi/4.8.3/../../../../arm-none-eabi/lib/armv7-m/libc.a(lib_a-mprec.o)
                0x0000000000083220                __copybits
 .text.__any_on
                0x0000000000083268       0x60 /Users/mikekim/Library/Arduino15/packages/arduino/tools/arm-none-eabi-gcc/4.8.3-2014q1/bin/../lib/gcc/arm-none-eabi/4.8.3/../../../../arm-none-eabi/lib/armv7-m/libc.a(lib_a-mprec.o)
                0x0000000000083268                __any_on
 .text._kill_r  0x00000000000832c8       0x28 /Users/mikekim/Library/Arduino15/packages/arduino/tools/arm-none-eabi-gcc/4.8.3-2014q1/bin/../lib/gcc/arm-none-eabi/4.8.3/../../../../arm-none-eabi/lib/armv7-m/libc.a(lib_a-signalr.o)
                0x00000000000832c8                _kill_r
 .text.strlen   0x00000000000832f0       0x60 /Users/mikekim/Library/Arduino15/packages/arduino/tools/arm-none-eabi-gcc/4.8.3-2014q1/bin/../lib/gcc/arm-none-eabi/4.8.3/../../../../arm-none-eabi/lib/armv7-m/libc.a(lib_a-strlen.o)
                0x00000000000832f0                strlen
 .text.strncmp  0x0000000000083350       0xb4 /Users/mikekim/Library/Arduino15/packages/arduino/tools/arm-none-eabi-gcc/4.8.3-2014q1/bin/../lib/gcc/arm-none-eabi/4.8.3/../../../../arm-none-eabi/lib/armv7-m/libc.a(lib_a-strncmp.o)
                0x0000000000083350                strncmp
 .text.__register_exitproc
                0x0000000000083404       0xa8 /Users/mikekim/Library/Arduino15/packages/arduino/tools/arm-none-eabi-gcc/4.8.3-2014q1/bin/../lib/gcc/arm-none-eabi/4.8.3/../../../../arm-none-eabi/lib/armv7-m/libc.a(lib_a-__atexit.o)
                0x0000000000083404                __register_exitproc
 .text._calloc_r
                0x00000000000834ac       0x60 /Users/mikekim/Library/Arduino15/packages/arduino/tools/arm-none-eabi-gcc/4.8.3-2014q1/bin/../lib/gcc/arm-none-eabi/4.8.3/../../../../arm-none-eabi/lib/armv7-m/libc.a(lib_a-callocr.o)
                0x00000000000834ac                _calloc_r
 .text._malloc_r
                0x000000000008350c      0x538 /Users/mikekim/Library/Arduino15/packages/arduino/tools/arm-none-eabi-gcc/4.8.3-2014q1/bin/../lib/gcc/arm-none-eabi/4.8.3/../../../../arm-none-eabi/lib/armv7-m/libc.a(lib_a-mallocr.o)
                0x000000000008350c                _malloc_r
 .text.__malloc_lock
                0x0000000000083a44        0x4 /Users/mikekim/Library/Arduino15/packages/arduino/tools/arm-none-eabi-gcc/4.8.3-2014q1/bin/../lib/gcc/arm-none-eabi/4.8.3/../../../../arm-none-eabi/lib/armv7-m/libc.a(lib_a-mlock.o)
                0x0000000000083a44                __malloc_lock
 .text.__malloc_unlock
                0x0000000000083a48        0x4 /Users/mikekim/Library/Arduino15/packages/arduino/tools/arm-none-eabi-gcc/4.8.3-2014q1/bin/../lib/gcc/arm-none-eabi/4.8.3/../../../../arm-none-eabi/lib/armv7-m/libc.a(lib_a-mlock.o)
                0x0000000000083a48                __malloc_unlock
 .text._sbrk_r  0x0000000000083a4c       0x24 /Users/mikekim/Library/Arduino15/packages/arduino/tools/arm-none-eabi-gcc/4.8.3-2014q1/bin/../lib/gcc/arm-none-eabi/4.8.3/../../../../arm-none-eabi/lib/armv7-m/libc.a(lib_a-sbrkr.o)
                0x0000000000083a4c                _sbrk_r
 .text._malloc_trim_r
                0x0000000000083a70       0x9c /Users/mikekim/Library/Arduino15/packages/arduino/tools/arm-none-eabi-gcc/4.8.3-2014q1/bin/../lib/gcc/arm-none-eabi/4.8.3/../../../../arm-none-eabi/lib/armv7-m/libc.a(lib_a-freer.o)
                0x0000000000083a70                _malloc_trim_r
 .text._free_r  0x0000000000083b0c      0x198 /Users/mikekim/Library/Arduino15/packages/arduino/tools/arm-none-eabi-gcc/4.8.3-2014q1/bin/../lib/gcc/arm-none-eabi/4.8.3/../../../../arm-none-eabi/lib/armv7-m/libc.a(lib_a-freer.o)
                0x0000000000083b0c                _free_r
 *(.glue_7t)
 .glue_7t       0x0000000000000000        0x0 linker stubs
 *(.glue_7)
 .glue_7        0x0000000000000000        0x0 linker stubs
 *(.rodata .rodata* .gnu.linkonce.r.*)
 .rodata        0x0000000000083ca4        0xc mkZoeRobotics_serial.o
 .rodata.str1.1
                0x0000000000083cb0       0x26 mkZoeRobotics_main.o
 *fill*         0x0000000000083cd6        0x2 
 .rodata.str1.4
                0x0000000000083cd8        0x2 /Users/mikekim/Library/Arduino15/packages/arduino/tools/arm-none-eabi-gcc/4.8.3-2014q1/bin/../lib/gcc/arm-none-eabi/4.8.3/../../../../arm-none-eabi/lib/armv7-m/libc.a(lib_a-impure.o)
                                          0x4 (size before relaxing)
 *fill*         0x0000000000083cda        0x2 
 .rodata._global_impure_ptr
                0x0000000000083cdc        0x4 /Users/mikekim/Library/Arduino15/packages/arduino/tools/arm-none-eabi-gcc/4.8.3-2014q1/bin/../lib/gcc/arm-none-eabi/4.8.3/../../../../arm-none-eabi/lib/armv7-m/libc.a(lib_a-impure.o)
                0x0000000000083cdc                _global_impure_ptr
 .rodata.fpi.5235
                0x0000000000083ce0       0x14 /Users/mikekim/Library/Arduino15/packages/arduino/tools/arm-none-eabi-gcc/4.8.3-2014q1/bin/../lib/gcc/arm-none-eabi/4.8.3/../../../../arm-none-eabi/lib/armv7-m/libc.a(lib_a-strtod.o)
 .rodata.fpinan.5271
                0x0000000000083cf4       0x14 /Users/mikekim/Library/Arduino15/packages/arduino/tools/arm-none-eabi-gcc/4.8.3-2014q1/bin/../lib/gcc/arm-none-eabi/4.8.3/../../../../arm-none-eabi/lib/armv7-m/libc.a(lib_a-strtod.o)
 .rodata.str1.4
                0x0000000000083d08        0xf /Users/mikekim/Library/Arduino15/packages/arduino/tools/arm-none-eabi-gcc/4.8.3-2014q1/bin/../lib/gcc/arm-none-eabi/4.8.3/../../../../arm-none-eabi/lib/armv7-m/libc.a(lib_a-strtod.o)
                                         0x10 (size before relaxing)
 *fill*         0x0000000000083d17        0x1 
 .rodata.tinytens
                0x0000000000083d18       0x28 /Users/mikekim/Library/Arduino15/packages/arduino/tools/arm-none-eabi-gcc/4.8.3-2014q1/bin/../lib/gcc/arm-none-eabi/4.8.3/../../../../arm-none-eabi/lib/armv7-m/libc.a(lib_a-strtod.o)
 .rodata.__hexdig
                0x0000000000083d40      0x100 /Users/mikekim/Library/Arduino15/packages/arduino/tools/arm-none-eabi-gcc/4.8.3-2014q1/bin/../lib/gcc/arm-none-eabi/4.8.3/../../../../arm-none-eabi/lib/armv7-m/libc.a(lib_a-gdtoa-gethex.o)
                0x0000000000083d40                __hexdig
 .rodata.str1.4
                0x0000000000083e40       0x10 /Users/mikekim/Library/Arduino15/packages/arduino/tools/arm-none-eabi-gcc/4.8.3-2014q1/bin/../lib/gcc/arm-none-eabi/4.8.3/../../../../arm-none-eabi/lib/armv7-m/libc.a(lib_a-locale.o)
                                         0x14 (size before relaxing)
 .rodata.__mprec_tens
                0x0000000000083e50       0xc8 /Users/mikekim/Library/Arduino15/packages/arduino/tools/arm-none-eabi-gcc/4.8.3-2014q1/bin/../lib/gcc/arm-none-eabi/4.8.3/../../../../arm-none-eabi/lib/armv7-m/libc.a(lib_a-mprec.o)
                0x0000000000083e50                __mprec_tens
 .rodata.__mprec_bigtens
                0x0000000000083f18       0x28 /Users/mikekim/Library/Arduino15/packages/arduino/tools/arm-none-eabi-gcc/4.8.3-2014q1/bin/../lib/gcc/arm-none-eabi/4.8.3/../../../../arm-none-eabi/lib/armv7-m/libc.a(lib_a-mprec.o)
                0x0000000000083f18                __mprec_bigtens
 .rodata.p05.5266
                0x0000000000083f40        0xc /Users/mikekim/Library/Arduino15/packages/arduino/tools/arm-none-eabi-gcc/4.8.3-2014q1/bin/../lib/gcc/arm-none-eabi/4.8.3/../../../../arm-none-eabi/lib/armv7-m/libc.a(lib_a-mprec.o)
 *(.ARM.extab* .gnu.linkonce.armextab.*)
                0x0000000000083f4c                . = ALIGN (0x4)
 *(.init)
 .init          0x0000000000083f4c        0x4 /Users/mikekim/Library/Arduino15/packages/arduino/tools/arm-none-eabi-gcc/4.8.3-2014q1/bin/../lib/gcc/arm-none-eabi/4.8.3/armv7-m/crti.o
                0x0000000000083f4c                _init
 .init          0x0000000000083f50        0x8 /Users/mikekim/Library/Arduino15/packages/arduino/tools/arm-none-eabi-gcc/4.8.3-2014q1/bin/../lib/gcc/arm-none-eabi/4.8.3/armv7-m/crtn.o
                0x0000000000083f58                . = ALIGN (0x4)
                0x0000000000083f58                __preinit_array_start = .
 *(.preinit_array)
                0x0000000000083f58                __preinit_array_end = .
                0x0000000000083f58                . = ALIGN (0x4)
                0x0000000000083f58                __init_array_start = .
 *(SORT(.init_array.*))
 .init_array.00000
                0x0000000000083f58        0x4 /Users/mikekim/Library/Arduino15/packages/arduino/tools/arm-none-eabi-gcc/4.8.3-2014q1/bin/../lib/gcc/arm-none-eabi/4.8.3/../../../../arm-none-eabi/lib/armv7-m/libc.a(lib_a-__call_atexit.o)
 *(.init_array)
 .init_array    0x0000000000083f5c        0x4 /Users/mikekim/Library/Arduino15/packages/arduino/tools/arm-none-eabi-gcc/4.8.3-2014q1/bin/../lib/gcc/arm-none-eabi/4.8.3/armv7-m/crtbegin.o
 .init_array    0x0000000000083f60        0x4 mkZoeRobotics_serial.o
                0x0000000000083f64                __init_array_end = .
                0x0000000000083f64                . = ALIGN (0x4)
 *crtbegin.o(.ctors)
 *(EXCLUDE_FILE(*crtend.o) .ctors)
 *(SORT(.ctors.*))
 *crtend.o(.ctors)
                0x0000000000083f64                . = ALIGN (0x4)
 *(.fini)
 .fini          0x0000000000083f64        0x4 /Users/mikekim/Library/Arduino15/packages/arduino/tools/arm-none-eabi-gcc/4.8.3-2014q1/bin/../lib/gcc/arm-none-eabi/4.8.3/armv7-m/crti.o
                0x0000000000083f64                _fini
 .fini          0x0000000000083f68        0x8 /Users/mikekim/Library/Arduino15/packages/arduino/tools/arm-none-eabi-gcc/4.8.3-2014q1/bin/../lib/gcc/arm-none-eabi/4.8.3/armv7-m/crtn.o
                0x0000000000083f70                . = ALIGN (0x4)
                0x0000000000083f70                __fini_array_start = .
 *(.fini_array)
 .fini_array    0x0000000000083f70        0x4 /Users/mikekim/Library/Arduino15/packages/arduino/tools/arm-none-eabi-gcc/4.8.3-2014q1/bin/../lib/gcc/arm-none-eabi/4.8.3/armv7-m/crtbegin.o
 *(SORT(.fini_array.*))
                0x0000000000083f74                __fini_array_end = .
 *crtbegin.o(.dtors)
 *(EXCLUDE_FILE(*crtend.o) .dtors)
 *(SORT(.dtors.*))
 *crtend.o(.dtors)
                0x0000000000083f74                . = ALIGN (0x4)
                0x0000000000083f74                _efixed = .
                0x0000000000083f74                PROVIDE (__exidx_start, .)

.vfp11_veneer   0x0000000000083f74        0x0
 .vfp11_veneer  0x0000000000000000        0x0 linker stubs

.v4_bx          0x0000000000083f74        0x0
 .v4_bx         0x0000000000000000        0x0 linker stubs

.iplt           0x0000000000083f74        0x0
 .iplt          0x0000000000000000        0x0 /Users/mikekim/Library/Arduino15/packages/arduino/tools/arm-none-eabi-gcc/4.8.3-2014q1/bin/../lib/gcc/arm-none-eabi/4.8.3/armv7-m/crtbegin.o

.eh_frame       0x0000000000083f74        0x0
 .eh_frame      0x0000000000083f74        0x0 /Users/mikekim/Library/Arduino15/packages/arduino/tools/arm-none-eabi-gcc/4.8.3-2014q1/bin/../lib/gcc/arm-none-eabi/4.8.3/armv7-m/crtbegin.o

.rel.dyn        0x0000000000083f74        0x0
 .rel.iplt      0x0000000000000000        0x0 /Users/mikekim/Library/Arduino15/packages/arduino/tools/arm-none-eabi-gcc/4.8.3-2014q1/bin/../lib/gcc/arm-none-eabi/4.8.3/armv7-m/crtbegin.o

.jcr            0x0000000000083f74        0x0
 .jcr           0x0000000000083f74        0x0 /Users/mikekim/Library/Arduino15/packages/arduino/tools/arm-none-eabi-gcc/4.8.3-2014q1/bin/../lib/gcc/arm-none-eabi/4.8.3/armv7-m/crtbegin.o

.igot.plt       0x0000000000083f74        0x0
 .igot.plt      0x0000000000000000        0x0 /Users/mikekim/Library/Arduino15/packages/arduino/tools/arm-none-eabi-gcc/4.8.3-2014q1/bin/../lib/gcc/arm-none-eabi/4.8.3/armv7-m/crtbegin.o

.ARM.exidx
 *(.ARM.exidx* .gnu.linkonce.armexidx.*)
                0x0000000000083f74                PROVIDE (__exidx_end, .)
                0x0000000000083f74                . = ALIGN (0x4)
                0x0000000000083f74                _etext = .

.relocate       0x0000000020070000      0x8ac load address 0x0000000000083f74
                0x0000000020070000                . = ALIGN (0x4)
                0x0000000020070000                _srelocate = .
 *(.ramfunc .ramfunc.*)
 .ramfunc       0x0000000020070000       0x2c /Users/mikekim/Developer/ZoeRobotics_project/ArduinoCore-sam-master/core.a(Reset.cpp.o)
                0x0000000020070000                banzai
 *(.data .data.*)
 .data.SystemCoreClock
                0x000000002007002c        0x4 /Users/mikekim/Developer/ZoeRobotics_project/ArduinoCore-sam-master/libsam_sam3x8e_gcc_rel.a(system_sam3xa.o)
                0x000000002007002c                SystemCoreClock
 .data._ZL5ticks
                0x0000000020070030        0x4 /Users/mikekim/Developer/ZoeRobotics_project/ArduinoCore-sam-master/core.a(Reset.cpp.o)
 *fill*         0x0000000020070034        0x4 
 .data.impure_data
                0x0000000020070038      0x428 /Users/mikekim/Library/Arduino15/packages/arduino/tools/arm-none-eabi-gcc/4.8.3-2014q1/bin/../lib/gcc/arm-none-eabi/4.8.3/../../../../arm-none-eabi/lib/armv7-m/libc.a(lib_a-impure.o)
 .data._impure_ptr
                0x0000000020070460        0x4 /Users/mikekim/Library/Arduino15/packages/arduino/tools/arm-none-eabi-gcc/4.8.3-2014q1/bin/../lib/gcc/arm-none-eabi/4.8.3/../../../../arm-none-eabi/lib/armv7-m/libc.a(lib_a-impure.o)
                0x0000000020070460                _impure_ptr
 .data.lconv    0x0000000020070464       0x38 /Users/mikekim/Library/Arduino15/packages/arduino/tools/arm-none-eabi-gcc/4.8.3-2014q1/bin/../lib/gcc/arm-none-eabi/4.8.3/../../../../arm-none-eabi/lib/armv7-m/libc.a(lib_a-locale.o)
 .data.__malloc_av_
                0x000000002007049c      0x408 /Users/mikekim/Library/Arduino15/packages/arduino/tools/arm-none-eabi-gcc/4.8.3-2014q1/bin/../lib/gcc/arm-none-eabi/4.8.3/../../../../arm-none-eabi/lib/armv7-m/libc.a(lib_a-mallocr.o)
                0x000000002007049c                __malloc_av_
 .data.__malloc_trim_threshold
                0x00000000200708a4        0x4 /Users/mikekim/Library/Arduino15/packages/arduino/tools/arm-none-eabi-gcc/4.8.3-2014q1/bin/../lib/gcc/arm-none-eabi/4.8.3/../../../../arm-none-eabi/lib/armv7-m/libc.a(lib_a-mallocr.o)
                0x00000000200708a4                __malloc_trim_threshold
 .data.__malloc_sbrk_base
                0x00000000200708a8        0x4 /Users/mikekim/Library/Arduino15/packages/arduino/tools/arm-none-eabi-gcc/4.8.3-2014q1/bin/../lib/gcc/arm-none-eabi/4.8.3/../../../../arm-none-eabi/lib/armv7-m/libc.a(lib_a-mallocr.o)
                0x00000000200708a8                __malloc_sbrk_base
                0x00000000200708ac                . = ALIGN (0x4)
                0x00000000200708ac                _erelocate = .

.bss            0x00000000200708ac      0x494 load address 0x0000000000084820
                0x00000000200708ac                . = ALIGN (0x4)
                0x00000000200708ac                _sbss = .
                0x00000000200708ac                _szero = .
 *(.bss .bss.*)
 .bss           0x00000000200708ac       0x1c /Users/mikekim/Library/Arduino15/packages/arduino/tools/arm-none-eabi-gcc/4.8.3-2014q1/bin/../lib/gcc/arm-none-eabi/4.8.3/armv7-m/crtbegin.o
 .bss.mkSerial  0x00000000200708c8       0x98 mkZoeRobotics_serial.o
                0x00000000200708c8                mkSerial
 .bss._ZL6buflen
                0x0000000020070960        0x4 mkZoeRobotics_main.o
 .bss._ZL12comment_mode
                0x0000000020070964        0x1 mkZoeRobotics_main.o
 *fill*         0x0000000020070965        0x3 
 .bss._ZL14strchr_pointer
                0x0000000020070968        0x4 mkZoeRobotics_main.o
 .bss._ZL12serial_count
                0x000000002007096c        0x4 mkZoeRobotics_main.o
 .bss._ZL6fromsd
                0x0000000020070970        0x4 mkZoeRobotics_main.o
 .bss._ZL11serial_char
                0x0000000020070974        0x1 mkZoeRobotics_main.o
 *fill*         0x0000000020070975        0x3 
 .bss._ZL7bufindw
                0x0000000020070978        0x4 mkZoeRobotics_main.o
 .bss._ZL9cmdbuffer
                0x000000002007097c      0x180 mkZoeRobotics_main.o
 .bss._dwTickCount
                0x0000000020070afc        0x4 /Users/mikekim/Developer/ZoeRobotics_project/ArduinoCore-sam-master/libsam_sam3x8e_gcc_rel.a(timetick.o)
 .bss.gpf_isr   0x0000000020070b00        0x4 /Users/mikekim/Developer/ZoeRobotics_project/ArduinoCore-sam-master/libsam_sam3x8e_gcc_rel.a(uotghs.o)
                0x0000000020070b00                gpf_isr
 .bss.callbacksPioA
                0x0000000020070b04       0x80 /Users/mikekim/Developer/ZoeRobotics_project/ArduinoCore-sam-master/core.a(WInterrupts.c.o)
 .bss.callbacksPioB
                0x0000000020070b84       0x80 /Users/mikekim/Developer/ZoeRobotics_project/ArduinoCore-sam-master/core.a(WInterrupts.c.o)
 .bss.callbacksPioC
                0x0000000020070c04       0x80 /Users/mikekim/Developer/ZoeRobotics_project/ArduinoCore-sam-master/core.a(WInterrupts.c.o)
 .bss.callbacksPioD
                0x0000000020070c84       0x80 /Users/mikekim/Developer/ZoeRobotics_project/ArduinoCore-sam-master/core.a(WInterrupts.c.o)
 .bss.heap.6420
                0x0000000020070d04        0x4 /Users/mikekim/Developer/ZoeRobotics_project/ArduinoCore-sam-master/core.a(syscalls_sam3.c.o)
 .bss.__malloc_max_total_mem
                0x0000000020070d08        0x4 /Users/mikekim/Library/Arduino15/packages/arduino/tools/arm-none-eabi-gcc/4.8.3-2014q1/bin/../lib/gcc/arm-none-eabi/4.8.3/../../../../arm-none-eabi/lib/armv7-m/libc.a(lib_a-mallocr.o)
                0x0000000020070d08                __malloc_max_total_mem
 .bss.__malloc_max_sbrked_mem
                0x0000000020070d0c        0x4 /Users/mikekim/Library/Arduino15/packages/arduino/tools/arm-none-eabi-gcc/4.8.3-2014q1/bin/../lib/gcc/arm-none-eabi/4.8.3/../../../../arm-none-eabi/lib/armv7-m/libc.a(lib_a-mallocr.o)
                0x0000000020070d0c                __malloc_max_sbrked_mem
 .bss.__malloc_top_pad
                0x0000000020070d10        0x4 /Users/mikekim/Library/Arduino15/packages/arduino/tools/arm-none-eabi-gcc/4.8.3-2014q1/bin/../lib/gcc/arm-none-eabi/4.8.3/../../../../arm-none-eabi/lib/armv7-m/libc.a(lib_a-mallocr.o)
                0x0000000020070d10                __malloc_top_pad
 .bss.__malloc_current_mallinfo
                0x0000000020070d14       0x28 /Users/mikekim/Library/Arduino15/packages/arduino/tools/arm-none-eabi-gcc/4.8.3-2014q1/bin/../lib/gcc/arm-none-eabi/4.8.3/../../../../arm-none-eabi/lib/armv7-m/libc.a(lib_a-mallocr.o)
                0x0000000020070d14                __malloc_current_mallinfo
 *(COMMON)
 COMMON         0x0000000020070d3c        0x4 /Users/mikekim/Library/Arduino15/packages/arduino/tools/arm-none-eabi-gcc/4.8.3-2014q1/bin/../lib/gcc/arm-none-eabi/4.8.3/../../../../arm-none-eabi/lib/armv7-m/libc.a(lib_a-reent.o)
                0x0000000020070d3c                errno
                0x0000000020070d40                . = ALIGN (0x4)
                0x0000000020070d40                _ebss = .
                0x0000000020070d40                _ezero = .
                0x0000000020070d40                . = ALIGN (0x4)
                0x0000000020070d40                _end = .

.stack_dummy    0x0000000020070d40        0x0
 *(.stack*)
                0x0000000020088000                __StackTop = (ORIGIN (ram) + 0x18000)
                0x0000000020088000                __StackLimit = (__StackTop - SIZEOF (.stack_dummy))
                0x0000000020088000                PROVIDE (_sstack, __StackLimit)
                0x0000000020088000                PROVIDE (_estack, __StackTop)
OUTPUT(mkZoeRobotics_main.elf elf32-littlearm)

.ARM.attributes
                0x0000000000000000       0x29
 .ARM.attributes
                0x0000000000000000       0x1d /Users/mikekim/Library/Arduino15/packages/arduino/tools/arm-none-eabi-gcc/4.8.3-2014q1/bin/../lib/gcc/arm-none-eabi/4.8.3/armv7-m/crti.o
 .ARM.attributes
                0x000000000000001d       0x2d /Users/mikekim/Library/Arduino15/packages/arduino/tools/arm-none-eabi-gcc/4.8.3-2014q1/bin/../lib/gcc/arm-none-eabi/4.8.3/armv7-m/crtbegin.o
 .ARM.attributes
                0x000000000000004a       0x33 mkZoeRobotics_serial.o
 .ARM.attributes
                0x000000000000007d       0x33 mkZoeRobotics_main.o
 .ARM.attributes
                0x00000000000000b0       0x33 /Users/mikekim/Developer/ZoeRobotics_project/ArduinoCore-sam-master/libsam_sam3x8e_gcc_rel.a(timetick.o)
 .ARM.attributes
                0x00000000000000e3       0x33 /Users/mikekim/Developer/ZoeRobotics_project/ArduinoCore-sam-master/libsam_sam3x8e_gcc_rel.a(system_sam3xa.o)
 .ARM.attributes
                0x0000000000000116       0x33 /Users/mikekim/Developer/ZoeRobotics_project/ArduinoCore-sam-master/libsam_sam3x8e_gcc_rel.a(startup_sam3xa.o)
 .ARM.attributes
                0x0000000000000149       0x33 /Users/mikekim/Developer/ZoeRobotics_project/ArduinoCore-sam-master/libsam_sam3x8e_gcc_rel.a(uotghs.o)
 .ARM.attributes
                0x000000000000017c       0x33 /Users/mikekim/Developer/ZoeRobotics_project/ArduinoCore-sam-master/core.a(WInterrupts.c.o)
 .ARM.attributes
                0x00000000000001af       0x33 /Users/mikekim/Developer/ZoeRobotics_project/ArduinoCore-sam-master/core.a(cortex_handlers.c.o)
 .ARM.attributes
                0x00000000000001e2       0x33 /Users/mikekim/Developer/ZoeRobotics_project/ArduinoCore-sam-master/core.a(hooks.c.o)
 .ARM.attributes
                0x0000000000000215       0x33 /Users/mikekim/Developer/ZoeRobotics_project/ArduinoCore-sam-master/core.a(syscalls_sam3.c.o)
 .ARM.attributes
                0x0000000000000248       0x33 /Users/mikekim/Developer/ZoeRobotics_project/ArduinoCore-sam-master/core.a(Reset.cpp.o)
 .ARM.attributes
                0x000000000000027b       0x1d /Users/mikekim/Library/Arduino15/packages/arduino/tools/arm-none-eabi-gcc/4.8.3-2014q1/bin/../lib/gcc/arm-none-eabi/4.8.3/armv7-m/libgcc.a(_arm_addsubdf3.o)
 .ARM.attributes
                0x0000000000000298       0x1d /Users/mikekim/Library/Arduino15/packages/arduino/tools/arm-none-eabi-gcc/4.8.3-2014q1/bin/../lib/gcc/arm-none-eabi/4.8.3/armv7-m/libgcc.a(_arm_muldivdf3.o)
 .ARM.attributes
                0x00000000000002b5       0x1d /Users/mikekim/Library/Arduino15/packages/arduino/tools/arm-none-eabi-gcc/4.8.3-2014q1/bin/../lib/gcc/arm-none-eabi/4.8.3/armv7-m/libgcc.a(_arm_cmpdf2.o)
 .ARM.attributes
                0x00000000000002d2       0x1d /Users/mikekim/Library/Arduino15/packages/arduino/tools/arm-none-eabi-gcc/4.8.3-2014q1/bin/../lib/gcc/arm-none-eabi/4.8.3/armv7-m/libgcc.a(_arm_fixdfsi.o)
 .ARM.attributes
                0x00000000000002ef       0x1d /Users/mikekim/Library/Arduino15/packages/arduino/tools/arm-none-eabi-gcc/4.8.3-2014q1/bin/../lib/gcc/arm-none-eabi/4.8.3/armv7-m/libgcc.a(_arm_fixunsdfsi.o)
 .ARM.attributes
                0x000000000000030c       0x2d /Users/mikekim/Library/Arduino15/packages/arduino/tools/arm-none-eabi-gcc/4.8.3-2014q1/bin/../lib/gcc/arm-none-eabi/4.8.3/../../../../arm-none-eabi/lib/armv7-m/libc.a(lib_a-impure.o)
 .ARM.attributes
                0x0000000000000339       0x2d /Users/mikekim/Library/Arduino15/packages/arduino/tools/arm-none-eabi-gcc/4.8.3-2014q1/bin/../lib/gcc/arm-none-eabi/4.8.3/../../../../arm-none-eabi/lib/armv7-m/libc.a(lib_a-memset.o)
 .ARM.attributes
                0x0000000000000366       0x2d /Users/mikekim/Library/Arduino15/packages/arduino/tools/arm-none-eabi-gcc/4.8.3-2014q1/bin/../lib/gcc/arm-none-eabi/4.8.3/../../../../arm-none-eabi/lib/armv7-m/libc.a(lib_a-strchr.o)
 .ARM.attributes
                0x0000000000000393       0x2d /Users/mikekim/Library/Arduino15/packages/arduino/tools/arm-none-eabi-gcc/4.8.3-2014q1/bin/../lib/gcc/arm-none-eabi/4.8.3/../../../../arm-none-eabi/lib/armv7-m/libc.a(lib_a-strtod.o)
 .ARM.attributes
                0x00000000000003c0       0x2d /Users/mikekim/Library/Arduino15/packages/arduino/tools/arm-none-eabi-gcc/4.8.3-2014q1/bin/../lib/gcc/arm-none-eabi/4.8.3/../../../../arm-none-eabi/lib/armv7-m/libc.a(lib_a-syskill.o)
 .ARM.attributes
                0x00000000000003ed       0x2d /Users/mikekim/Library/Arduino15/packages/arduino/tools/arm-none-eabi-gcc/4.8.3-2014q1/bin/../lib/gcc/arm-none-eabi/4.8.3/../../../../arm-none-eabi/lib/armv7-m/libc.a(lib_a-__call_atexit.o)
 .ARM.attributes
                0x000000000000041a       0x2d /Users/mikekim/Library/Arduino15/packages/arduino/tools/arm-none-eabi-gcc/4.8.3-2014q1/bin/../lib/gcc/arm-none-eabi/4.8.3/../../../../arm-none-eabi/lib/armv7-m/libc.a(lib_a-atexit.o)
 .ARM.attributes
                0x0000000000000447       0x2d /Users/mikekim/Library/Arduino15/packages/arduino/tools/arm-none-eabi-gcc/4.8.3-2014q1/bin/../lib/gcc/arm-none-eabi/4.8.3/../../../../arm-none-eabi/lib/armv7-m/libc.a(lib_a-fini.o)
 .ARM.attributes
                0x0000000000000474       0x2d /Users/mikekim/Library/Arduino15/packages/arduino/tools/arm-none-eabi-gcc/4.8.3-2014q1/bin/../lib/gcc/arm-none-eabi/4.8.3/../../../../arm-none-eabi/lib/armv7-m/libc.a(lib_a-gdtoa-gethex.o)
 .ARM.attributes
                0x00000000000004a1       0x2d /Users/mikekim/Library/Arduino15/packages/arduino/tools/arm-none-eabi-gcc/4.8.3-2014q1/bin/../lib/gcc/arm-none-eabi/4.8.3/../../../../arm-none-eabi/lib/armv7-m/libc.a(lib_a-gdtoa-hexnan.o)
 .ARM.attributes
                0x00000000000004ce       0x2d /Users/mikekim/Library/Arduino15/packages/arduino/tools/arm-none-eabi-gcc/4.8.3-2014q1/bin/../lib/gcc/arm-none-eabi/4.8.3/../../../../arm-none-eabi/lib/armv7-m/libc.a(lib_a-locale.o)
 .ARM.attributes
                0x00000000000004fb       0x1b /Users/mikekim/Library/Arduino15/packages/arduino/tools/arm-none-eabi-gcc/4.8.3-2014q1/bin/../lib/gcc/arm-none-eabi/4.8.3/../../../../arm-none-eabi/lib/armv7-m/libc.a(lib_a-memcpy.o)
 .ARM.attributes
                0x0000000000000516       0x2d /Users/mikekim/Library/Arduino15/packages/arduino/tools/arm-none-eabi-gcc/4.8.3-2014q1/bin/../lib/gcc/arm-none-eabi/4.8.3/../../../../arm-none-eabi/lib/armv7-m/libc.a(lib_a-mprec.o)
 .ARM.attributes
                0x0000000000000543       0x2d /Users/mikekim/Library/Arduino15/packages/arduino/tools/arm-none-eabi-gcc/4.8.3-2014q1/bin/../lib/gcc/arm-none-eabi/4.8.3/../../../../arm-none-eabi/lib/armv7-m/libc.a(lib_a-signalr.o)
 .ARM.attributes
                0x0000000000000570       0x2d /Users/mikekim/Library/Arduino15/packages/arduino/tools/arm-none-eabi-gcc/4.8.3-2014q1/bin/../lib/gcc/arm-none-eabi/4.8.3/../../../../arm-none-eabi/lib/armv7-m/libc.a(lib_a-strlen.o)
 .ARM.attributes
                0x000000000000059d       0x2d /Users/mikekim/Library/Arduino15/packages/arduino/tools/arm-none-eabi-gcc/4.8.3-2014q1/bin/../lib/gcc/arm-none-eabi/4.8.3/../../../../arm-none-eabi/lib/armv7-m/libc.a(lib_a-strncmp.o)
 .ARM.attributes
                0x00000000000005ca       0x2d /Users/mikekim/Library/Arduino15/packages/arduino/tools/arm-none-eabi-gcc/4.8.3-2014q1/bin/../lib/gcc/arm-none-eabi/4.8.3/../../../../arm-none-eabi/lib/armv7-m/libc.a(lib_a-__atexit.o)
 .ARM.attributes
                0x00000000000005f7       0x2d /Users/mikekim/Library/Arduino15/packages/arduino/tools/arm-none-eabi-gcc/4.8.3-2014q1/bin/../lib/gcc/arm-none-eabi/4.8.3/../../../../arm-none-eabi/lib/armv7-m/libc.a(lib_a-callocr.o)
 .ARM.attributes
                0x0000000000000624       0x2d /Users/mikekim/Library/Arduino15/packages/arduino/tools/arm-none-eabi-gcc/4.8.3-2014q1/bin/../lib/gcc/arm-none-eabi/4.8.3/../../../../arm-none-eabi/lib/armv7-m/libc.a(lib_a-mallocr.o)
 .ARM.attributes
                0x0000000000000651       0x2d /Users/mikekim/Library/Arduino15/packages/arduino/tools/arm-none-eabi-gcc/4.8.3-2014q1/bin/../lib/gcc/arm-none-eabi/4.8.3/../../../../arm-none-eabi/lib/armv7-m/libc.a(lib_a-mlock.o)
 .ARM.attributes
                0x000000000000067e       0x2d /Users/mikekim/Library/Arduino15/packages/arduino/tools/arm-none-eabi-gcc/4.8.3-2014q1/bin/../lib/gcc/arm-none-eabi/4.8.3/../../../../arm-none-eabi/lib/armv7-m/libc.a(lib_a-reent.o)
 .ARM.attributes
                0x00000000000006ab       0x2d /Users/mikekim/Library/Arduino15/packages/arduino/tools/arm-none-eabi-gcc/4.8.3-2014q1/bin/../lib/gcc/arm-none-eabi/4.8.3/../../../../arm-none-eabi/lib/armv7-m/libc.a(lib_a-sbrkr.o)
 .ARM.attributes
                0x00000000000006d8       0x2d /Users/mikekim/Library/Arduino15/packages/arduino/tools/arm-none-eabi-gcc/4.8.3-2014q1/bin/../lib/gcc/arm-none-eabi/4.8.3/../../../../arm-none-eabi/lib/armv7-m/libc.a(lib_a-freer.o)
 .ARM.attributes
                0x0000000000000705       0x1d /Users/mikekim/Library/Arduino15/packages/arduino/tools/arm-none-eabi-gcc/4.8.3-2014q1/bin/../lib/gcc/arm-none-eabi/4.8.3/armv7-m/crtn.o

.comment        0x0000000000000000       0xef
 .comment       0x0000000000000000       0x70 mkZoeRobotics_serial.o
                                         0x71 (size before relaxing)
 .comment       0x0000000000000000       0x71 mkZoeRobotics_main.o
 .comment       0x0000000000000070       0x7f /Users/mikekim/Developer/ZoeRobotics_project/ArduinoCore-sam-master/libsam_sam3x8e_gcc_rel.a(timetick.o)
                                         0x80 (size before relaxing)
 .comment       0x0000000000000000       0x80 /Users/mikekim/Developer/ZoeRobotics_project/ArduinoCore-sam-master/libsam_sam3x8e_gcc_rel.a(system_sam3xa.o)
 .comment       0x0000000000000000       0x80 /Users/mikekim/Developer/ZoeRobotics_project/ArduinoCore-sam-master/libsam_sam3x8e_gcc_rel.a(startup_sam3xa.o)
 .comment       0x0000000000000000       0x80 /Users/mikekim/Developer/ZoeRobotics_project/ArduinoCore-sam-master/libsam_sam3x8e_gcc_rel.a(uotghs.o)
 .comment       0x0000000000000000       0x71 /Users/mikekim/Developer/ZoeRobotics_project/ArduinoCore-sam-master/core.a(WInterrupts.c.o)
 .comment       0x0000000000000000       0x71 /Users/mikekim/Developer/ZoeRobotics_project/ArduinoCore-sam-master/core.a(cortex_handlers.c.o)
 .comment       0x0000000000000000       0x71 /Users/mikekim/Developer/ZoeRobotics_project/ArduinoCore-sam-master/core.a(hooks.c.o)
 .comment       0x0000000000000000       0x71 /Users/mikekim/Developer/ZoeRobotics_project/ArduinoCore-sam-master/core.a(syscalls_sam3.c.o)
 .comment       0x0000000000000000       0x71 /Users/mikekim/Developer/ZoeRobotics_project/ArduinoCore-sam-master/core.a(Reset.cpp.o)

.debug_info     0x0000000000000000     0x4a51
 .debug_info    0x0000000000000000     0x1fff mkZoeRobotics_serial.o
 .debug_info    0x0000000000001fff      0xb31 mkZoeRobotics_main.o
 .debug_info    0x0000000000002b30     0x121c /Users/mikekim/Developer/ZoeRobotics_project/ArduinoCore-sam-master/core.a(WInterrupts.c.o)
 .debug_info    0x0000000000003d4c      0x2d8 /Users/mikekim/Developer/ZoeRobotics_project/ArduinoCore-sam-master/core.a(cortex_handlers.c.o)
 .debug_info    0x0000000000004024       0x60 /Users/mikekim/Developer/ZoeRobotics_project/ArduinoCore-sam-master/core.a(hooks.c.o)
 .debug_info    0x0000000000004084      0x5f0 /Users/mikekim/Developer/ZoeRobotics_project/ArduinoCore-sam-master/core.a(syscalls_sam3.c.o)
 .debug_info    0x0000000000004674      0x3dd /Users/mikekim/Developer/ZoeRobotics_project/ArduinoCore-sam-master/core.a(Reset.cpp.o)

.debug_abbrev   0x0000000000000000      0xf11
 .debug_abbrev  0x0000000000000000      0x554 mkZoeRobotics_serial.o
 .debug_abbrev  0x0000000000000554      0x2ec mkZoeRobotics_main.o
 .debug_abbrev  0x0000000000000840      0x2d2 /Users/mikekim/Developer/ZoeRobotics_project/ArduinoCore-sam-master/core.a(WInterrupts.c.o)
 .debug_abbrev  0x0000000000000b12      0x106 /Users/mikekim/Developer/ZoeRobotics_project/ArduinoCore-sam-master/core.a(cortex_handlers.c.o)
 .debug_abbrev  0x0000000000000c18       0x47 /Users/mikekim/Developer/ZoeRobotics_project/ArduinoCore-sam-master/core.a(hooks.c.o)
 .debug_abbrev  0x0000000000000c5f      0x166 /Users/mikekim/Developer/ZoeRobotics_project/ArduinoCore-sam-master/core.a(syscalls_sam3.c.o)
 .debug_abbrev  0x0000000000000dc5      0x14c /Users/mikekim/Developer/ZoeRobotics_project/ArduinoCore-sam-master/core.a(Reset.cpp.o)

.debug_loc      0x0000000000000000     0x14f8
 .debug_loc     0x0000000000000000      0xfdc mkZoeRobotics_serial.o
 .debug_loc     0x0000000000000fdc       0x7a mkZoeRobotics_main.o
 .debug_loc     0x0000000000001056      0x358 /Users/mikekim/Developer/ZoeRobotics_project/ArduinoCore-sam-master/core.a(WInterrupts.c.o)
 .debug_loc     0x00000000000013ae      0x14a /Users/mikekim/Developer/ZoeRobotics_project/ArduinoCore-sam-master/core.a(syscalls_sam3.c.o)

.debug_aranges  0x0000000000000000      0x280
 .debug_aranges
                0x0000000000000000      0x100 mkZoeRobotics_serial.o
 .debug_aranges
                0x0000000000000100       0x28 mkZoeRobotics_main.o
 .debug_aranges
                0x0000000000000128       0x48 /Users/mikekim/Developer/ZoeRobotics_project/ArduinoCore-sam-master/core.a(WInterrupts.c.o)
 .debug_aranges
                0x0000000000000170       0x38 /Users/mikekim/Developer/ZoeRobotics_project/ArduinoCore-sam-master/core.a(cortex_handlers.c.o)
 .debug_aranges
                0x00000000000001a8       0x30 /Users/mikekim/Developer/ZoeRobotics_project/ArduinoCore-sam-master/core.a(hooks.c.o)
 .debug_aranges
                0x00000000000001d8       0x70 /Users/mikekim/Developer/ZoeRobotics_project/ArduinoCore-sam-master/core.a(syscalls_sam3.c.o)
 .debug_aranges
                0x0000000000000248       0x38 /Users/mikekim/Developer/ZoeRobotics_project/ArduinoCore-sam-master/core.a(Reset.cpp.o)

.debug_ranges   0x0000000000000000      0x368
 .debug_ranges  0x0000000000000000      0x200 mkZoeRobotics_serial.o
 .debug_ranges  0x0000000000000200       0x48 mkZoeRobotics_main.o
 .debug_ranges  0x0000000000000248       0x50 /Users/mikekim/Developer/ZoeRobotics_project/ArduinoCore-sam-master/core.a(WInterrupts.c.o)
 .debug_ranges  0x0000000000000298       0x28 /Users/mikekim/Developer/ZoeRobotics_project/ArduinoCore-sam-master/core.a(cortex_handlers.c.o)
 .debug_ranges  0x00000000000002c0       0x20 /Users/mikekim/Developer/ZoeRobotics_project/ArduinoCore-sam-master/core.a(hooks.c.o)
 .debug_ranges  0x00000000000002e0       0x60 /Users/mikekim/Developer/ZoeRobotics_project/ArduinoCore-sam-master/core.a(syscalls_sam3.c.o)
 .debug_ranges  0x0000000000000340       0x28 /Users/mikekim/Developer/ZoeRobotics_project/ArduinoCore-sam-master/core.a(Reset.cpp.o)

.debug_line     0x0000000000000000     0x1d7d
 .debug_line    0x0000000000000000      0x6c9 mkZoeRobotics_serial.o
 .debug_line    0x00000000000006c9      0x478 mkZoeRobotics_main.o
 .debug_line    0x0000000000000b41      0x5a1 /Users/mikekim/Developer/ZoeRobotics_project/ArduinoCore-sam-master/core.a(WInterrupts.c.o)
 .debug_line    0x00000000000010e2      0x330 /Users/mikekim/Developer/ZoeRobotics_project/ArduinoCore-sam-master/core.a(cortex_handlers.c.o)
 .debug_line    0x0000000000001412       0xaa /Users/mikekim/Developer/ZoeRobotics_project/ArduinoCore-sam-master/core.a(hooks.c.o)
 .debug_line    0x00000000000014bc      0x45e /Users/mikekim/Developer/ZoeRobotics_project/ArduinoCore-sam-master/core.a(syscalls_sam3.c.o)
 .debug_line    0x000000000000191a      0x463 /Users/mikekim/Developer/ZoeRobotics_project/ArduinoCore-sam-master/core.a(Reset.cpp.o)

.debug_str      0x0000000000000000     0x1794
 .debug_str     0x0000000000000000      0xc95 mkZoeRobotics_serial.o
                                        0xd29 (size before relaxing)
 .debug_str     0x0000000000000c95      0x160 mkZoeRobotics_main.o
                                        0x802 (size before relaxing)
 .debug_str     0x0000000000000df5      0x53c /Users/mikekim/Developer/ZoeRobotics_project/ArduinoCore-sam-master/core.a(WInterrupts.c.o)
                                        0xb53 (size before relaxing)
 .debug_str     0x0000000000001331       0xd4 /Users/mikekim/Developer/ZoeRobotics_project/ArduinoCore-sam-master/core.a(cortex_handlers.c.o)
                                        0x2bf (size before relaxing)
 .debug_str     0x0000000000001405       0x6c /Users/mikekim/Developer/ZoeRobotics_project/ArduinoCore-sam-master/core.a(hooks.c.o)
                                        0x136 (size before relaxing)
 .debug_str     0x0000000000001471      0x1f6 /Users/mikekim/Developer/ZoeRobotics_project/ArduinoCore-sam-master/core.a(syscalls_sam3.c.o)
                                        0x488 (size before relaxing)
 .debug_str     0x0000000000001667      0x12d /Users/mikekim/Developer/ZoeRobotics_project/ArduinoCore-sam-master/core.a(Reset.cpp.o)
                                        0x3a0 (size before relaxing)

.debug_frame    0x0000000000000000      0xc04
 .debug_frame   0x0000000000000000      0x274 mkZoeRobotics_serial.o
 .debug_frame   0x0000000000000274       0x38 mkZoeRobotics_main.o
 .debug_frame   0x00000000000002ac       0xb4 /Users/mikekim/Developer/ZoeRobotics_project/ArduinoCore-sam-master/core.a(WInterrupts.c.o)
 .debug_frame   0x0000000000000360       0x58 /Users/mikekim/Developer/ZoeRobotics_project/ArduinoCore-sam-master/core.a(cortex_handlers.c.o)
 .debug_frame   0x00000000000003b8       0x40 /Users/mikekim/Developer/ZoeRobotics_project/ArduinoCore-sam-master/core.a(hooks.c.o)
 .debug_frame   0x00000000000003f8       0xc8 /Users/mikekim/Developer/ZoeRobotics_project/ArduinoCore-sam-master/core.a(syscalls_sam3.c.o)
 .debug_frame   0x00000000000004c0       0x58 /Users/mikekim/Developer/ZoeRobotics_project/ArduinoCore-sam-master/core.a(Reset.cpp.o)
 .debug_frame   0x0000000000000518       0x2c /Users/mikekim/Library/Arduino15/packages/arduino/tools/arm-none-eabi-gcc/4.8.3-2014q1/bin/../lib/gcc/arm-none-eabi/4.8.3/../../../../arm-none-eabi/lib/armv7-m/libc.a(lib_a-memset.o)
 .debug_frame   0x0000000000000544       0x2c /Users/mikekim/Library/Arduino15/packages/arduino/tools/arm-none-eabi-gcc/4.8.3-2014q1/bin/../lib/gcc/arm-none-eabi/4.8.3/../../../../arm-none-eabi/lib/armv7-m/libc.a(lib_a-strchr.o)
 .debug_frame   0x0000000000000570       0x88 /Users/mikekim/Library/Arduino15/packages/arduino/tools/arm-none-eabi-gcc/4.8.3-2014q1/bin/../lib/gcc/arm-none-eabi/4.8.3/../../../../arm-none-eabi/lib/armv7-m/libc.a(lib_a-strtod.o)
 .debug_frame   0x00000000000005f8       0x20 /Users/mikekim/Library/Arduino15/packages/arduino/tools/arm-none-eabi-gcc/4.8.3-2014q1/bin/../lib/gcc/arm-none-eabi/4.8.3/../../../../arm-none-eabi/lib/armv7-m/libc.a(lib_a-syskill.o)
 .debug_frame   0x0000000000000618       0x48 /Users/mikekim/Library/Arduino15/packages/arduino/tools/arm-none-eabi-gcc/4.8.3-2014q1/bin/../lib/gcc/arm-none-eabi/4.8.3/../../../../arm-none-eabi/lib/armv7-m/libc.a(lib_a-__call_atexit.o)
 .debug_frame   0x0000000000000660       0x20 /Users/mikekim/Library/Arduino15/packages/arduino/tools/arm-none-eabi-gcc/4.8.3-2014q1/bin/../lib/gcc/arm-none-eabi/4.8.3/../../../../arm-none-eabi/lib/armv7-m/libc.a(lib_a-atexit.o)
 .debug_frame   0x0000000000000680       0x2c /Users/mikekim/Library/Arduino15/packages/arduino/tools/arm-none-eabi-gcc/4.8.3-2014q1/bin/../lib/gcc/arm-none-eabi/4.8.3/../../../../arm-none-eabi/lib/armv7-m/libc.a(lib_a-fini.o)
 .debug_frame   0x00000000000006ac       0x58 /Users/mikekim/Library/Arduino15/packages/arduino/tools/arm-none-eabi-gcc/4.8.3-2014q1/bin/../lib/gcc/arm-none-eabi/4.8.3/../../../../arm-none-eabi/lib/armv7-m/libc.a(lib_a-gdtoa-gethex.o)
 .debug_frame   0x0000000000000704       0x38 /Users/mikekim/Library/Arduino15/packages/arduino/tools/arm-none-eabi-gcc/4.8.3-2014q1/bin/../lib/gcc/arm-none-eabi/4.8.3/../../../../arm-none-eabi/lib/armv7-m/libc.a(lib_a-gdtoa-hexnan.o)
 .debug_frame   0x000000000000073c       0x98 /Users/mikekim/Library/Arduino15/packages/arduino/tools/arm-none-eabi-gcc/4.8.3-2014q1/bin/../lib/gcc/arm-none-eabi/4.8.3/../../../../arm-none-eabi/lib/armv7-m/libc.a(lib_a-locale.o)
 .debug_frame   0x00000000000007d4      0x228 /Users/mikekim/Library/Arduino15/packages/arduino/tools/arm-none-eabi-gcc/4.8.3-2014q1/bin/../lib/gcc/arm-none-eabi/4.8.3/../../../../arm-none-eabi/lib/armv7-m/libc.a(lib_a-mprec.o)
 .debug_frame   0x00000000000009fc       0x3c /Users/mikekim/Library/Arduino15/packages/arduino/tools/arm-none-eabi-gcc/4.8.3-2014q1/bin/../lib/gcc/arm-none-eabi/4.8.3/../../../../arm-none-eabi/lib/armv7-m/libc.a(lib_a-signalr.o)
 .debug_frame   0x0000000000000a38       0x20 /Users/mikekim/Library/Arduino15/packages/arduino/tools/arm-none-eabi-gcc/4.8.3-2014q1/bin/../lib/gcc/arm-none-eabi/4.8.3/../../../../arm-none-eabi/lib/armv7-m/libc.a(lib_a-strlen.o)
 .debug_frame   0x0000000000000a58       0x28 /Users/mikekim/Library/Arduino15/packages/arduino/tools/arm-none-eabi-gcc/4.8.3-2014q1/bin/../lib/gcc/arm-none-eabi/4.8.3/../../../../arm-none-eabi/lib/armv7-m/libc.a(lib_a-strncmp.o)
 .debug_frame   0x0000000000000a80       0x30 /Users/mikekim/Library/Arduino15/packages/arduino/tools/arm-none-eabi-gcc/4.8.3-2014q1/bin/../lib/gcc/arm-none-eabi/4.8.3/../../../../arm-none-eabi/lib/armv7-m/libc.a(lib_a-__atexit.o)
 .debug_frame   0x0000000000000ab0       0x28 /Users/mikekim/Library/Arduino15/packages/arduino/tools/arm-none-eabi-gcc/4.8.3-2014q1/bin/../lib/gcc/arm-none-eabi/4.8.3/../../../../arm-none-eabi/lib/armv7-m/libc.a(lib_a-callocr.o)
 .debug_frame   0x0000000000000ad8       0x38 /Users/mikekim/Library/Arduino15/packages/arduino/tools/arm-none-eabi-gcc/4.8.3-2014q1/bin/../lib/gcc/arm-none-eabi/4.8.3/../../../../arm-none-eabi/lib/armv7-m/libc.a(lib_a-mallocr.o)
 .debug_frame   0x0000000000000b10       0x30 /Users/mikekim/Library/Arduino15/packages/arduino/tools/arm-none-eabi-gcc/4.8.3-2014q1/bin/../lib/gcc/arm-none-eabi/4.8.3/../../../../arm-none-eabi/lib/armv7-m/libc.a(lib_a-mlock.o)
 .debug_frame   0x0000000000000b40       0x48 /Users/mikekim/Library/Arduino15/packages/arduino/tools/arm-none-eabi-gcc/4.8.3-2014q1/bin/../lib/gcc/arm-none-eabi/4.8.3/../../../../arm-none-eabi/lib/armv7-m/libc.a(lib_a-reent.o)
 .debug_frame   0x0000000000000b88       0x2c /Users/mikekim/Library/Arduino15/packages/arduino/tools/arm-none-eabi-gcc/4.8.3-2014q1/bin/../lib/gcc/arm-none-eabi/4.8.3/../../../../arm-none-eabi/lib/armv7-m/libc.a(lib_a-sbrkr.o)
 .debug_frame   0x0000000000000bb4       0x50 /Users/mikekim/Library/Arduino15/packages/arduino/tools/arm-none-eabi-gcc/4.8.3-2014q1/bin/../lib/gcc/arm-none-eabi/4.8.3/../../../../arm-none-eabi/lib/armv7-m/libc.a(lib_a-freer.o)

Cross Reference Table

Symbol                                            File
ADC_Handler                                       /Users/mikekim/Developer/ZoeRobotics_project/ArduinoCore-sam-master/core.a(cortex_handlers.c.o)
                                                  /Users/mikekim/Developer/ZoeRobotics_project/ArduinoCore-sam-master/libsam_sam3x8e_gcc_rel.a(startup_sam3xa.o)
BusFault_Handler                                  /Users/mikekim/Developer/ZoeRobotics_project/ArduinoCore-sam-master/core.a(cortex_handlers.c.o)
                                                  /Users/mikekim/Developer/ZoeRobotics_project/ArduinoCore-sam-master/libsam_sam3x8e_gcc_rel.a(startup_sam3xa.o)
CAN0_Handler                                      /Users/mikekim/Developer/ZoeRobotics_project/ArduinoCore-sam-master/core.a(cortex_handlers.c.o)
                                                  /Users/mikekim/Developer/ZoeRobotics_project/ArduinoCore-sam-master/libsam_sam3x8e_gcc_rel.a(startup_sam3xa.o)
CAN1_Handler                                      /Users/mikekim/Developer/ZoeRobotics_project/ArduinoCore-sam-master/core.a(cortex_handlers.c.o)
                                                  /Users/mikekim/Developer/ZoeRobotics_project/ArduinoCore-sam-master/libsam_sam3x8e_gcc_rel.a(startup_sam3xa.o)
DACC_Handler                                      /Users/mikekim/Developer/ZoeRobotics_project/ArduinoCore-sam-master/core.a(cortex_handlers.c.o)
                                                  /Users/mikekim/Developer/ZoeRobotics_project/ArduinoCore-sam-master/libsam_sam3x8e_gcc_rel.a(startup_sam3xa.o)
DMAC_Handler                                      /Users/mikekim/Developer/ZoeRobotics_project/ArduinoCore-sam-master/core.a(cortex_handlers.c.o)
                                                  /Users/mikekim/Developer/ZoeRobotics_project/ArduinoCore-sam-master/libsam_sam3x8e_gcc_rel.a(startup_sam3xa.o)
DebugMon_Handler                                  /Users/mikekim/Developer/ZoeRobotics_project/ArduinoCore-sam-master/core.a(cortex_handlers.c.o)
                                                  /Users/mikekim/Developer/ZoeRobotics_project/ArduinoCore-sam-master/libsam_sam3x8e_gcc_rel.a(startup_sam3xa.o)
EFC0_Handler                                      /Users/mikekim/Developer/ZoeRobotics_project/ArduinoCore-sam-master/core.a(cortex_handlers.c.o)
                                                  /Users/mikekim/Developer/ZoeRobotics_project/ArduinoCore-sam-master/libsam_sam3x8e_gcc_rel.a(startup_sam3xa.o)
EFC1_Handler                                      /Users/mikekim/Developer/ZoeRobotics_project/ArduinoCore-sam-master/core.a(cortex_handlers.c.o)
                                                  /Users/mikekim/Developer/ZoeRobotics_project/ArduinoCore-sam-master/libsam_sam3x8e_gcc_rel.a(startup_sam3xa.o)
EMAC_Handler                                      /Users/mikekim/Developer/ZoeRobotics_project/ArduinoCore-sam-master/core.a(cortex_handlers.c.o)
                                                  /Users/mikekim/Developer/ZoeRobotics_project/ArduinoCore-sam-master/libsam_sam3x8e_gcc_rel.a(startup_sam3xa.o)
GetTickCount                                      /Users/mikekim/Developer/ZoeRobotics_project/ArduinoCore-sam-master/libsam_sam3x8e_gcc_rel.a(timetick.o)
GetTickCount()                                    timetick.o
HSMCI_Handler                                     /Users/mikekim/Developer/ZoeRobotics_project/ArduinoCore-sam-master/core.a(cortex_handlers.c.o)
                                                  /Users/mikekim/Developer/ZoeRobotics_project/ArduinoCore-sam-master/libsam_sam3x8e_gcc_rel.a(startup_sam3xa.o)
HardFault_Handler                                 /Users/mikekim/Developer/ZoeRobotics_project/ArduinoCore-sam-master/core.a(cortex_handlers.c.o)
                                                  /Users/mikekim/Developer/ZoeRobotics_project/ArduinoCore-sam-master/libsam_sam3x8e_gcc_rel.a(startup_sam3xa.o)
MKSerial::IrqHandler()                            mkZoeRobotics_serial.o
MKSerial::MKSerial()                              mkZoeRobotics_serial.o
MKSerial::MKSerial()                              mkZoeRobotics_serial.o
MKSerial::begin(long)                             mkZoeRobotics_serial.o
                                                  mkZoeRobotics_main.o
MKSerial::end()                                   mkZoeRobotics_serial.o
MKSerial::flush()                                 mkZoeRobotics_serial.o
MKSerial::peek()                                  mkZoeRobotics_serial.o
MKSerial::print(char, int)                        mkZoeRobotics_serial.o
MKSerial::print(double, int)                      mkZoeRobotics_serial.o
MKSerial::print(int, int)                         mkZoeRobotics_serial.o
MKSerial::print(long, int)                        mkZoeRobotics_serial.o
MKSerial::print(unsigned char, int)               mkZoeRobotics_serial.o
MKSerial::print(unsigned int, int)                mkZoeRobotics_serial.o
MKSerial::print(unsigned long, int)               mkZoeRobotics_serial.o
MKSerial::printFloat(double, unsigned char)       mkZoeRobotics_serial.o
MKSerial::printNumber(unsigned long, unsigned char) mkZoeRobotics_serial.o
MKSerial::println()                               mkZoeRobotics_serial.o
MKSerial::println(char const*)                    mkZoeRobotics_serial.o
                                                  mkZoeRobotics_main.o
MKSerial::println(char, int)                      mkZoeRobotics_serial.o
MKSerial::println(double, int)                    mkZoeRobotics_serial.o
MKSerial::println(int, int)                       mkZoeRobotics_serial.o
MKSerial::println(long, int)                      mkZoeRobotics_serial.o
MKSerial::println(unsigned char, int)             mkZoeRobotics_serial.o
MKSerial::println(unsigned int, int)              mkZoeRobotics_serial.o
MKSerial::println(unsigned long, int)             mkZoeRobotics_serial.o
MKSerial::read()                                  mkZoeRobotics_serial.o
                                                  mkZoeRobotics_main.o
MemManage_Handler                                 /Users/mikekim/Developer/ZoeRobotics_project/ArduinoCore-sam-master/core.a(cortex_handlers.c.o)
                                                  /Users/mikekim/Developer/ZoeRobotics_project/ArduinoCore-sam-master/libsam_sam3x8e_gcc_rel.a(startup_sam3xa.o)
NMI_Handler                                       /Users/mikekim/Developer/ZoeRobotics_project/ArduinoCore-sam-master/core.a(cortex_handlers.c.o)
                                                  /Users/mikekim/Developer/ZoeRobotics_project/ArduinoCore-sam-master/libsam_sam3x8e_gcc_rel.a(startup_sam3xa.o)
PIOA_Handler                                      /Users/mikekim/Developer/ZoeRobotics_project/ArduinoCore-sam-master/core.a(WInterrupts.c.o)
                                                  /Users/mikekim/Developer/ZoeRobotics_project/ArduinoCore-sam-master/libsam_sam3x8e_gcc_rel.a(startup_sam3xa.o)
PIOB_Handler                                      /Users/mikekim/Developer/ZoeRobotics_project/ArduinoCore-sam-master/core.a(WInterrupts.c.o)
                                                  /Users/mikekim/Developer/ZoeRobotics_project/ArduinoCore-sam-master/libsam_sam3x8e_gcc_rel.a(startup_sam3xa.o)
PIOC_Handler                                      /Users/mikekim/Developer/ZoeRobotics_project/ArduinoCore-sam-master/core.a(WInterrupts.c.o)
                                                  /Users/mikekim/Developer/ZoeRobotics_project/ArduinoCore-sam-master/libsam_sam3x8e_gcc_rel.a(startup_sam3xa.o)
PIOD_Handler                                      /Users/mikekim/Developer/ZoeRobotics_project/ArduinoCore-sam-master/core.a(WInterrupts.c.o)
                                                  /Users/mikekim/Developer/ZoeRobotics_project/ArduinoCore-sam-master/libsam_sam3x8e_gcc_rel.a(startup_sam3xa.o)
PMC_Handler                                       /Users/mikekim/Developer/ZoeRobotics_project/ArduinoCore-sam-master/core.a(cortex_handlers.c.o)
                                                  /Users/mikekim/Developer/ZoeRobotics_project/ArduinoCore-sam-master/libsam_sam3x8e_gcc_rel.a(startup_sam3xa.o)
PWM_Handler                                       /Users/mikekim/Developer/ZoeRobotics_project/ArduinoCore-sam-master/core.a(cortex_handlers.c.o)
                                                  /Users/mikekim/Developer/ZoeRobotics_project/ArduinoCore-sam-master/libsam_sam3x8e_gcc_rel.a(startup_sam3xa.o)
PendSV_Handler                                    /Users/mikekim/Developer/ZoeRobotics_project/ArduinoCore-sam-master/core.a(cortex_handlers.c.o)
                                                  /Users/mikekim/Developer/ZoeRobotics_project/ArduinoCore-sam-master/libsam_sam3x8e_gcc_rel.a(startup_sam3xa.o)
RSTC_Handler                                      /Users/mikekim/Developer/ZoeRobotics_project/ArduinoCore-sam-master/core.a(cortex_handlers.c.o)
                                                  /Users/mikekim/Developer/ZoeRobotics_project/ArduinoCore-sam-master/libsam_sam3x8e_gcc_rel.a(startup_sam3xa.o)
RTC_Handler                                       /Users/mikekim/Developer/ZoeRobotics_project/ArduinoCore-sam-master/core.a(cortex_handlers.c.o)
                                                  /Users/mikekim/Developer/ZoeRobotics_project/ArduinoCore-sam-master/libsam_sam3x8e_gcc_rel.a(startup_sam3xa.o)
RTT_Handler                                       /Users/mikekim/Developer/ZoeRobotics_project/ArduinoCore-sam-master/core.a(cortex_handlers.c.o)
                                                  /Users/mikekim/Developer/ZoeRobotics_project/ArduinoCore-sam-master/libsam_sam3x8e_gcc_rel.a(startup_sam3xa.o)
Reset_Handler                                     /Users/mikekim/Developer/ZoeRobotics_project/ArduinoCore-sam-master/libsam_sam3x8e_gcc_rel.a(startup_sam3xa.o)
SMC_Handler                                       /Users/mikekim/Developer/ZoeRobotics_project/ArduinoCore-sam-master/core.a(cortex_handlers.c.o)
                                                  /Users/mikekim/Developer/ZoeRobotics_project/ArduinoCore-sam-master/libsam_sam3x8e_gcc_rel.a(startup_sam3xa.o)
SPI0_Handler                                      /Users/mikekim/Developer/ZoeRobotics_project/ArduinoCore-sam-master/core.a(cortex_handlers.c.o)
                                                  /Users/mikekim/Developer/ZoeRobotics_project/ArduinoCore-sam-master/libsam_sam3x8e_gcc_rel.a(startup_sam3xa.o)
SSC_Handler                                       /Users/mikekim/Developer/ZoeRobotics_project/ArduinoCore-sam-master/core.a(cortex_handlers.c.o)
                                                  /Users/mikekim/Developer/ZoeRobotics_project/ArduinoCore-sam-master/libsam_sam3x8e_gcc_rel.a(startup_sam3xa.o)
SUPC_Handler                                      /Users/mikekim/Developer/ZoeRobotics_project/ArduinoCore-sam-master/core.a(cortex_handlers.c.o)
                                                  /Users/mikekim/Developer/ZoeRobotics_project/ArduinoCore-sam-master/libsam_sam3x8e_gcc_rel.a(startup_sam3xa.o)
SVC_Handler                                       /Users/mikekim/Developer/ZoeRobotics_project/ArduinoCore-sam-master/core.a(cortex_handlers.c.o)
                                                  /Users/mikekim/Developer/ZoeRobotics_project/ArduinoCore-sam-master/libsam_sam3x8e_gcc_rel.a(startup_sam3xa.o)
Sleep                                             /Users/mikekim/Developer/ZoeRobotics_project/ArduinoCore-sam-master/libsam_sam3x8e_gcc_rel.a(timetick.o)
                                                  mkZoeRobotics_main.o
Sleep(unsigned long)                              timetick.o
Stopped                                           mkZoeRobotics_main.o
SysTick_Handler                                   /Users/mikekim/Developer/ZoeRobotics_project/ArduinoCore-sam-master/core.a(cortex_handlers.c.o)
                                                  /Users/mikekim/Developer/ZoeRobotics_project/ArduinoCore-sam-master/libsam_sam3x8e_gcc_rel.a(startup_sam3xa.o)
SystemCoreClock                                   /Users/mikekim/Developer/ZoeRobotics_project/ArduinoCore-sam-master/libsam_sam3x8e_gcc_rel.a(system_sam3xa.o)
SystemCoreClockUpdate                             /Users/mikekim/Developer/ZoeRobotics_project/ArduinoCore-sam-master/libsam_sam3x8e_gcc_rel.a(system_sam3xa.o)
SystemInit                                        /Users/mikekim/Developer/ZoeRobotics_project/ArduinoCore-sam-master/libsam_sam3x8e_gcc_rel.a(system_sam3xa.o)
                                                  mkZoeRobotics_main.o
TC0_Handler                                       /Users/mikekim/Developer/ZoeRobotics_project/ArduinoCore-sam-master/core.a(cortex_handlers.c.o)
                                                  /Users/mikekim/Developer/ZoeRobotics_project/ArduinoCore-sam-master/libsam_sam3x8e_gcc_rel.a(startup_sam3xa.o)
TC1_Handler                                       /Users/mikekim/Developer/ZoeRobotics_project/ArduinoCore-sam-master/core.a(cortex_handlers.c.o)
                                                  /Users/mikekim/Developer/ZoeRobotics_project/ArduinoCore-sam-master/libsam_sam3x8e_gcc_rel.a(startup_sam3xa.o)
TC2_Handler                                       /Users/mikekim/Developer/ZoeRobotics_project/ArduinoCore-sam-master/core.a(cortex_handlers.c.o)
                                                  /Users/mikekim/Developer/ZoeRobotics_project/ArduinoCore-sam-master/libsam_sam3x8e_gcc_rel.a(startup_sam3xa.o)
TC3_Handler                                       /Users/mikekim/Developer/ZoeRobotics_project/ArduinoCore-sam-master/core.a(cortex_handlers.c.o)
                                                  /Users/mikekim/Developer/ZoeRobotics_project/ArduinoCore-sam-master/libsam_sam3x8e_gcc_rel.a(startup_sam3xa.o)
TC4_Handler                                       /Users/mikekim/Developer/ZoeRobotics_project/ArduinoCore-sam-master/core.a(cortex_handlers.c.o)
                                                  /Users/mikekim/Developer/ZoeRobotics_project/ArduinoCore-sam-master/libsam_sam3x8e_gcc_rel.a(startup_sam3xa.o)
TC5_Handler                                       /Users/mikekim/Developer/ZoeRobotics_project/ArduinoCore-sam-master/core.a(cortex_handlers.c.o)
                                                  /Users/mikekim/Developer/ZoeRobotics_project/ArduinoCore-sam-master/libsam_sam3x8e_gcc_rel.a(startup_sam3xa.o)
TC6_Handler                                       /Users/mikekim/Developer/ZoeRobotics_project/ArduinoCore-sam-master/core.a(cortex_handlers.c.o)
                                                  /Users/mikekim/Developer/ZoeRobotics_project/ArduinoCore-sam-master/libsam_sam3x8e_gcc_rel.a(startup_sam3xa.o)
TC7_Handler                                       /Users/mikekim/Developer/ZoeRobotics_project/ArduinoCore-sam-master/core.a(cortex_handlers.c.o)
                                                  /Users/mikekim/Developer/ZoeRobotics_project/ArduinoCore-sam-master/libsam_sam3x8e_gcc_rel.a(startup_sam3xa.o)
TC8_Handler                                       /Users/mikekim/Developer/ZoeRobotics_project/ArduinoCore-sam-master/core.a(cortex_handlers.c.o)
                                                  /Users/mikekim/Developer/ZoeRobotics_project/ArduinoCore-sam-master/libsam_sam3x8e_gcc_rel.a(startup_sam3xa.o)
TRNG_Handler                                      /Users/mikekim/Developer/ZoeRobotics_project/ArduinoCore-sam-master/core.a(cortex_handlers.c.o)
                                                  /Users/mikekim/Developer/ZoeRobotics_project/ArduinoCore-sam-master/libsam_sam3x8e_gcc_rel.a(startup_sam3xa.o)
TWI0_Handler                                      /Users/mikekim/Developer/ZoeRobotics_project/ArduinoCore-sam-master/core.a(cortex_handlers.c.o)
                                                  /Users/mikekim/Developer/ZoeRobotics_project/ArduinoCore-sam-master/libsam_sam3x8e_gcc_rel.a(startup_sam3xa.o)
TWI1_Handler                                      /Users/mikekim/Developer/ZoeRobotics_project/ArduinoCore-sam-master/core.a(cortex_handlers.c.o)
                                                  /Users/mikekim/Developer/ZoeRobotics_project/ArduinoCore-sam-master/libsam_sam3x8e_gcc_rel.a(startup_sam3xa.o)
TimeTick_Configure                                /Users/mikekim/Developer/ZoeRobotics_project/ArduinoCore-sam-master/libsam_sam3x8e_gcc_rel.a(timetick.o)
                                                  mkZoeRobotics_main.o
TimeTick_Configure(unsigned long)                 timetick.o
TimeTick_Increment                                /Users/mikekim/Developer/ZoeRobotics_project/ArduinoCore-sam-master/libsam_sam3x8e_gcc_rel.a(timetick.o)
                                                  /Users/mikekim/Developer/ZoeRobotics_project/ArduinoCore-sam-master/core.a(cortex_handlers.c.o)
TimeTick_Increment()                              timetick.o
UART_Handler                                      mkZoeRobotics_serial.o
                                                  /Users/mikekim/Developer/ZoeRobotics_project/ArduinoCore-sam-master/libsam_sam3x8e_gcc_rel.a(startup_sam3xa.o)
UOTGHS_Handler                                    /Users/mikekim/Developer/ZoeRobotics_project/ArduinoCore-sam-master/libsam_sam3x8e_gcc_rel.a(uotghs.o)
                                                  /Users/mikekim/Developer/ZoeRobotics_project/ArduinoCore-sam-master/libsam_sam3x8e_gcc_rel.a(startup_sam3xa.o)
USART0_Handler                                    /Users/mikekim/Developer/ZoeRobotics_project/ArduinoCore-sam-master/core.a(cortex_handlers.c.o)
                                                  /Users/mikekim/Developer/ZoeRobotics_project/ArduinoCore-sam-master/libsam_sam3x8e_gcc_rel.a(startup_sam3xa.o)
USART1_Handler                                    /Users/mikekim/Developer/ZoeRobotics_project/ArduinoCore-sam-master/core.a(cortex_handlers.c.o)
                                                  /Users/mikekim/Developer/ZoeRobotics_project/ArduinoCore-sam-master/libsam_sam3x8e_gcc_rel.a(startup_sam3xa.o)
USART2_Handler                                    /Users/mikekim/Developer/ZoeRobotics_project/ArduinoCore-sam-master/core.a(cortex_handlers.c.o)
                                                  /Users/mikekim/Developer/ZoeRobotics_project/ArduinoCore-sam-master/libsam_sam3x8e_gcc_rel.a(startup_sam3xa.o)
USART3_Handler                                    /Users/mikekim/Developer/ZoeRobotics_project/ArduinoCore-sam-master/core.a(cortex_handlers.c.o)
                                                  /Users/mikekim/Developer/ZoeRobotics_project/ArduinoCore-sam-master/libsam_sam3x8e_gcc_rel.a(startup_sam3xa.o)
UsageFault_Handler                                /Users/mikekim/Developer/ZoeRobotics_project/ArduinoCore-sam-master/core.a(cortex_handlers.c.o)
                                                  /Users/mikekim/Developer/ZoeRobotics_project/ArduinoCore-sam-master/libsam_sam3x8e_gcc_rel.a(startup_sam3xa.o)
WDT_Handler                                       /Users/mikekim/Developer/ZoeRobotics_project/ArduinoCore-sam-master/core.a(cortex_handlers.c.o)
                                                  /Users/mikekim/Developer/ZoeRobotics_project/ArduinoCore-sam-master/libsam_sam3x8e_gcc_rel.a(startup_sam3xa.o)
Wait                                              /Users/mikekim/Developer/ZoeRobotics_project/ArduinoCore-sam-master/libsam_sam3x8e_gcc_rel.a(timetick.o)
Wait(unsigned long)                               timetick.o
_Balloc                                           /Users/mikekim/Library/Arduino15/packages/arduino/tools/arm-none-eabi-gcc/4.8.3-2014q1/bin/../lib/gcc/arm-none-eabi/4.8.3/../../../../arm-none-eabi/lib/armv7-m/libc.a(lib_a-mprec.o)
                                                  /Users/mikekim/Library/Arduino15/packages/arduino/tools/arm-none-eabi-gcc/4.8.3-2014q1/bin/../lib/gcc/arm-none-eabi/4.8.3/../../../../arm-none-eabi/lib/armv7-m/libc.a(lib_a-gdtoa-gethex.o)
                                                  /Users/mikekim/Library/Arduino15/packages/arduino/tools/arm-none-eabi-gcc/4.8.3-2014q1/bin/../lib/gcc/arm-none-eabi/4.8.3/../../../../arm-none-eabi/lib/armv7-m/libc.a(lib_a-strtod.o)
_Bfree                                            /Users/mikekim/Library/Arduino15/packages/arduino/tools/arm-none-eabi-gcc/4.8.3-2014q1/bin/../lib/gcc/arm-none-eabi/4.8.3/../../../../arm-none-eabi/lib/armv7-m/libc.a(lib_a-mprec.o)
                                                  /Users/mikekim/Library/Arduino15/packages/arduino/tools/arm-none-eabi-gcc/4.8.3-2014q1/bin/../lib/gcc/arm-none-eabi/4.8.3/../../../../arm-none-eabi/lib/armv7-m/libc.a(lib_a-gdtoa-gethex.o)
                                                  /Users/mikekim/Library/Arduino15/packages/arduino/tools/arm-none-eabi-gcc/4.8.3-2014q1/bin/../lib/gcc/arm-none-eabi/4.8.3/../../../../arm-none-eabi/lib/armv7-m/libc.a(lib_a-strtod.o)
_Jv_RegisterClasses                               /Users/mikekim/Library/Arduino15/packages/arduino/tools/arm-none-eabi-gcc/4.8.3-2014q1/bin/../lib/gcc/arm-none-eabi/4.8.3/armv7-m/crtbegin.o
_PathLocale                                       /Users/mikekim/Library/Arduino15/packages/arduino/tools/arm-none-eabi-gcc/4.8.3-2014q1/bin/../lib/gcc/arm-none-eabi/4.8.3/../../../../arm-none-eabi/lib/armv7-m/libc.a(lib_a-locale.o)
__adddf3                                          /Users/mikekim/Library/Arduino15/packages/arduino/tools/arm-none-eabi-gcc/4.8.3-2014q1/bin/../lib/gcc/arm-none-eabi/4.8.3/armv7-m/libgcc.a(_arm_addsubdf3.o)
__aeabi_cdcmpeq                                   /Users/mikekim/Library/Arduino15/packages/arduino/tools/arm-none-eabi-gcc/4.8.3-2014q1/bin/../lib/gcc/arm-none-eabi/4.8.3/armv7-m/libgcc.a(_arm_cmpdf2.o)
__aeabi_cdcmple                                   /Users/mikekim/Library/Arduino15/packages/arduino/tools/arm-none-eabi-gcc/4.8.3-2014q1/bin/../lib/gcc/arm-none-eabi/4.8.3/armv7-m/libgcc.a(_arm_cmpdf2.o)
__aeabi_cdrcmple                                  /Users/mikekim/Library/Arduino15/packages/arduino/tools/arm-none-eabi-gcc/4.8.3-2014q1/bin/../lib/gcc/arm-none-eabi/4.8.3/armv7-m/libgcc.a(_arm_cmpdf2.o)
__aeabi_d2f                                       /Users/mikekim/Library/Arduino15/packages/arduino/tools/arm-none-eabi-gcc/4.8.3-2014q1/bin/../lib/gcc/arm-none-eabi/4.8.3/armv7-m/libgcc.a(_arm_truncdfsf2.o)
                                                  /Users/mikekim/Library/Arduino15/packages/arduino/tools/arm-none-eabi-gcc/4.8.3-2014q1/bin/../lib/gcc/arm-none-eabi/4.8.3/../../../../arm-none-eabi/lib/armv7-m/libc.a(lib_a-strtod.o)
__aeabi_d2iz                                      /Users/mikekim/Library/Arduino15/packages/arduino/tools/arm-none-eabi-gcc/4.8.3-2014q1/bin/../lib/gcc/arm-none-eabi/4.8.3/armv7-m/libgcc.a(_arm_fixdfsi.o)
                                                  /Users/mikekim/Library/Arduino15/packages/arduino/tools/arm-none-eabi-gcc/4.8.3-2014q1/bin/../lib/gcc/arm-none-eabi/4.8.3/../../../../arm-none-eabi/lib/armv7-m/libc.a(lib_a-strtod.o)
                                                  mkZoeRobotics_serial.o
__aeabi_d2uiz                                     /Users/mikekim/Library/Arduino15/packages/arduino/tools/arm-none-eabi-gcc/4.8.3-2014q1/bin/../lib/gcc/arm-none-eabi/4.8.3/armv7-m/libgcc.a(_arm_fixunsdfsi.o)
                                                  /Users/mikekim/Library/Arduino15/packages/arduino/tools/arm-none-eabi-gcc/4.8.3-2014q1/bin/../lib/gcc/arm-none-eabi/4.8.3/../../../../arm-none-eabi/lib/armv7-m/libc.a(lib_a-strtod.o)
                                                  mkZoeRobotics_serial.o
__aeabi_dadd                                      /Users/mikekim/Library/Arduino15/packages/arduino/tools/arm-none-eabi-gcc/4.8.3-2014q1/bin/../lib/gcc/arm-none-eabi/4.8.3/armv7-m/libgcc.a(_arm_addsubdf3.o)
                                                  /Users/mikekim/Library/Arduino15/packages/arduino/tools/arm-none-eabi-gcc/4.8.3-2014q1/bin/../lib/gcc/arm-none-eabi/4.8.3/../../../../arm-none-eabi/lib/armv7-m/libc.a(lib_a-strtod.o)
                                                  mkZoeRobotics_serial.o
__aeabi_dcmpeq                                    /Users/mikekim/Library/Arduino15/packages/arduino/tools/arm-none-eabi-gcc/4.8.3-2014q1/bin/../lib/gcc/arm-none-eabi/4.8.3/armv7-m/libgcc.a(_arm_cmpdf2.o)
                                                  /Users/mikekim/Library/Arduino15/packages/arduino/tools/arm-none-eabi-gcc/4.8.3-2014q1/bin/../lib/gcc/arm-none-eabi/4.8.3/../../../../arm-none-eabi/lib/armv7-m/libc.a(lib_a-strtod.o)
__aeabi_dcmpge                                    /Users/mikekim/Library/Arduino15/packages/arduino/tools/arm-none-eabi-gcc/4.8.3-2014q1/bin/../lib/gcc/arm-none-eabi/4.8.3/armv7-m/libgcc.a(_arm_cmpdf2.o)
__aeabi_dcmpgt                                    /Users/mikekim/Library/Arduino15/packages/arduino/tools/arm-none-eabi-gcc/4.8.3-2014q1/bin/../lib/gcc/arm-none-eabi/4.8.3/armv7-m/libgcc.a(_arm_cmpdf2.o)
                                                  /Users/mikekim/Library/Arduino15/packages/arduino/tools/arm-none-eabi-gcc/4.8.3-2014q1/bin/../lib/gcc/arm-none-eabi/4.8.3/../../../../arm-none-eabi/lib/armv7-m/libc.a(lib_a-strtod.o)
__aeabi_dcmple                                    /Users/mikekim/Library/Arduino15/packages/arduino/tools/arm-none-eabi-gcc/4.8.3-2014q1/bin/../lib/gcc/arm-none-eabi/4.8.3/armv7-m/libgcc.a(_arm_cmpdf2.o)
                                                  /Users/mikekim/Library/Arduino15/packages/arduino/tools/arm-none-eabi-gcc/4.8.3-2014q1/bin/../lib/gcc/arm-none-eabi/4.8.3/../../../../arm-none-eabi/lib/armv7-m/libc.a(lib_a-strtod.o)
__aeabi_dcmplt                                    /Users/mikekim/Library/Arduino15/packages/arduino/tools/arm-none-eabi-gcc/4.8.3-2014q1/bin/../lib/gcc/arm-none-eabi/4.8.3/armv7-m/libgcc.a(_arm_cmpdf2.o)
                                                  /Users/mikekim/Library/Arduino15/packages/arduino/tools/arm-none-eabi-gcc/4.8.3-2014q1/bin/../lib/gcc/arm-none-eabi/4.8.3/../../../../arm-none-eabi/lib/armv7-m/libc.a(lib_a-strtod.o)
                                                  mkZoeRobotics_serial.o
__aeabi_ddiv                                      /Users/mikekim/Library/Arduino15/packages/arduino/tools/arm-none-eabi-gcc/4.8.3-2014q1/bin/../lib/gcc/arm-none-eabi/4.8.3/armv7-m/libgcc.a(_arm_muldivdf3.o)
                                                  /Users/mikekim/Library/Arduino15/packages/arduino/tools/arm-none-eabi-gcc/4.8.3-2014q1/bin/../lib/gcc/arm-none-eabi/4.8.3/../../../../arm-none-eabi/lib/armv7-m/libc.a(lib_a-mprec.o)
                                                  /Users/mikekim/Library/Arduino15/packages/arduino/tools/arm-none-eabi-gcc/4.8.3-2014q1/bin/../lib/gcc/arm-none-eabi/4.8.3/../../../../arm-none-eabi/lib/armv7-m/libc.a(lib_a-strtod.o)
                                                  mkZoeRobotics_serial.o
__aeabi_dmul                                      /Users/mikekim/Library/Arduino15/packages/arduino/tools/arm-none-eabi-gcc/4.8.3-2014q1/bin/../lib/gcc/arm-none-eabi/4.8.3/armv7-m/libgcc.a(_arm_muldivdf3.o)