Archive member included because of file (symbol)

releasezoeRoboticsFirmware/firmware.a(main.o)
                              /Users/mikekim/Library/Arduino15/packages/arduino/tools/arm-none-eabi-gcc/4.8.3-2014q1/bin/../lib/gcc/arm-none-eabi/4.8.3/../../../../arm-none-eabi/lib/armv7-m/crt0.o (main)
releasezoeRoboticsFirmware/firmware.a(mkCANEncoder.o)
                              releasezoeRoboticsFirmware/firmware.a(main.o) (mkCANEncoder::initCAN())
releasezoeRoboticsFirmware/firmware.a(mkZoeRobotics_command.o)
                              releasezoeRoboticsFirmware/firmware.a(main.o) (MKCommand::getCommand())
releasezoeRoboticsFirmware/firmware.a(mkZoeRobotics_serial.o)
                              releasezoeRoboticsFirmware/firmware.a(main.o) (MKSerial::begin(long))
releasezoeRoboticsFirmware/firmware.a(mkZoeRobotics_velProfile.o)
                              releasezoeRoboticsFirmware/firmware.a(main.o) (MKVelProfile::set_speed_profile(SPEEDProfile&))
releasezoeRoboticsFirmware/firmware.a(due_can.o)
                              releasezoeRoboticsFirmware/firmware.a(mkCANEncoder.o) (CANRaw::CANRaw())
/Users/mikekim/Developer/ZoeRobotics_project/ArduinoCore-sam-master/libsam_sam3x8e_gcc_rel.a(adc.o)
                              releasezoeRoboticsFirmware/firmware.a(main.o) (adc_init)
/Users/mikekim/Developer/ZoeRobotics_project/ArduinoCore-sam-master/libsam_sam3x8e_gcc_rel.a(pio.o)
                              releasezoeRoboticsFirmware/firmware.a(main.o) (PIO_Configure)
/Users/mikekim/Developer/ZoeRobotics_project/ArduinoCore-sam-master/libsam_sam3x8e_gcc_rel.a(pmc.o)
                              releasezoeRoboticsFirmware/firmware.a(main.o) (pmc_enable_periph_clk)
/Users/mikekim/Developer/ZoeRobotics_project/ArduinoCore-sam-master/libsam_sam3x8e_gcc_rel.a(tc.o)
                              releasezoeRoboticsFirmware/firmware.a(main.o) (TC_Configure)
/Users/mikekim/Developer/ZoeRobotics_project/ArduinoCore-sam-master/libsam_sam3x8e_gcc_rel.a(timetick.o)
                              releasezoeRoboticsFirmware/firmware.a(main.o) (GetTickCount)
/Users/mikekim/Developer/ZoeRobotics_project/ArduinoCore-sam-master/libsam_sam3x8e_gcc_rel.a(wdt.o)
                              releasezoeRoboticsFirmware/firmware.a(main.o) (WDT_Disable)
/Users/mikekim/Developer/ZoeRobotics_project/ArduinoCore-sam-master/libsam_sam3x8e_gcc_rel.a(system_sam3xa.o)
                              releasezoeRoboticsFirmware/firmware.a(main.o) (SystemInit)
/Users/mikekim/Developer/ZoeRobotics_project/ArduinoCore-sam-master/libsam_sam3x8e_gcc_rel.a(startup_sam3xa.o)
                              (Reset_Handler)
releasezoeRoboticsFirmware/firmware.a(mkZoeRobotics_i2c.o)
                              /Users/mikekim/Developer/ZoeRobotics_project/ArduinoCore-sam-master/libsam_sam3x8e_gcc_rel.a(startup_sam3xa.o) (TWI1_Handler)
/Users/mikekim/Developer/ZoeRobotics_project/ArduinoCore-sam-master/libsam_sam3x8e_gcc_rel.a(twi.o)
                              releasezoeRoboticsFirmware/firmware.a(mkZoeRobotics_i2c.o) (TWI_SetClock)
/Users/mikekim/Library/Arduino15/packages/arduino/tools/arm-none-eabi-gcc/4.8.3-2014q1/bin/../lib/gcc/arm-none-eabi/4.8.3/../../../../arm-none-eabi/lib/armv7-m/libstdc++.a(atexit_arm.o)
                              releasezoeRoboticsFirmware/firmware.a(mkZoeRobotics_command.o) (__aeabi_atexit)
/Users/mikekim/Library/Arduino15/packages/arduino/tools/arm-none-eabi-gcc/4.8.3-2014q1/bin/../lib/gcc/arm-none-eabi/4.8.3/../../../../arm-none-eabi/lib/armv7-m/libstdc++.a(guard.o)
                              releasezoeRoboticsFirmware/firmware.a(due_can.o) (__cxa_guard_acquire)
/Users/mikekim/Library/Arduino15/packages/arduino/tools/arm-none-eabi-gcc/4.8.3-2014q1/bin/../lib/gcc/arm-none-eabi/4.8.3/../../../../arm-none-eabi/lib/armv7-m/libstdc++.a(guard_error.o)
                              /Users/mikekim/Library/Arduino15/packages/arduino/tools/arm-none-eabi-gcc/4.8.3-2014q1/bin/../lib/gcc/arm-none-eabi/4.8.3/../../../../arm-none-eabi/lib/armv7-m/libstdc++.a(guard.o) (__gnu_cxx::recursive_init_error::~recursive_init_error())
/Users/mikekim/Library/Arduino15/packages/arduino/tools/arm-none-eabi-gcc/4.8.3-2014q1/bin/../lib/gcc/arm-none-eabi/4.8.3/../../../../arm-none-eabi/lib/armv7-m/libstdc++.a(si_class_type_info.o)
                              /Users/mikekim/Library/Arduino15/packages/arduino/tools/arm-none-eabi-gcc/4.8.3-2014q1/bin/../lib/gcc/arm-none-eabi/4.8.3/../../../../arm-none-eabi/lib/armv7-m/libstdc++.a(guard_error.o) (vtable for __cxxabiv1::__si_class_type_info)
/Users/mikekim/Library/Arduino15/packages/arduino/tools/arm-none-eabi-gcc/4.8.3-2014q1/bin/../lib/gcc/arm-none-eabi/4.8.3/../../../../arm-none-eabi/lib/armv7-m/libstdc++.a(tinfo.o)
                              /Users/mikekim/Library/Arduino15/packages/arduino/tools/arm-none-eabi-gcc/4.8.3-2014q1/bin/../lib/gcc/arm-none-eabi/4.8.3/../../../../arm-none-eabi/lib/armv7-m/libstdc++.a(si_class_type_info.o) (std::type_info::__is_pointer_p() const)
[...]
Memory Configuration

Name             Origin             Length             Attributes
rom              0x0000000000080000 0x0000000000080000 xr
sram0            0x0000000020000000 0x0000000000010000 xrw
sram1            0x0000000020080000 0x0000000000008000 xrw
ram              0x0000000020070000 0x0000000000018000 xrw
*default*        0x0000000000000000 0xffffffffffffffff

Linker script and memory map

LOAD /Users/mikekim/Library/Arduino15/packages/arduino/tools/arm-none-eabi-gcc/4.8.3-2014q1/bin/../lib/gcc/arm-none-eabi/4.8.3/armv7-m/crti.o
LOAD /Users/mikekim/Library/Arduino15/packages/arduino/tools/arm-none-eabi-gcc/4.8.3-2014q1/bin/../lib/gcc/arm-none-eabi/4.8.3/armv7-m/crtbegin.o
LOAD /Users/mikekim/Library/Arduino15/packages/arduino/tools/arm-none-eabi-gcc/4.8.3-2014q1/bin/../lib/gcc/arm-none-eabi/4.8.3/../../../../arm-none-eabi/lib/armv7-m/crt0.o
LOAD /Users/mikekim/Library/Arduino15/packages/arduino/tools/arm-none-eabi-gcc/4.8.3-2014q1/bin/../lib/gcc/arm-none-eabi/4.8.3/armv7-m/libgcc.a
START GROUP
LOAD releasezoeRoboticsFirmware/firmware.a
LOAD /Users/mikekim/Developer/ZoeRobotics_project/ArduinoCore-sam-master/libsam_sam3x8e_gcc_rel.a
END GROUP
LOAD /Users/mikekim/Library/Arduino15/packages/arduino/tools/arm-none-eabi-gcc/4.8.3-2014q1/bin/../lib/gcc/arm-none-eabi/4.8.3/../../../../arm-none-eabi/lib/armv7-m/libstdc++.a
LOAD /Users/mikekim/Library/Arduino15/packages/arduino/tools/arm-none-eabi-gcc/4.8.3-2014q1/bin/../lib/gcc/arm-none-eabi/4.8.3/../../../../arm-none-eabi/lib/armv7-m/libm.a
START GROUP
LOAD /Users/mikekim/Library/Arduino15/packages/arduino/tools/arm-none-eabi-gcc/4.8.3-2014q1/bin/../lib/gcc/arm-none-eabi/4.8.3/armv7-m/libgcc.a
LOAD /Users/mikekim/Library/Arduino15/packages/arduino/tools/arm-none-eabi-gcc/4.8.3-2014q1/bin/../lib/gcc/arm-none-eabi/4.8.3/../../../../arm-none-eabi/lib/armv7-m/libc.a
END GROUP
START GROUP
LOAD /Users/mikekim/Library/Arduino15/packages/arduino/tools/arm-none-eabi-gcc/4.8.3-2014q1/bin/../lib/gcc/arm-none-eabi/4.8.3/armv7-m/libgcc.a
LOAD /Users/mikekim/Library/Arduino15/packages/arduino/tools/arm-none-eabi-gcc/4.8.3-2014q1/bin/../lib/gcc/arm-none-eabi/4.8.3/../../../../arm-none-eabi/lib/armv7-m/libc.a
LOAD /Users/mikekim/Library/Arduino15/packages/arduino/tools/arm-none-eabi-gcc/4.8.3-2014q1/bin/../lib/gcc/arm-none-eabi/4.8.3/../../../../arm-none-eabi/lib/armv7-m/libnosys.a
END GROUP
LOAD /Users/mikekim/Library/Arduino15/packages/arduino/tools/arm-none-eabi-gcc/4.8.3-2014q1/bin/../lib/gcc/arm-none-eabi/4.8.3/armv7-m/crtend.o
LOAD /Users/mikekim/Library/Arduino15/packages/arduino/tools/arm-none-eabi-gcc/4.8.3-2014q1/bin/../lib/gcc/arm-none-eabi/4.8.3/armv7-m/crtn.o

.text           0x0000000000080000    0x21a4c
                0x0000000000080000                . = ALIGN (0x4)
                0x0000000000080000                _sfixed = .
 *(.vectors .vectors.*)
 .vectors       0x0000000000080000       0xf4 /Users/mikekim/Developer/ZoeRobotics_project/ArduinoCore-sam-master/libsam_sam3x8e_gcc_rel.a(startup_sam3xa.o)
                0x0000000000080000                exception_table
 *(.text .text.* .gnu.linkonce.t.*)
 .text          0x00000000000800f4       0x54 /Users/mikekim/Library/Arduino15/packages/arduino/tools/arm-none-eabi-gcc/4.8.3-2014q1/bin/../lib/gcc/arm-none-eabi/4.8.3/armv7-m/crtbegin.o
 .text.__phantom_handler
                0x0000000000080148        0x4 releasezoeRoboticsFirmware/firmware.a(main.o)
                0x0000000000080148                SPI0_Handler
                0x0000000000080148                DebugMon_Handler
                0x0000000000080148                DMAC_Handler
                0x0000000000080148                TRNG_Handler
                0x0000000000080148                HardFault_Handler
                0x0000000000080148                USART3_Handler
                0x0000000000080148                PendSV_Handler
                0x0000000000080148                NMI_Handler
                0x0000000000080148                ADC_Handler
                0x0000000000080148                SMC_Handler
                0x0000000000080148                USART0_Handler
                0x0000000000080148                RTT_Handler
                0x0000000000080148                EFC1_Handler
                0x0000000000080148                RTC_Handler
                0x0000000000080148                UsageFault_Handler
                0x0000000000080148                WDT_Handler
                0x0000000000080148                HSMCI_Handler
                0x0000000000080148                USART1_Handler
                0x0000000000080148                PIOA_Handler
                0x0000000000080148                SSC_Handler
                0x0000000000080148                EFC0_Handler
                0x0000000000080148                PMC_Handler
                0x0000000000080148                PWM_Handler
                0x0000000000080148                MemManage_Handler
                0x0000000000080148                SUPC_Handler
                0x0000000000080148                SVC_Handler
                0x0000000000080148                TC8_Handler
                0x0000000000080148                USART2_Handler
                0x0000000000080148                PIOD_Handler
                0x0000000000080148                EMAC_Handler
                0x0000000000080148                PIOC_Handler
                0x0000000000080148                BusFault_Handler
                0x0000000000080148                RSTC_Handler
                0x0000000000080148                UOTGHS_Handler
                0x0000000000080148                DACC_Handler
 .text.init_controller
                0x000000000008014c      0x120 releasezoeRoboticsFirmware/firmware.a(main.o)
                0x000000000008014c                init_controller
 .text._ZN17_KINEMATICS_DATA_C2Ev
                0x000000000008026c     0x6168 releasezoeRoboticsFirmware/firmware.a(main.o)
                0x000000000008026c                _KINEMATICS_DATA_::_KINEMATICS_DATA_()
                0x000000000008026c                _KINEMATICS_DATA_::_KINEMATICS_DATA_()
 .text._Z14controlDropCupi
                0x00000000000863d4       0x20 releasezoeRoboticsFirmware/firmware.a(main.o)
                0x00000000000863d4                controlDropCup(int)
 .text._Z16resetElapsedTimei
                0x00000000000863f4       0x18 releasezoeRoboticsFirmware/firmware.a(main.o)
                0x00000000000863f4                resetElapsedTime(int)
 .text._Z14init_interruptv
                0x000000000008640c       0x40 releasezoeRoboticsFirmware/firmware.a(main.o)
                0x000000000008640c                init_interrupt()
 .text._Z9stopTimeri
                0x000000000008644c       0x80 releasezoeRoboticsFirmware/firmware.a(main.o)
                0x000000000008644c                stopTimer(int)
 .text._Z10startTimeriim
                0x00000000000864cc      0x148 releasezoeRoboticsFirmware/firmware.a(main.o)
                0x00000000000864cc                startTimer(int, int, unsigned long)
 .text._Z12rebootTimersv
                0x0000000000086614       0x70 releasezoeRoboticsFirmware/firmware.a(main.o)
                0x0000000000086614                rebootTimers()
 .text._Z13stopMotionAllv
                0x0000000000086684       0x94 releasezoeRoboticsFirmware/firmware.a(main.o)
                0x0000000000086684                stopMotionAll()
 .text._Z15getHomeSWStatusv
                0x0000000000086718       0x2c releasezoeRoboticsFirmware/firmware.a(main.o)
                0x0000000000086718                getHomeSWStatus()
 .text._Z15getHomeSWStatusi
                0x0000000000086744       0x24 releasezoeRoboticsFirmware/firmware.a(main.o)
                0x0000000000086744                getHomeSWStatus(int)
 .text.PIOB_Handler
                0x0000000000086768       0x50 releasezoeRoboticsFirmware/firmware.a(main.o)
                0x0000000000086768                PIOB_Handler
 .text.TC4_Handler
                0x00000000000867b8       0xa8 releasezoeRoboticsFirmware/firmware.a(main.o)
                0x00000000000867b8                TC4_Handler
 .text.TC5_Handler
                0x0000000000086860       0xb4 releasezoeRoboticsFirmware/firmware.a(main.o)
                0x0000000000086860                TC5_Handler
 .text.TC6_Handler
                0x0000000000086914       0xb4 releasezoeRoboticsFirmware/firmware.a(main.o)
                0x0000000000086914                TC6_Handler
 .text.TC7_Handler
                0x00000000000869c8       0xb4 releasezoeRoboticsFirmware/firmware.a(main.o)
                0x00000000000869c8                TC7_Handler
 .text._Z9reportACKiii
                0x0000000000086a7c       0x98 releasezoeRoboticsFirmware/firmware.a(main.o)
                0x0000000000086a7c                reportACK(int, int, int)
 .text._Z16controlPowerLineb
                0x0000000000086b14       0x5c releasezoeRoboticsFirmware/firmware.a(main.o)
                0x0000000000086b14                controlPowerLine(bool)
 .text._Z12reportStatusv
                0x0000000000086b70       0xd4 releasezoeRoboticsFirmware/firmware.a(main.o)
                0x0000000000086b70                reportStatus()
 .text._Z12reportStatusii
                0x0000000000086c44       0xd8 releasezoeRoboticsFirmware/firmware.a(main.o)
                0x0000000000086c44                reportStatus(int, int)
 .text._Z18reportEncoderValueiil
                0x0000000000086d1c       0x98 releasezoeRoboticsFirmware/firmware.a(main.o)
                0x0000000000086d1c                reportEncoderValue(int, int, long)
 .text._Z18reportAllPosStatusii
                0x0000000000086db4       0xa8 releasezoeRoboticsFirmware/firmware.a(main.o)
                0x0000000000086db4                reportAllPosStatus(int, int)
 .text._Z22reportGenKinDataStatusiii
                0x0000000000086e5c       0xcc releasezoeRoboticsFirmware/firmware.a(main.o)
                0x0000000000086e5c                reportGenKinDataStatus(int, int, int)
 .text._Z20processFinishingMovei
                0x0000000000086f28       0xec releasezoeRoboticsFirmware/firmware.a(main.o)
                0x0000000000086f28                processFinishingMove(int)
 .text.TC0_Handler
                0x0000000000087014      0x388 releasezoeRoboticsFirmware/firmware.a(main.o)
                0x0000000000087014                TC0_Handler
 .text.TC1_Handler
                0x000000000008739c      0x3d8 releasezoeRoboticsFirmware/firmware.a(main.o)
                0x000000000008739c                TC1_Handler
 .text.TC2_Handler
                0x0000000000087774      0x3f0 releasezoeRoboticsFirmware/firmware.a(main.o)
                0x0000000000087774                TC2_Handler
 .text.TC3_Handler
                0x0000000000087b64      0x3e8 releasezoeRoboticsFirmware/firmware.a(main.o)
                0x0000000000087b64                TC3_Handler
 .text.main     0x0000000000087f4c      0x480 releasezoeRoboticsFirmware/firmware.a(main.o)
                0x0000000000087f4c                main
 .text._GLOBAL__sub_I_init_controller
                0x00000000000883cc       0xe4 releasezoeRoboticsFirmware/firmware.a(main.o)
 .text._ZN12mkCANEncoderC2Ev
                0x00000000000884b0       0x34 releasezoeRoboticsFirmware/firmware.a(mkCANEncoder.o)
                0x00000000000884b0                mkCANEncoder::mkCANEncoder()
                0x00000000000884b0                mkCANEncoder::mkCANEncoder()
 .text._ZN12mkCANEncoder7initCANEv
                0x00000000000884e4       0x38 releasezoeRoboticsFirmware/firmware.a(mkCANEncoder.o)
                0x00000000000884e4                mkCANEncoder::initCAN()
 .text._ZN12mkCANEncoder18setReadEncoderDataEi
                0x000000000008851c       0x88 releasezoeRoboticsFirmware/firmware.a(mkCANEncoder.o)
                0x000000000008851c                mkCANEncoder::setReadEncoderData(int)
 .text._ZN12mkCANEncoder10setZeroPosEi
                0x00000000000885a4       0x60 releasezoeRoboticsFirmware/firmware.a(mkCANEncoder.o)
                0x00000000000885a4                mkCANEncoder::setZeroPos(int)
 .text._ZN12mkCANEncoder15readEncoderDataEi
                0x0000000000088604       0xcc releasezoeRoboticsFirmware/firmware.a(mkCANEncoder.o)
                0x0000000000088604                mkCANEncoder::readEncoderData(int)
 .text._GLOBAL__sub_I_mkCAN
                0x00000000000886d0       0x14 releasezoeRoboticsFirmware/firmware.a(mkCANEncoder.o)
 .text._ZN9MKCommandD2Ev
                0x00000000000886e4        0x4 releasezoeRoboticsFirmware/firmware.a(mkZoeRobotics_command.o)
                0x00000000000886e4                MKCommand::~MKCommand()
                0x00000000000886e4                MKCommand::~MKCommand()
 .text._ZN9MKCommand10getCommandEv
                0x00000000000886e8       0xcc releasezoeRoboticsFirmware/firmware.a(mkZoeRobotics_command.o)
                0x00000000000886e8                MKCommand::getCommand()
 .text._ZN9MKCommand12getStartMoveEi
                0x00000000000887b4       0xf4 releasezoeRoboticsFirmware/firmware.a(mkZoeRobotics_command.o)
                0x00000000000887b4                MKCommand::getStartMove(int)
 .text._ZN9MKCommand9code_seenEc
                0x00000000000888a8       0x24 releasezoeRoboticsFirmware/firmware.a(mkZoeRobotics_command.o)
                0x00000000000888a8                MKCommand::code_seen(char)
 .text._ZN9MKCommand10code_valueEv
                0x00000000000888cc       0x30 releasezoeRoboticsFirmware/firmware.a(mkZoeRobotics_command.o)
                0x00000000000888cc                MKCommand::code_value()
 .text._ZN9MKCommand29get_gen_linear_motion_profileEv
                0x00000000000888fc      0x10c releasezoeRoboticsFirmware/firmware.a(mkZoeRobotics_command.o)
                0x00000000000888fc                MKCommand::get_gen_linear_motion_profile()
 .text._ZN9MKCommand33get_gen_EErotation_motion_profileEv
                0x0000000000088a08       0xf0 releasezoeRoboticsFirmware/firmware.a(mkZoeRobotics_command.o)
                0x0000000000088a08                MKCommand::get_gen_EErotation_motion_profile()
 .text._ZN9MKCommand31get_gen_circular_motion_profileEv
                0x0000000000088af8      0x10c releasezoeRoboticsFirmware/firmware.a(mkZoeRobotics_command.o)
                0x0000000000088af8                MKCommand::get_gen_circular_motion_profile()
 .text._ZN9MKCommand29get_gen_spiral_motion_profileEv
                0x0000000000088c04      0x144 releasezoeRoboticsFirmware/firmware.a(mkZoeRobotics_command.o)
                0x0000000000088c04                MKCommand::get_gen_spiral_motion_profile()
 .text._ZN9MKCommand17get_speed_profileEv
                0x0000000000088d48      0x108 releasezoeRoboticsFirmware/firmware.a(mkZoeRobotics_command.o)
                0x0000000000088d48                MKCommand::get_speed_profile()
 .text._ZN9MKCommand16process_commandsEv
                0x0000000000088e50      0x534 releasezoeRoboticsFirmware/firmware.a(mkZoeRobotics_command.o)
                0x0000000000088e50                MKCommand::process_commands()
 .text._GLOBAL__sub_I_mkCommand
                0x0000000000089384      0x1a0 releasezoeRoboticsFirmware/firmware.a(mkZoeRobotics_command.o)
 .text._ZN8MKSerialC2Ev
                0x0000000000089524       0x28 releasezoeRoboticsFirmware/firmware.a(mkZoeRobotics_serial.o)
                0x0000000000089524                MKSerial::MKSerial()
                0x0000000000089524                MKSerial::MKSerial()
 .text._ZN8MKSerial5beginEl
                0x000000000008954c       0xa4 releasezoeRoboticsFirmware/firmware.a(mkZoeRobotics_serial.o)
                0x000000000008954c                MKSerial::begin(long)
 .text._ZN8MKSerial10IrqHandlerEv
                0x00000000000895f0       0x5c releasezoeRoboticsFirmware/firmware.a(mkZoeRobotics_serial.o)
                0x00000000000895f0                MKSerial::IrqHandler()
 .text.UART_Handler
                0x000000000008964c       0x14 releasezoeRoboticsFirmware/firmware.a(mkZoeRobotics_serial.o)
                0x000000000008964c                UART_Handler
 .text._ZN8MKSerial4readEv
                0x0000000000089660       0x40 releasezoeRoboticsFirmware/firmware.a(mkZoeRobotics_serial.o)
                0x0000000000089660                MKSerial::read()
 .text._ZN8MKSerial11printNumberEmh
                0x00000000000896a0       0x60 releasezoeRoboticsFirmware/firmware.a(mkZoeRobotics_serial.o)
                0x00000000000896a0                MKSerial::printNumber(unsigned long, unsigned char)
 .text._ZN8MKSerial5printEli
                0x0000000000089700       0x5c releasezoeRoboticsFirmware/firmware.a(mkZoeRobotics_serial.o)
                0x0000000000089700                MKSerial::print(long, int)
 .text._ZN8MKSerial7printlnEv
                0x000000000008975c       0x10 releasezoeRoboticsFirmware/firmware.a(mkZoeRobotics_serial.o)
                0x000000000008975c                MKSerial::println()
 .text._ZN8MKSerial7printlnEPKc
                0x000000000008976c       0x38 releasezoeRoboticsFirmware/firmware.a(mkZoeRobotics_serial.o)
                0x000000000008976c                MKSerial::println(char const*)
 .text._GLOBAL__sub_I_mkSerial
                0x00000000000897a4       0x14 releasezoeRoboticsFirmware/firmware.a(mkZoeRobotics_serial.o)
 .text._ZN12MKVelProfileD2Ev
                0x00000000000897b8        0x4 releasezoeRoboticsFirmware/firmware.a(mkZoeRobotics_velProfile.o)
                0x00000000000897b8                MKVelProfile::~MKVelProfile()
                0x00000000000897b8                MKVelProfile::~MKVelProfile()
 .text._ZN12MKVelProfile17set_speed_profileER12SPEEDProfile
                0x00000000000897bc       0x88 releasezoeRoboticsFirmware/firmware.a(mkZoeRobotics_velProfile.o)
                0x00000000000897bc                MKVelProfile::set_speed_profile(SPEEDProfile&)
 *fill*         0x0000000000089844        0x4 
 .text._ZN12MKVelProfile17gen_speed_profileEtdddd
                0x0000000000089848      0x338 releasezoeRoboticsFirmware/firmware.a(mkZoeRobotics_velProfile.o)
                0x0000000000089848                MKVelProfile::gen_speed_profile(unsigned short, double, double, double, double)
 .text._ZN12MKVelProfile17update_speed_onlyEtm
                0x0000000000089b80       0x10 releasezoeRoboticsFirmware/firmware.a(mkZoeRobotics_velProfile.o)
                0x0000000000089b80                MKVelProfile::update_speed_only(unsigned short, unsigned long)
 .text._ZN12MKVelProfile6invKinEddd
                0x0000000000089b90      0x100 releasezoeRoboticsFirmware/firmware.a(mkZoeRobotics_velProfile.o)
                0x0000000000089b90                MKVelProfile::invKin(double, double, double)
 .text._ZN12MKVelProfile11arcMotionIKEddddd
                0x0000000000089c90       0x84 releasezoeRoboticsFirmware/firmware.a(mkZoeRobotics_velProfile.o)
                0x0000000000089c90                MKVelProfile::arcMotionIK(double, double, double, double, double)
 *fill*         0x0000000000089d14        0x4 
 .text._ZN12MKVelProfile18gen_linear_profileER13LINEARProfile
                0x0000000000089d18      0x8a8 releasezoeRoboticsFirmware/firmware.a(mkZoeRobotics_velProfile.o)
                0x0000000000089d18                MKVelProfile::gen_linear_profile(LINEARProfile&)
 .text._ZN12MKVelProfile22gen_EErotation_profileER17EEROTATIONProfile
                0x000000000008a5c0      0x798 releasezoeRoboticsFirmware/firmware.a(mkZoeRobotics_velProfile.o)
                0x000000000008a5c0                MKVelProfile::gen_EErotation_profile(EEROTATIONProfile&)
 .text._ZN12MKVelProfile17gen_circl_profileER13CIRCLEProfile
                0x000000000008ad58      0x738 releasezoeRoboticsFirmware/firmware.a(mkZoeRobotics_velProfile.o)
                0x000000000008ad58                MKVelProfile::gen_circl_profile(CIRCLEProfile&)
 .text._ZN12MKVelProfile18gen_spiral_profileER13SPIRALProfile
                0x000000000008b490      0x8e8 releasezoeRoboticsFirmware/firmware.a(mkZoeRobotics_velProfile.o)
                0x000000000008b490                MKVelProfile::gen_spiral_profile(SPIRALProfile&)
 .text._GLOBAL__sub_I_mkVelProfile
                0x000000000008bd78       0x58 releasezoeRoboticsFirmware/firmware.a(mkZoeRobotics_velProfile.o)
 .text._ZN6CANRawC2Ev
                0x000000000008bdd0        0x4 releasezoeRoboticsFirmware/firmware.a(due_can.o)
                0x000000000008bdd0                CANRaw::CANRaw()
                0x000000000008bdd0                CANRaw::CANRaw()
 .text._ZN6CANRawC2EP3Canm
                0x000000000008bdd4       0x24 releasezoeRoboticsFirmware/firmware.a(due_can.o)
                0x000000000008bdd4                CANRaw::CANRaw(Can*, unsigned long)
                0x000000000008bdd4                CANRaw::CANRaw(Can*, unsigned long)
 .text._ZN6CANRaw12set_baudrateEm
                0x000000000008bdf8       0xf0 releasezoeRoboticsFirmware/firmware.a(due_can.o)
                0x000000000008bdf8                CANRaw::set_baudrate(unsigned long)
 .text._ZN6CANRaw6enableEv
                0x000000000008bee8       0x20 releasezoeRoboticsFirmware/firmware.a(due_can.o)
                0x000000000008bee8                CANRaw::enable()
 .text._ZN6CANRaw25mailbox_send_transfer_cmdEh
                0x000000000008bf08       0x1c releasezoeRoboticsFirmware/firmware.a(due_can.o)
                0x000000000008bf08                CANRaw::mailbox_send_transfer_cmd(unsigned char)
 .text._ZN6CANRaw12mailbox_initEh
                0x000000000008bf24       0x44 releasezoeRoboticsFirmware/firmware.a(due_can.o)
                0x000000000008bf24                CANRaw::mailbox_init(unsigned char)
 .text._ZN6CANRaw17reset_all_mailboxEv
                0x000000000008bf68       0x1c releasezoeRoboticsFirmware/firmware.a(due_can.o)
                0x000000000008bf68                CANRaw::reset_all_mailbox()
 .text._ZN6CANRaw12mailbox_readEhPV9CAN_FRAME
                0x000000000008bf84       0x88 releasezoeRoboticsFirmware/firmware.a(due_can.o)
                0x000000000008bf84                CANRaw::mailbox_read(unsigned char, CAN_FRAME volatile*)
 .text._ZN6CANRaw14mailbox_set_idEhmb
                0x000000000008c00c       0x30 releasezoeRoboticsFirmware/firmware.a(due_can.o)
                0x000000000008c00c                CANRaw::mailbox_set_id(unsigned char, unsigned long, bool)
 .text._ZN6CANRaw20mailbox_set_priorityEhh
                0x000000000008c03c       0x20 releasezoeRoboticsFirmware/firmware.a(due_can.o)
                0x000000000008c03c                CANRaw::mailbox_set_priority(unsigned char, unsigned char)
 .text._ZN6CANRaw23mailbox_set_accept_maskEhmb
                0x000000000008c05c       0x5c releasezoeRoboticsFirmware/firmware.a(due_can.o)
                0x000000000008c05c                CANRaw::mailbox_set_accept_mask(unsigned char, unsigned long, bool)
 .text._ZN6CANRaw16mailbox_set_modeEhh
                0x000000000008c0b8       0x24 releasezoeRoboticsFirmware/firmware.a(due_can.o)
                0x000000000008c0b8                CANRaw::mailbox_set_mode(unsigned char, unsigned char)
 .text._ZN6CANRaw13setNumTXBoxesEi
                0x000000000008c0dc       0x98 releasezoeRoboticsFirmware/firmware.a(due_can.o)
                0x000000000008c0dc                CANRaw::setNumTXBoxes(int)
 .text._ZN6CANRaw4initEm
                0x000000000008c174       0xf4 releasezoeRoboticsFirmware/firmware.a(due_can.o)
                0x000000000008c174                CANRaw::init(unsigned long)
 .text._ZN6CANRaw5beginEm
                0x000000000008c268        0xc releasezoeRoboticsFirmware/firmware.a(due_can.o)
                0x000000000008c268                CANRaw::begin(unsigned long)
 .text._ZN6CANRaw20mailbox_set_databyteEhhh
                0x000000000008c274       0x5c releasezoeRoboticsFirmware/firmware.a(due_can.o)
                0x000000000008c274                CANRaw::mailbox_set_databyte(unsigned char, unsigned char, unsigned char)
 .text._ZN6CANRaw19mailbox_set_datalenEhh
                0x000000000008c2d0       0x28 releasezoeRoboticsFirmware/firmware.a(due_can.o)
                0x000000000008c2d0                CANRaw::mailbox_set_datalen(unsigned char, unsigned char)
 .text._ZN6CANRaw9sendFrameER9CAN_FRAME
                0x000000000008c2f8      0x114 releasezoeRoboticsFirmware/firmware.a(due_can.o)
                0x000000000008c2f8                CANRaw::sendFrame(CAN_FRAME&)
 .text._ZN6CANRaw9availableEv
                0x000000000008c40c       0x20 releasezoeRoboticsFirmware/firmware.a(due_can.o)
                0x000000000008c40c                CANRaw::available()
 .text._ZN6CANRaw11get_rx_buffER9CAN_FRAME
                0x000000000008c42c       0x7c releasezoeRoboticsFirmware/firmware.a(due_can.o)
                0x000000000008c42c                CANRaw::get_rx_buff(CAN_FRAME&)
 .text._ZN6CANRaw4readER9CAN_FRAME
                0x000000000008c4a8        0xc releasezoeRoboticsFirmware/firmware.a(due_can.o)
                0x000000000008c4a8                CANRaw::read(CAN_FRAME&)
 .text._ZN6CANRaw13getMailboxIerEa
                0x000000000008c4b4       0x34 releasezoeRoboticsFirmware/firmware.a(due_can.o)
                0x000000000008c4b4                CANRaw::getMailboxIer(signed char)
 .text._ZN6CANRaw11setRXFilterEhmmb
                0x000000000008c4e8       0x48 releasezoeRoboticsFirmware/firmware.a(due_can.o)
                0x000000000008c4e8                CANRaw::setRXFilter(unsigned char, unsigned long, unsigned long, bool)
 .text._ZN6CANRaw8watchForEv
                0x000000000008c530       0x50 releasezoeRoboticsFirmware/firmware.a(due_can.o)
                0x000000000008c530                CANRaw::watchFor()
 .text._ZN6CANRaw19mailbox_int_handlerEhm
                0x000000000008c580      0x1d8 releasezoeRoboticsFirmware/firmware.a(due_can.o)
                0x000000000008c580                CANRaw::mailbox_int_handler(unsigned char, unsigned long)
 .text._ZN6CANRaw16interruptHandlerEv
                0x000000000008c758       0x8c releasezoeRoboticsFirmware/firmware.a(due_can.o)
                0x000000000008c758                CANRaw::interruptHandler()
 .text.CAN0_Handler
                0x000000000008c7e4       0x14 releasezoeRoboticsFirmware/firmware.a(due_can.o)
                0x000000000008c7e4                CAN0_Handler
 .text.CAN1_Handler
                0x000000000008c7f8       0x14 releasezoeRoboticsFirmware/firmware.a(due_can.o)
                0x000000000008c7f8                CAN1_Handler
 .text._GLOBAL__sub_I__ZN6CANRawC2Ev
                0x000000000008c80c       0x2c releasezoeRoboticsFirmware/firmware.a(due_can.o)
 .text.adc_init
                0x000000000008c838       0x90 /Users/mikekim/Developer/ZoeRobotics_project/ArduinoCore-sam-master/libsam_sam3x8e_gcc_rel.a(adc.o)
                0x000000000008c838                adc_init
 .text.adc_configure_trigger
                0x000000000008c8c8       0x2a /Users/mikekim/Developer/ZoeRobotics_project/ArduinoCore-sam-master/libsam_sam3x8e_gcc_rel.a(adc.o)
                0x000000000008c8c8                adc_configure_trigger
 .text.adc_configure_timing
                0x000000000008c8f2       0x1a /Users/mikekim/Developer/ZoeRobotics_project/ArduinoCore-sam-master/libsam_sam3x8e_gcc_rel.a(adc.o)
                0x000000000008c8f2                adc_configure_timing
 .text.adc_disable_all_channel
                0x000000000008c90c        0x8 /Users/mikekim/Developer/ZoeRobotics_project/ArduinoCore-sam-master/libsam_sam3x8e_gcc_rel.a(adc.o)
                0x000000000008c90c                adc_disable_all_channel
 .text.adc_disable_interrupt
                0x000000000008c914        0x4 /Users/mikekim/Developer/ZoeRobotics_project/ArduinoCore-sam-master/libsam_sam3x8e_gcc_rel.a(adc.o)
                0x000000000008c914                adc_disable_interrupt
 .text.PIO_SetPeripheral
                0x000000000008c918       0x26 /Users/mikekim/Developer/ZoeRobotics_project/ArduinoCore-sam-master/libsam_sam3x8e_gcc_rel.a(pio.o)
                0x000000000008c918                PIO_SetPeripheral
 .text.PIO_SetInput
                0x000000000008c93e       0x28 /Users/mikekim/Developer/ZoeRobotics_project/ArduinoCore-sam-master/libsam_sam3x8e_gcc_rel.a(pio.o)
                0x000000000008c93e                PIO_SetInput
 .text.PIO_SetOutput
                0x000000000008c966       0x24 /Users/mikekim/Developer/ZoeRobotics_project/ArduinoCore-sam-master/libsam_sam3x8e_gcc_rel.a(pio.o)
                0x000000000008c966                PIO_SetOutput
 *fill*         0x000000000008c98a        0x2 
 .text.PIO_Configure
                0x000000000008c98c       0x60 /Users/mikekim/Developer/ZoeRobotics_project/ArduinoCore-sam-master/libsam_sam3x8e_gcc_rel.a(pio.o)
                0x000000000008c98c                PIO_Configure
 .text.pmc_enable_periph_clk
                0x000000000008c9ec       0x40 /Users/mikekim/Developer/ZoeRobotics_project/ArduinoCore-sam-master/libsam_sam3x8e_gcc_rel.a(pmc.o)
                0x000000000008c9ec                pmc_enable_periph_clk
 .text.pmc_disable_periph_clk
                0x000000000008ca2c       0x40 /Users/mikekim/Developer/ZoeRobotics_project/ArduinoCore-sam-master/libsam_sam3x8e_gcc_rel.a(pmc.o)
                0x000000000008ca2c                pmc_disable_periph_clk
 .text.pmc_set_writeprotect
                0x000000000008ca6c       0x1c /Users/mikekim/Developer/ZoeRobotics_project/ArduinoCore-sam-master/libsam_sam3x8e_gcc_rel.a(pmc.o)
                0x000000000008ca6c                pmc_set_writeprotect
 .text.TC_Configure
                0x000000000008ca88       0x38 /Users/mikekim/Developer/ZoeRobotics_project/ArduinoCore-sam-master/libsam_sam3x8e_gcc_rel.a(tc.o)
                0x000000000008ca88                TC_Configure
 .text.TC_Start
                0x000000000008cac0       0x2c /Users/mikekim/Developer/ZoeRobotics_project/ArduinoCore-sam-master/libsam_sam3x8e_gcc_rel.a(tc.o)
                0x000000000008cac0                TC_Start
 .text.TC_Stop  0x000000000008caec       0x2c /Users/mikekim/Developer/ZoeRobotics_project/ArduinoCore-sam-master/libsam_sam3x8e_gcc_rel.a(tc.o)
                0x000000000008caec                TC_Stop
 .text.TC_GetStatus
                0x000000000008cb18        0x8 /Users/mikekim/Developer/ZoeRobotics_project/ArduinoCore-sam-master/libsam_sam3x8e_gcc_rel.a(tc.o)
                0x000000000008cb18                TC_GetStatus
 .text.TC_SetRC
                0x000000000008cb20        0x8 /Users/mikekim/Developer/ZoeRobotics_project/ArduinoCore-sam-master/libsam_sam3x8e_gcc_rel.a(tc.o)
                0x000000000008cb20                TC_SetRC
 .text.GetTickCount
                0x000000000008cb28        0xc /Users/mikekim/Developer/ZoeRobotics_project/ArduinoCore-sam-master/libsam_sam3x8e_gcc_rel.a(timetick.o)
                0x000000000008cb28                GetTickCount
 .text.Wait     0x000000000008cb34       0x1c /Users/mikekim/Developer/ZoeRobotics_project/ArduinoCore-sam-master/libsam_sam3x8e_gcc_rel.a(timetick.o)
                0x000000000008cb34                Wait
 .text.Sleep    0x000000000008cb50       0x20 /Users/mikekim/Developer/ZoeRobotics_project/ArduinoCore-sam-master/libsam_sam3x8e_gcc_rel.a(timetick.o)
                0x000000000008cb50                Sleep
 .text.WDT_Disable
                0x000000000008cb70        0x8 /Users/mikekim/Developer/ZoeRobotics_project/ArduinoCore-sam-master/libsam_sam3x8e_gcc_rel.a(wdt.o)
                0x000000000008cb70                WDT_Disable
 .text.SystemInit
                0x000000000008cb78       0x7c /Users/mikekim/Developer/ZoeRobotics_project/ArduinoCore-sam-master/libsam_sam3x8e_gcc_rel.a(system_sam3xa.o)
                0x000000000008cb78                SystemInit
 .text.Reset_Handler
                0x000000000008cbf4       0x74 /Users/mikekim/Developer/ZoeRobotics_project/ArduinoCore-sam-master/libsam_sam3x8e_gcc_rel.a(startup_sam3xa.o)
                0x000000000008cbf4                Reset_Handler
 .text._ZN5MKI2C5writeEh
                0x000000000008cc68       0x40 releasezoeRoboticsFirmware/firmware.a(mkZoeRobotics_i2c.o)
                0x000000000008cc68                MKI2C::write(unsigned char)
 .text._ZN5MKI2C5writeEPKhj
                0x000000000008cca8       0x80 releasezoeRoboticsFirmware/firmware.a(mkZoeRobotics_i2c.o)
                0x000000000008cca8                MKI2C::write(unsigned char const*, unsigned int)
 .text._ZN5MKI2C9availableEv
                0x000000000008cd28        0xc releasezoeRoboticsFirmware/firmware.a(mkZoeRobotics_i2c.o)
                0x000000000008cd28                MKI2C::available()
 .text._ZN5MKI2C4readEv
                0x000000000008cd34       0x20 releasezoeRoboticsFirmware/firmware.a(mkZoeRobotics_i2c.o)
                0x000000000008cd34                MKI2C::read()
 .text._ZN5MKI2C4peekEv
                0x000000000008cd54       0x18 releasezoeRoboticsFirmware/firmware.a(mkZoeRobotics_i2c.o)
                0x000000000008cd54                MKI2C::peek()
 .text._ZN5MKI2C5flushEv
                0x000000000008cd6c        0x4 releasezoeRoboticsFirmware/firmware.a(mkZoeRobotics_i2c.o)
                0x000000000008cd6c                MKI2C::flush()
 .text._ZL12Wire1_Deinitv
                0x000000000008cd70       0x20 releasezoeRoboticsFirmware/firmware.a(mkZoeRobotics_i2c.o)
 .text._ZL11Wire_Deinitv
                0x000000000008cd90       0x20 releasezoeRoboticsFirmware/firmware.a(mkZoeRobotics_i2c.o)
 .text._ZN5MKI2CC2EP3TwiPFvvE
                0x000000000008cdb0       0x3c releasezoeRoboticsFirmware/firmware.a(mkZoeRobotics_i2c.o)
                0x000000000008cdb0                MKI2C::MKI2C(Twi*, void (*)())
                0x000000000008cdb0                MKI2C::MKI2C(Twi*, void (*)())
 .text._ZN5MKI2C9onServiceEv
                0x000000000008cdec      0x144 releasezoeRoboticsFirmware/firmware.a(mkZoeRobotics_i2c.o)
                0x000000000008cdec                MKI2C::onService()
 .text.TWI1_Handler
                0x000000000008cf30       0x14 releasezoeRoboticsFirmware/firmware.a(mkZoeRobotics_i2c.o)
                0x000000000008cf30                TWI1_Handler
 .text.TWI0_Handler
                0x000000000008cf44       0x14 releasezoeRoboticsFirmware/firmware.a(mkZoeRobotics_i2c.o)
                0x000000000008cf44                TWI0_Handler
 .text._GLOBAL__sub_I__ZN5MKI2CC2EP3TwiPFvvE
                0x000000000008cf58       0x34 releasezoeRoboticsFirmware/firmware.a(mkZoeRobotics_i2c.o)
 .text.TWI_ReadByte
                0x000000000008cf8c       0x28 /Users/mikekim/Developer/ZoeRobotics_project/ArduinoCore-sam-master/libsam_sam3x8e_gcc_rel.a(twi.o)
                0x000000000008cf8c                TWI_ReadByte
 .text.TWI_WriteByte
                0x000000000008cfb4       0x24 /Users/mikekim/Developer/ZoeRobotics_project/ArduinoCore-sam-master/libsam_sam3x8e_gcc_rel.a(twi.o)
                0x000000000008cfb4                TWI_WriteByte
 .text.TWI_EnableIt
                0x000000000008cfd8       0x40 /Users/mikekim/Developer/ZoeRobotics_project/ArduinoCore-sam-master/libsam_sam3x8e_gcc_rel.a(twi.o)
                0x000000000008cfd8                TWI_EnableIt
 .text.TWI_DisableIt
                0x000000000008d018       0x40 /Users/mikekim/Developer/ZoeRobotics_project/ArduinoCore-sam-master/libsam_sam3x8e_gcc_rel.a(twi.o)
                0x000000000008d018                TWI_DisableIt
 .text.TWI_GetStatus
                0x000000000008d058       0x28 /Users/mikekim/Developer/ZoeRobotics_project/ArduinoCore-sam-master/libsam_sam3x8e_gcc_rel.a(twi.o)
                0x000000000008d058                TWI_GetStatus
 .text.__aeabi_atexit
                0x000000000008d080        0xc /Users/mikekim/Library/Arduino15/packages/arduino/tools/arm-none-eabi-gcc/4.8.3-2014q1/bin/../lib/gcc/arm-none-eabi/4.8.3/../../../../arm-none-eabi/lib/armv7-m/libstdc++.a(atexit_arm.o)
                0x000000000008d080                __aeabi_atexit
 .text.__cxa_guard_acquire
                0x000000000008d08c       0x38 /Users/mikekim/Library/Arduino15/packages/arduino/tools/arm-none-eabi-gcc/4.8.3-2014q1/bin/../lib/gcc/arm-none-eabi/4.8.3/../../../../arm-none-eabi/lib/armv7-m/libstdc++.a(guard.o)
                0x000000000008d08c                __cxa_guard_acquire
 .text.__cxa_guard_release
                0x000000000008d0c4        0x8 /Users/mikekim/Library/Arduino15/packages/arduino/tools/arm-none-eabi-gcc/4.8.3-2014q1/bin/../lib/gcc/arm-none-eabi/4.8.3/../../../../arm-none-eabi/lib/armv7-m/libstdc++.a(guard.o)
                0x000000000008d0c4                __cxa_guard_release
 .text._ZN9__gnu_cxx20recursive_init_errorD2Ev
                0x000000000008d0cc       0x14 /Users/mikekim/Library/Arduino15/packages/arduino/tools/arm-none-eabi-gcc/4.8.3-2014q1/bin/../lib/gcc/arm-none-eabi/4.8.3/../../../../arm-none-eabi/lib/armv7-m/libstdc++.a(guard_error.o)
                0x000000000008d0cc                __gnu_cxx::recursive_init_error::~recursive_init_error()
                0x000000000008d0cc                __gnu_cxx::recursive_init_error::~recursive_init_error()
 .text._ZN9__gnu_cxx20recursive_init_errorD0Ev
                0x000000000008d0e0       0x1c /Users/mikekim/Library/Arduino15/packages/arduino/tools/arm-none-eabi-gcc/4.8.3-2014q1/bin/../lib/gcc/arm-none-eabi/4.8.3/../../../../arm-none-eabi/lib/armv7-m/libstdc++.a(guard_error.o)
                0x000000000008d0e0                __gnu_cxx::recursive_init_error::~recursive_init_error()
 .text._ZN10__cxxabiv120__si_class_type_infoD2Ev
                0x000000000008d0fc       0x14 /Users/mikekim/Library/Arduino15/packages/arduino/tools/arm-none-eabi-gcc/4.8.3-2014q1/bin/../lib/gcc/arm-none-eabi/4.8.3/../../../../arm-none-eabi/lib/armv7-m/libstdc++.a(si_class_type_info.o)
                0x000000000008d0fc                __cxxabiv1::__si_class_type_info::~__si_class_type_info()
                0x000000000008d0fc                __cxxabiv1::__si_class_type_info::~__si_class_type_info()
 .text._ZN10__cxxabiv120__si_class_type_infoD0Ev
                0x000000000008d110       0x1c /Users/mikekim/Library/Arduino15/packages/arduino/tools/arm-none-eabi-gcc/4.8.3-2014q1/bin/../lib/gcc/arm-none-eabi/4.8.3/../../../../arm-none-eabi/lib/armv7-m/libstdc++.a(si_class_type_info.o)
                0x000000000008d110                __cxxabiv1::__si_class_type_info::~__si_class_type_info()
 .text._ZNK10__cxxabiv120__si_class_type_info20__do_find_public_srcEiPKvPKNS_17__class_type_infoES2_
                0x000000000008d12c       0x34 /Users/mikekim/Library/Arduino15/packages/arduino/tools/arm-none-eabi-gcc/4.8.3-2014q1/bin/../lib/gcc/arm-none-eabi/4.8.3/../../../../arm-none-eabi/lib/armv7-m/libstdc++.a(si_class_type_info.o)
                0x000000000008d12c                __cxxabiv1::__si_class_type_info::__do_find_public_src(int, void const*, __cxxabiv1::__class_type_info const*, void const*) const
 .text._ZNK10__cxxabiv120__si_class_type_info12__do_dyncastEiNS_17__class_type_info10__sub_kindEPKS1_PKvS4_S6_RNS1_16__dyncast_resultE
                0x000000000008d160       0x98 /Users/mikekim/Library/Arduino15/packages/arduino/tools/arm-none-eabi-gcc/4.8.3-2014q1/bin/../lib/gcc/arm-none-eabi/4.8.3/../../../../arm-none-eabi/lib/armv7-m/libstdc++.a(si_class_type_info.o)
                0x000000000008d160                __cxxabiv1::__si_class_type_info::__do_dyncast(int, __cxxabiv1::__class_type_info::__sub_kind, __cxxabiv1::__class_type_info const*, void const*, __cxxabiv1::__class_type_info const*, void const*, __cxxabiv1::__class_type_info::__dyncast_result&) const
 .text._ZNK10__cxxabiv120__si_class_type_info11__do_upcastEPKNS_17__class_type_infoEPKvRNS1_15__upcast_resultE
                0x000000000008d1f8       0x20 /Users/mikekim/Library/Arduino15/packages/arduino/tools/arm-none-eabi-gcc/4.8.3-2014q1/bin/../lib/gcc/arm-none-eabi/4.8.3/../../../../arm-none-eabi/lib/armv7-m/libstdc++.a(si_class_type_info.o)
                0x000000000008d1f8                __cxxabiv1::__si_class_type_info::__do_upcast(__cxxabiv1::__class_type_info const*, void const*, __cxxabiv1::__class_type_info::__upcast_result&) const
 .text._ZNSt9type_infoD2Ev
                0x000000000008d218        0xc /Users/mikekim/Library/Arduino15/packages/arduino/tools/arm-none-eabi-gcc/4.8.3-2014q1/bin/../lib/gcc/arm-none-eabi/4.8.3/../../../../arm-none-eabi/lib/armv7-m/libstdc++.a(tinfo.o)
                0x000000000008d218                std::type_info::~type_info()
                0x000000000008d218                std::type_info::~type_info()
 .text._ZNKSt9type_info14__is_pointer_pEv
                0x000000000008d224        0x4 /Users/mikekim/Library/Arduino15/packages/arduino/tools/arm-none-eabi-gcc/4.8.3-2014q1/bin/../lib/gcc/arm-none-eabi/4.8.3/../../../../arm-none-eabi/lib/armv7-m/libstdc++.a(tinfo.o)
                0x000000000008d224                std::type_info::__is_pointer_p() const
 .text._ZNKSt9type_info15__is_function_pEv
                0x000000000008d228        0x4 /Users/mikekim/Library/Arduino15/packages/arduino/tools/arm-none-eabi-gcc/4.8.3-2014q1/bin/../lib/gcc/arm-none-eabi/4.8.3/../../../../arm-none-eabi/lib/armv7-m/libstdc++.a(tinfo.o)
                0x000000000008d228                std::type_info::__is_function_p() const
 .text._ZNKSt9type_info11__do_upcastEPKN10__cxxabiv117__class_type_infoEPPv
                0x000000000008d22c        0x4 /Users/mikekim/Library/Arduino15/packages/arduino/tools/arm-none-eabi-gcc/4.8.3-2014q1/bin/../lib/gcc/arm-none-eabi/4.8.3/../../../../arm-none-eabi/lib/armv7-m/libstdc++.a(tinfo.o)
                0x000000000008d22c                std::type_info::__do_upcast(__cxxabiv1::__class_type_info const*, void**) const
 .text._ZNSt9type_infoD0Ev
                0x000000000008d230       0x14 /Users/mikekim/Library/Arduino15/packages/arduino/tools/arm-none-eabi-gcc/4.8.3-2014q1/bin/../lib/gcc/arm-none-eabi/4.8.3/../../../../arm-none-eabi/lib/armv7-m/libstdc++.a(tinfo.o)
                0x000000000008d230                std::type_info::~type_info()
 .text._ZNKSt9type_infoeqERKS_
                0x000000000008d244       0x30 /Users/mikekim/Library/Arduino15/packages/arduino/tools/arm-none-eabi-gcc/4.8.3-2014q1/bin/../lib/gcc/arm-none-eabi/4.8.3/../../../../arm-none-eabi/lib/armv7-m/libstdc++.a(tinfo.o)
                0x000000000008d244                std::type_info::operator==(std::type_info const&) const
 .text._ZNKSt9type_info10__do_catchEPKS_PPvj
                0x000000000008d274        0x4 /Users/mikekim/Library/Arduino15/packages/arduino/tools/arm-none-eabi-gcc/4.8.3-2014q1/bin/../lib/gcc/arm-none-eabi/4.8.3/../../../../arm-none-eabi/lib/armv7-m/libstdc++.a(tinfo.o)
                0x000000000008d274                std::type_info::__do_catch(std::type_info const*, void**, unsigned int) const
 .text._ZNK10__cxxabiv117__class_type_info11__do_upcastEPKS0_PPv
                0x000000000008d278       0x38 /Users/mikekim/Library/Arduino15/packages/arduino/tools/arm-none-eabi-gcc/4.8.3-2014q1/bin/../lib/gcc/arm-none-eabi/4.8.3/../../../../arm-none-eabi/lib/armv7-m/libstdc++.a(class_type_info.o)
                0x000000000008d278                __cxxabiv1::__class_type_info::__do_upcast(__cxxabiv1::__class_type_info const*, void**) const
 .text._ZNK10__cxxabiv117__class_type_info20__do_find_public_srcEiPKvPKS0_S2_
                0x000000000008d2b0        0xc /Users/mikekim/Library/Arduino15/packages/arduino/tools/arm-none-eabi-gcc/4.8.3-2014q1/bin/../lib/gcc/arm-none-eabi/4.8.3/../../../../arm-none-eabi/lib/armv7-m/libstdc++.a(class_type_info.o)
                0x000000000008d2b0                __cxxabiv1::__class_type_info::__do_find_public_src(int, void const*, __cxxabiv1::__class_type_info const*, void const*) const
 .text._ZN10__cxxabiv117__class_type_infoD2Ev
                0x000000000008d2bc       0x14 /Users/mikekim/Library/Arduino15/packages/arduino/tools/arm-none-eabi-gcc/4.8.3-2014q1/bin/../lib/gcc/arm-none-eabi/4.8.3/../../../../arm-none-eabi/lib/armv7-m/libstdc++.a(class_type_info.o)
                0x000000000008d2bc                __cxxabiv1::__class_type_info::~__class_type_info()
                0x000000000008d2bc                __cxxabiv1::__class_type_info::~__class_type_info()
 .text._ZN10__cxxabiv117__class_type_infoD0Ev
                0x000000000008d2d0       0x1c /Users/mikekim/Library/Arduino15/packages/arduino/tools/arm-none-eabi-gcc/4.8.3-2014q1/bin/../lib/gcc/arm-none-eabi/4.8.3/../../../../arm-none-eabi/lib/armv7-m/libstdc++.a(class_type_info.o)
                0x000000000008d2d0                __cxxabiv1::__class_type_info::~__class_type_info()
 .text._ZNK10__cxxabiv117__class_type_info11__do_upcastEPKS0_PKvRNS0_15__upcast_resultE
                0x000000000008d2ec       0x18 /Users/mikekim/Library/Arduino15/packages/arduino/tools/arm-none-eabi-gcc/4.8.3-2014q1/bin/../lib/gcc/arm-none-eabi/4.8.3/../../../../arm-none-eabi/lib/armv7-m/libstdc++.a(class_type_info.o)
                0x000000000008d2ec                __cxxabiv1::__class_type_info::__do_upcast(__cxxabiv1::__class_type_info const*, void const*, __cxxabiv1::__class_type_info::__upcast_result&) const
 .text._ZNK10__cxxabiv117__class_type_info10__do_catchEPKSt9type_infoPPvj
                0x000000000008d304       0x24 /Users/mikekim/Library/Arduino15/packages/arduino/tools/arm-none-eabi-gcc/4.8.3-2014q1/bin/../lib/gcc/arm-none-eabi/4.8.3/../../../../arm-none-eabi/lib/armv7-m/libstdc++.a(class_type_info.o)
                0x000000000008d304                __cxxabiv1::__class_type_info::__do_catch(std::type_info const*, void**, unsigned int) const
 .text._ZNK10__cxxabiv117__class_type_info12__do_dyncastEiNS0_10__sub_kindEPKS0_PKvS3_S5_RNS0_16__dyncast_resultE
                0x000000000008d328       0x40 /Users/mikekim/Library/Arduino15/packages/arduino/tools/arm-none-eabi-gcc/4.8.3-2014q1/bin/../lib/gcc/arm-none-eabi/4.8.3/../../../../arm-none-eabi/lib/armv7-m/libstdc++.a(class_type_info.o)
                0x000000000008d328                __cxxabiv1::__class_type_info::__do_dyncast(int, __cxxabiv1::__class_type_info::__sub_kind, __cxxabiv1::__class_type_info const*, void const*, __cxxabiv1::__class_type_info const*, void const*, __cxxabiv1::__class_type_info::__dyncast_result&) const
 .text._ZdlPv   0x000000000008d368        0x8 /Users/mikekim/Library/Arduino15/packages/arduino/tools/arm-none-eabi-gcc/4.8.3-2014q1/bin/../lib/gcc/arm-none-eabi/4.8.3/../../../../arm-none-eabi/lib/armv7-m/libstdc++.a(del_op.o)
                0x000000000008d368                operator delete(void*)
 .text.__cxa_allocate_exception
                0x000000000008d370       0x58 /Users/mikekim/Library/Arduino15/packages/arduino/tools/arm-none-eabi-gcc/4.8.3-2014q1/bin/../lib/gcc/arm-none-eabi/4.8.3/../../../../arm-none-eabi/lib/armv7-m/libstdc++.a(eh_alloc.o)
                0x000000000008d370                __cxa_allocate_exception
 .text.__cxa_free_exception
                0x000000000008d3c8       0x34 /Users/mikekim/Library/Arduino15/packages/arduino/tools/arm-none-eabi-gcc/4.8.3-2014q1/bin/../lib/gcc/arm-none-eabi/4.8.3/../../../../arm-none-eabi/lib/armv7-m/libstdc++.a(eh_alloc.o)
                0x000000000008d3c8                __cxa_free_exception
 .text._ZNSt9exceptionD2Ev
                0x000000000008d3fc        0xc /Users/mikekim/Library/Arduino15/packages/arduino/tools/arm-none-eabi-gcc/4.8.3-2014q1/bin/../lib/gcc/arm-none-eabi/4.8.3/../../../../arm-none-eabi/lib/armv7-m/libstdc++.a(eh_exception.o)
                0x000000000008d3fc                std::exception::~exception()
                0x000000000008d3fc                std::exception::~exception()
 .text._ZNSt13bad_exceptionD2Ev
                0x000000000008d408        0xc /Users/mikekim/Library/Arduino15/packages/arduino/tools/arm-none-eabi-gcc/4.8.3-2014q1/bin/../lib/gcc/arm-none-eabi/4.8.3/../../../../arm-none-eabi/lib/armv7-m/libstdc++.a(eh_exception.o)
                0x000000000008d408                std::bad_exception::~bad_exception()
                0x000000000008d408                std::bad_exception::~bad_exception()
 .text._ZNKSt9exception4whatEv
                0x000000000008d414        0x8 /Users/mikekim/Library/Arduino15/packages/arduino/tools/arm-none-eabi-gcc/4.8.3-2014q1/bin/../lib/gcc/arm-none-eabi/4.8.3/../../../../arm-none-eabi/lib/armv7-m/libstdc++.a(eh_exception.o)
                0x000000000008d414                std::exception::what() const
 .text._ZNKSt13bad_exception4whatEv
                0x000000000008d41c        0x8 /Users/mikekim/Library/Arduino15/packages/arduino/tools/arm-none-eabi-gcc/4.8.3-2014q1/bin/../lib/gcc/arm-none-eabi/4.8.3/../../../../arm-none-eabi/lib/armv7-m/libstdc++.a(eh_exception.o)
                0x000000000008d41c                std::bad_exception::what() const
 .text._ZNSt9exceptionD0Ev
                0x000000000008d424       0x14 /Users/mikekim/Library/Arduino15/packages/arduino/tools/arm-none-eabi-gcc/4.8.3-2014q1/bin/../lib/gcc/arm-none-eabi/4.8.3/../../../../arm-none-eabi/lib/armv7-m/libstdc++.a(eh_exception.o)
                0x000000000008d424                std::exception::~exception()
 .text._ZNSt13bad_exceptionD0Ev
                0x000000000008d438       0x14 /Users/mikekim/Library/Arduino15/packages/arduino/tools/arm-none-eabi-gcc/4.8.3-2014q1/bin/../lib/gcc/arm-none-eabi/4.8.3/../../../../arm-none-eabi/lib/armv7-m/libstdc++.a(eh_exception.o)
                0x000000000008d438                std::bad_exception::~bad_exception()
 .text._ZN10__cxxabiv111__terminateEPFvvE
                0x000000000008d44c       0x28 /Users/mikekim/Library/Arduino15/packages/arduino/tools/arm-none-eabi-gcc/4.8.3-2014q1/bin/../lib/gcc/arm-none-eabi/4.8.3/../../../../arm-none-eabi/lib/armv7-m/libstdc++.a(eh_terminate.o)
                0x000000000008d44c                __cxxabiv1::__terminate(void (*)())
 .text._ZSt9terminatev
                0x000000000008d474       0x10 /Users/mikekim/Library/Arduino15/packages/arduino/tools/arm-none-eabi-gcc/4.8.3-2014q1/bin/../lib/gcc/arm-none-eabi/4.8.3/../../../../arm-none-eabi/lib/armv7-m/libstdc++.a(eh_terminate.o)
                0x000000000008d474                std::terminate()
 .text._ZN10__cxxabiv112__unexpectedEPFvvE
                0x000000000008d484        0x8 /Users/mikekim/Library/Arduino15/packages/arduino/tools/arm-none-eabi-gcc/4.8.3-2014q1/bin/../lib/gcc/arm-none-eabi/4.8.3/../../../../arm-none-eabi/lib/armv7-m/libstdc++.a(eh_terminate.o)
                0x000000000008d484                __cxxabiv1::__unexpected(void (*)())
 .text._ZSt10unexpectedv
                0x000000000008d48c       0x10 /Users/mikekim/Library/Arduino15/packages/arduino/tools/arm-none-eabi-gcc/4.8.3-2014q1/bin/../lib/gcc/arm-none-eabi/4.8.3/../../../../arm-none-eabi/lib/armv7-m/libstdc++.a(eh_terminate.o)
                0x000000000008d48c                std::unexpected()
 .text._ZL23__gxx_exception_cleanup19_Unwind_Reason_CodeP21_Unwind_Control_Block
                0x000000000008d49c       0x44 /Users/mikekim/Library/Arduino15/packages/arduino/tools/arm-none-eabi-gcc/4.8.3-2014q1/bin/../lib/gcc/arm-none-eabi/4.8.3/../../../../arm-none-eabi/lib/armv7-m/libstdc++.a(eh_throw.o)
 .text.__cxa_throw
                0x000000000008d4e0       0x90 /Users/mikekim/Library/Arduino15/packages/arduino/tools/arm-none-eabi-gcc/4.8.3-2014q1/bin/../lib/gcc/arm-none-eabi/4.8.3/../../../../arm-none-eabi/lib/armv7-m/libstdc++.a(eh_throw.o)
                0x000000000008d4e0                __cxa_throw
 .text.__cxa_rethrow
                0x000000000008d570       0x70 /Users/mikekim/Library/Arduino15/packages/arduino/tools/arm-none-eabi-gcc/4.8.3-2014q1/bin/../lib/gcc/arm-none-eabi/4.8.3/../../../../arm-none-eabi/lib/armv7-m/libstdc++.a(eh_throw.o)
                0x000000000008d570                __cxa_rethrow
 .text.__cxa_end_cleanup
                0x000000000008d5e0        0xc /Users/mikekim/Library/Arduino15/packages/arduino/tools/arm-none-eabi-gcc/4.8.3-2014q1/bin/../lib/gcc/arm-none-eabi/4.8.3/../../../../arm-none-eabi/lib/armv7-m/libstdc++.a(eh_arm.o)
                0x000000000008d5e0                __cxa_end_cleanup
 .text.__cxa_type_match
                0x000000000008d5ec       0xac /Users/mikekim/Library/Arduino15/packages/arduino/tools/arm-none-eabi-gcc/4.8.3-2014q1/bin/../lib/gcc/arm-none-eabi/4.8.3/../../../../arm-none-eabi/lib/armv7-m/libstdc++.a(eh_arm.o)
                0x000000000008d5ec                __cxa_type_match
 .text.__cxa_begin_cleanup
                0x000000000008d698       0x64 /Users/mikekim/Library/Arduino15/packages/arduino/tools/arm-none-eabi-gcc/4.8.3-2014q1/bin/../lib/gcc/arm-none-eabi/4.8.3/../../../../arm-none-eabi/lib/armv7-m/libstdc++.a(eh_arm.o)
                0x000000000008d698                __cxa_begin_cleanup
 .text.__gnu_end_cleanup
                0x000000000008d6fc       0x70 /Users/mikekim/Library/Arduino15/packages/arduino/tools/arm-none-eabi-gcc/4.8.3-2014q1/bin/../lib/gcc/arm-none-eabi/4.8.3/../../../../arm-none-eabi/lib/armv7-m/libstdc++.a(eh_arm.o)
                0x000000000008d6fc                __gnu_end_cleanup
 .text._ZN10__cxxabiv1L24__is_gxx_exception_classEPc
                0x000000000008d76c       0x3c /Users/mikekim/Library/Arduino15/packages/arduino/tools/arm-none-eabi-gcc/4.8.3-2014q1/bin/../lib/gcc/arm-none-eabi/4.8.3/../../../../arm-none-eabi/lib/armv7-m/libstdc++.a(eh_call.o)
 .text.__cxa_call_terminate
                0x000000000008d7a8       0x20 /Users/mikekim/Library/Arduino15/packages/arduino/tools/arm-none-eabi-gcc/4.8.3-2014q1/bin/../lib/gcc/arm-none-eabi/4.8.3/../../../../arm-none-eabi/lib/armv7-m/libstdc++.a(eh_call.o)
                0x000000000008d7a8                __cxa_call_terminate
 .text.__cxa_call_unexpected
                0x000000000008d7c8       0xd8 /Users/mikekim/Library/Arduino15/packages/arduino/tools/arm-none-eabi-gcc/4.8.3-2014q1/bin/../lib/gcc/arm-none-eabi/4.8.3/../../../../arm-none-eabi/lib/armv7-m/libstdc++.a(eh_call.o)
                0x000000000008d7c8                __cxa_call_unexpected
 .text.__cxa_begin_catch
                0x000000000008d8a0       0x8c /Users/mikekim/Library/Arduino15/packages/arduino/tools/arm-none-eabi-gcc/4.8.3-2014q1/bin/../lib/gcc/arm-none-eabi/4.8.3/../../../../arm-none-eabi/lib/armv7-m/libstdc++.a(eh_catch.o)
                0x000000000008d8a0                __cxa_begin_catch
 .text.__cxa_end_catch
                0x000000000008d92c       0x8c /Users/mikekim/Library/Arduino15/packages/arduino/tools/arm-none-eabi-gcc/4.8.3-2014q1/bin/../lib/gcc/arm-none-eabi/4.8.3/../../../../arm-none-eabi/lib/armv7-m/libstdc++.a(eh_catch.o)
                0x000000000008d92c                __cxa_end_catch
 .text.__cxa_get_globals_fast
                0x000000000008d9b8        0x8 /Users/mikekim/Library/Arduino15/packages/arduino/tools/arm-none-eabi-gcc/4.8.3-2014q1/bin/../lib/gcc/arm-none-eabi/4.8.3/../../../../arm-none-eabi/lib/armv7-m/libstdc++.a(eh_globals.o)
                0x000000000008d9b8                __cxa_get_globals_fast
 .text.__cxa_get_globals
                0x000000000008d9c0        0x8 /Users/mikekim/Library/Arduino15/packages/arduino/tools/arm-none-eabi-gcc/4.8.3-2014q1/bin/../lib/gcc/arm-none-eabi/4.8.3/../../../../arm-none-eabi/lib/armv7-m/libstdc++.a(eh_globals.o)
                0x000000000008d9c0                __cxa_get_globals
 .text._ZL12read_sleb128PKhPl
                0x000000000008d9c8       0x34 /Users/mikekim/Library/Arduino15/packages/arduino/tools/arm-none-eabi-gcc/4.8.3-2014q1/bin/../lib/gcc/arm-none-eabi/4.8.3/../../../../arm-none-eabi/lib/armv7-m/libstdc++.a(eh_personality.o)
 .text._ZL28read_encoded_value_with_basehjPKhPj
                0x000000000008d9fc       0xb0 /Users/mikekim/Library/Arduino15/packages/arduino/tools/arm-none-eabi-gcc/4.8.3-2014q1/bin/../lib/gcc/arm-none-eabi/4.8.3/../../../../arm-none-eabi/lib/armv7-m/libstdc++.a(eh_personality.o)
 .text._ZL21base_of_encoded_valuehP15_Unwind_Context
                0x000000000008daac       0x4c /Users/mikekim/Library/Arduino15/packages/arduino/tools/arm-none-eabi-gcc/4.8.3-2014q1/bin/../lib/gcc/arm-none-eabi/4.8.3/../../../../arm-none-eabi/lib/armv7-m/libstdc++.a(eh_personality.o)
 .text._ZL17parse_lsda_headerP15_Unwind_ContextPKhP16lsda_header_info
                0x000000000008daf8       0x94 /Users/mikekim/Library/Arduino15/packages/arduino/tools/arm-none-eabi-gcc/4.8.3-2014q1/bin/../lib/gcc/arm-none-eabi/4.8.3/../../../../arm-none-eabi/lib/armv7-m/libstdc++.a(eh_personality.o)
 .text.__gxx_personality_v0
                0x000000000008db8c      0x40c /Users/mikekim/Library/Arduino15/packages/arduino/tools/arm-none-eabi-gcc/4.8.3-2014q1/bin/../lib/gcc/arm-none-eabi/4.8.3/../../../../arm-none-eabi/lib/armv7-m/libstdc++.a(eh_personality.o)
                0x000000000008db8c                __gxx_personality_v0
 .text._ZN9__gnu_cxx27__verbose_terminate_handlerEv
                0x000000000008df98      0x114 /Users/mikekim/Library/Arduino15/packages/arduino/tools/arm-none-eabi-gcc/4.8.3-2014q1/bin/../lib/gcc/arm-none-eabi/4.8.3/../../../../arm-none-eabi/lib/armv7-m/libstdc++.a(vterminate.o)
                0x000000000008df98                __gnu_cxx::__verbose_terminate_handler()
 .text          0x000000000008e0ac     0x57a0 /Users/mikekim/Library/Arduino15/packages/arduino/tools/arm-none-eabi-gcc/4.8.3-2014q1/bin/../lib/gcc/arm-none-eabi/4.8.3/../../../../arm-none-eabi/lib/armv7-m/libstdc++.a(cp-demangle.o)
                0x000000000009376c                __cxa_demangle
                0x0000000000093830                __gcclibcxx_demangle_callback
 .text.__cxa_current_exception_type
                0x000000000009384c       0x1c /Users/mikekim/Library/Arduino15/packages/arduino/tools/arm-none-eabi-gcc/4.8.3-2014q1/bin/../lib/gcc/arm-none-eabi/4.8.3/../../../../arm-none-eabi/lib/armv7-m/libstdc++.a(eh_type.o)
                0x000000000009384c                __cxa_current_exception_type
 .text.cos      0x0000000000093868       0x8c /Users/mikekim/Library/Arduino15/packages/arduino/tools/arm-none-eabi-gcc/4.8.3-2014q1/bin/../lib/gcc/arm-none-eabi/4.8.3/../../../../arm-none-eabi/lib/armv7-m/libm.a(lib_a-s_cos.o)
                0x0000000000093868                cos
 *fill*         0x00000000000938f4        0x4 
 .text.floor    0x00000000000938f8      0x120 /Users/mikekim/Library/Arduino15/packages/arduino/tools/arm-none-eabi-gcc/4.8.3-2014q1/bin/../lib/gcc/arm-none-eabi/4.8.3/../../../../arm-none-eabi/lib/armv7-m/libm.a(lib_a-s_floor.o)
                0x00000000000938f8                floor
 .text.lround   0x0000000000093a18       0x94 /Users/mikekim/Library/Arduino15/packages/arduino/tools/arm-none-eabi-gcc/4.8.3-2014q1/bin/../lib/gcc/arm-none-eabi/4.8.3/../../../../arm-none-eabi/lib/armv7-m/libm.a(lib_a-s_lround.o)
                0x0000000000093a18                lround
 .text.round    0x0000000000093aac       0x9c /Users/mikekim/Library/Arduino15/packages/arduino/tools/arm-none-eabi-gcc/4.8.3-2014q1/bin/../lib/gcc/arm-none-eabi/4.8.3/../../../../arm-none-eabi/lib/armv7-m/libm.a(lib_a-s_round.o)
                0x0000000000093aac                round
 .text.sin      0x0000000000093b48       0x94 /Users/mikekim/Library/Arduino15/packages/arduino/tools/arm-none-eabi-gcc/4.8.3-2014q1/bin/../lib/gcc/arm-none-eabi/4.8.3/../../../../arm-none-eabi/lib/armv7-m/libm.a(lib_a-s_sin.o)
                0x0000000000093b48                sin
 .text.asin     0x0000000000093bdc       0xa8 /Users/mikekim/Library/Arduino15/packages/arduino/tools/arm-none-eabi-gcc/4.8.3-2014q1/bin/../lib/gcc/arm-none-eabi/4.8.3/../../../../arm-none-eabi/lib/armv7-m/libm.a(lib_a-w_asin.o)
                0x0000000000093bdc                asin
 .text.pow      0x0000000000093c84      0x2f8 /Users/mikekim/Library/Arduino15/packages/arduino/tools/arm-none-eabi-gcc/4.8.3-2014q1/bin/../lib/gcc/arm-none-eabi/4.8.3/../../../../arm-none-eabi/lib/armv7-m/libm.a(lib_a-w_pow.o)
                0x0000000000093c84                pow
 .text.sqrt     0x0000000000093f7c       0xac /Users/mikekim/Library/Arduino15/packages/arduino/tools/arm-none-eabi-gcc/4.8.3-2014q1/bin/../lib/gcc/arm-none-eabi/4.8.3/../../../../arm-none-eabi/lib/armv7-m/libm.a(lib_a-w_sqrt.o)
                0x0000000000093f7c                sqrt
 .text.__ieee754_asin
                0x0000000000094028      0x470 /Users/mikekim/Library/Arduino15/packages/arduino/tools/arm-none-eabi-gcc/4.8.3-2014q1/bin/../lib/gcc/arm-none-eabi/4.8.3/../../../../arm-none-eabi/lib/armv7-m/libm.a(lib_a-e_asin.o)
                0x0000000000094028                __ieee754_asin
 .text.__ieee754_pow
                0x0000000000094498      0xab8 /Users/mikekim/Library/Arduino15/packages/arduino/tools/arm-none-eabi-gcc/4.8.3-2014q1/bin/../lib/gcc/arm-none-eabi/4.8.3/../../../../arm-none-eabi/lib/armv7-m/libm.a(lib_a-e_pow.o)
                0x0000000000094498                __ieee754_pow
 .text.__ieee754_rem_pio2
                0x0000000000094f50      0x440 /Users/mikekim/Library/Arduino15/packages/arduino/tools/arm-none-eabi-gcc/4.8.3-2014q1/bin/../lib/gcc/arm-none-eabi/4.8.3/../../../../arm-none-eabi/lib/armv7-m/libm.a(lib_a-e_rem_pio2.o)
                0x0000000000094f50                __ieee754_rem_pio2
 .text.__ieee754_sqrt
                0x0000000000095390      0x180 /Users/mikekim/Library/Arduino15/packages/arduino/tools/arm-none-eabi-gcc/4.8.3-2014q1/bin/../lib/gcc/arm-none-eabi/4.8.3/../../../../arm-none-eabi/lib/armv7-m/libm.a(lib_a-e_sqrt.o)
                0x0000000000095390                __ieee754_sqrt
 .text.__kernel_cos
                0x0000000000095510      0x248 /Users/mikekim/Library/Arduino15/packages/arduino/tools/arm-none-eabi-gcc/4.8.3-2014q1/bin/../lib/gcc/arm-none-eabi/4.8.3/../../../../arm-none-eabi/lib/armv7-m/libm.a(lib_a-k_cos.o)
                0x0000000000095510                __kernel_cos
 .text.__kernel_rem_pio2
                0x0000000000095758      0x7bc /Users/mikekim/Library/Arduino15/packages/arduino/tools/arm-none-eabi-gcc/4.8.3-2014q1/bin/../lib/gcc/arm-none-eabi/4.8.3/../../../../arm-none-eabi/lib/armv7-m/libm.a(lib_a-k_rem_pio2.o)
                0x0000000000095758                __kernel_rem_pio2
 *fill*         0x0000000000095f14        0x4 
 .text.__kernel_sin
                0x0000000000095f18      0x170 /Users/mikekim/Library/Arduino15/packages/arduino/tools/arm-none-eabi-gcc/4.8.3-2014q1/bin/../lib/gcc/arm-none-eabi/4.8.3/../../../../arm-none-eabi/lib/armv7-m/libm.a(lib_a-k_sin.o)
                0x0000000000095f18                __kernel_sin
 .text.fabs     0x0000000000096088        0x8 /Users/mikekim/Library/Arduino15/packages/arduino/tools/arm-none-eabi-gcc/4.8.3-2014q1/bin/../lib/gcc/arm-none-eabi/4.8.3/../../../../arm-none-eabi/lib/armv7-m/libm.a(lib_a-s_fabs.o)
                0x0000000000096088                fabs
 .text.finite   0x0000000000096090        0xc /Users/mikekim/Library/Arduino15/packages/arduino/tools/arm-none-eabi-gcc/4.8.3-2014q1/bin/../lib/gcc/arm-none-eabi/4.8.3/../../../../arm-none-eabi/lib/armv7-m/libm.a(lib_a-s_finite.o)
                0x0000000000096090                finite
 .text.__fpclassifyd
                0x000000000009609c       0x50 /Users/mikekim/Library/Arduino15/packages/arduino/tools/arm-none-eabi-gcc/4.8.3-2014q1/bin/../lib/gcc/arm-none-eabi/4.8.3/../../../../arm-none-eabi/lib/armv7-m/libm.a(lib_a-s_fpclassify.o)
                0x000000000009609c                __fpclassifyd
 .text.matherr  0x00000000000960ec        0x4 /Users/mikekim/Library/Arduino15/packages/arduino/tools/arm-none-eabi-gcc/4.8.3-2014q1/bin/../lib/gcc/arm-none-eabi/4.8.3/../../../../arm-none-eabi/lib/armv7-m/libm.a(lib_a-s_matherr.o)
                0x00000000000960ec                matherr
 .text.nan      0x00000000000960f0        0xc /Users/mikekim/Library/Arduino15/packages/arduino/tools/arm-none-eabi-gcc/4.8.3-2014q1/bin/../lib/gcc/arm-none-eabi/4.8.3/../../../../arm-none-eabi/lib/armv7-m/libm.a(lib_a-s_nan.o)
                0x00000000000960f0                nan
 .text.rint     0x00000000000960fc      0x118 /Users/mikekim/Library/Arduino15/packages/arduino/tools/arm-none-eabi-gcc/4.8.3-2014q1/bin/../lib/gcc/arm-none-eabi/4.8.3/../../../../arm-none-eabi/lib/armv7-m/libm.a(lib_a-s_rint.o)
                0x00000000000960fc                rint
 *fill*         0x0000000000096214        0x4 
 .text.scalbn   0x0000000000096218      0x100 /Users/mikekim/Library/Arduino15/packages/arduino/tools/arm-none-eabi-gcc/4.8.3-2014q1/bin/../lib/gcc/arm-none-eabi/4.8.3/../../../../arm-none-eabi/lib/armv7-m/libm.a(lib_a-s_scalbn.o)
                0x0000000000096218                scalbn
 .text.copysign
                0x0000000000096318       0x14 /Users/mikekim/Library/Arduino15/packages/arduino/tools/arm-none-eabi-gcc/4.8.3-2014q1/bin/../lib/gcc/arm-none-eabi/4.8.3/../../../../arm-none-eabi/lib/armv7-m/libm.a(lib_a-s_copysign.o)
                0x0000000000096318                copysign
 .text          0x000000000009632c      0x370 /Users/mikekim/Library/Arduino15/packages/arduino/tools/arm-none-eabi-gcc/4.8.3-2014q1/bin/../lib/gcc/arm-none-eabi/4.8.3/armv7-m/libgcc.a(_arm_addsubdf3.o)
                0x000000000009632c                __aeabi_drsub
                0x0000000000096334                __subdf3
                0x0000000000096334                __aeabi_dsub
                0x0000000000096338                __aeabi_dadd
                0x0000000000096338                __adddf3
                0x00000000000965b0                __aeabi_ui2d
                0x00000000000965b0                __floatunsidf
                0x00000000000965d0                __floatsidf
                0x00000000000965d0                __aeabi_i2d
                0x00000000000965f4                __extendsfdf2
                0x00000000000965f4                __aeabi_f2d
                0x0000000000096630                __aeabi_ul2d
                0x0000000000096630                __floatundidf
                0x0000000000096640                __aeabi_l2d
                0x0000000000096640                __floatdidf
 .text          0x000000000009669c      0x424 /Users/mikekim/Library/Arduino15/packages/arduino/tools/arm-none-eabi-gcc/4.8.3-2014q1/bin/../lib/gcc/arm-none-eabi/4.8.3/armv7-m/libgcc.a(_arm_muldivdf3.o)
                0x000000000009669c                __aeabi_dmul
                0x000000000009669c                __muldf3
                0x00000000000968f0                __aeabi_ddiv
                0x00000000000968f0                __divdf3
 .text          0x0000000000096ac0      0x110 /Users/mikekim/Library/Arduino15/packages/arduino/tools/arm-none-eabi-gcc/4.8.3-2014q1/bin/../lib/gcc/arm-none-eabi/4.8.3/armv7-m/libgcc.a(_arm_cmpdf2.o)
                0x0000000000096ac0                __gedf2
                0x0000000000096ac0                __gtdf2
                0x0000000000096ac8                __ledf2
                0x0000000000096ac8                __ltdf2
                0x0000000000096ad0                __cmpdf2
                0x0000000000096ad0                __eqdf2
                0x0000000000096ad0                __nedf2
                0x0000000000096b4c                __aeabi_cdrcmple
                0x0000000000096b5c                __aeabi_cdcmple
                0x0000000000096b5c                __aeabi_cdcmpeq
                0x0000000000096b6c                __aeabi_dcmpeq
                0x0000000000096b80                __aeabi_dcmplt
                0x0000000000096b94                __aeabi_dcmple
                0x0000000000096ba8                __aeabi_dcmpge
                0x0000000000096bbc                __aeabi_dcmpgt
 .text          0x0000000000096bd0       0x50 /Users/mikekim/Library/Arduino15/packages/arduino/tools/arm-none-eabi-gcc/4.8.3-2014q1/bin/../lib/gcc/arm-none-eabi/4.8.3/armv7-m/libgcc.a(_arm_fixdfsi.o)
                0x0000000000096bd0                __fixdfsi
                0x0000000000096bd0                __aeabi_d2iz
 .text          0x0000000000096c20       0x40 /Users/mikekim/Library/Arduino15/packages/arduino/tools/arm-none-eabi-gcc/4.8.3-2014q1/bin/../lib/gcc/arm-none-eabi/4.8.3/armv7-m/libgcc.a(_arm_fixunsdfsi.o)
                0x0000000000096c20                __fixunsdfsi
                0x0000000000096c20                __aeabi_d2uiz
 .text          0x0000000000096c60       0xa0 /Users/mikekim/Library/Arduino15/packages/arduino/tools/arm-none-eabi-gcc/4.8.3-2014q1/bin/../lib/gcc/arm-none-eabi/4.8.3/armv7-m/libgcc.a(_arm_truncdfsf2.o)
                0x0000000000096c60                __aeabi_d2f
                0x0000000000096c60                __truncdfsf2
 .text          0x0000000000096d00      0x21c /Users/mikekim/Library/Arduino15/packages/arduino/tools/arm-none-eabi-gcc/4.8.3-2014q1/bin/../lib/gcc/arm-none-eabi/4.8.3/armv7-m/libgcc.a(_arm_addsubsf3.o)
                0x0000000000096d00                __aeabi_frsub
                0x0000000000096d08                __aeabi_fsub
                0x0000000000096d08                __subsf3
                0x0000000000096d0c                __aeabi_fadd
                0x0000000000096d0c                __addsf3
                0x0000000000096e6c                __aeabi_ui2f
                0x0000000000096e6c                __floatunsisf
                0x0000000000096e74                __floatsisf
                0x0000000000096e74                __aeabi_i2f
                0x0000000000096e90                __aeabi_ul2f
                0x0000000000096e90                __floatundisf
                0x0000000000096ea0                __aeabi_l2f
                0x0000000000096ea0                __floatdisf
 .text          0x0000000000096f1c      0x2a0 /Users/mikekim/Library/Arduino15/packages/arduino/tools/arm-none-eabi-gcc/4.8.3-2014q1/bin/../lib/gcc/arm-none-eabi/4.8.3/armv7-m/libgcc.a(_arm_muldivsf3.o)
                0x0000000000096f1c                __mulsf3
                0x0000000000096f1c                __aeabi_fmul
                0x0000000000097084                __divsf3
                0x0000000000097084                __aeabi_fdiv
 .text          0x00000000000971bc       0xec /Users/mikekim/Library/Arduino15/packages/arduino/tools/arm-none-eabi-gcc/4.8.3-2014q1/bin/../lib/gcc/arm-none-eabi/4.8.3/armv7-m/libgcc.a(_arm_cmpsf2.o)
                0x00000000000971bc                __gesf2
                0x00000000000971bc                __gtsf2
                0x00000000000971c4                __ltsf2
                0x00000000000971c4                __lesf2
                0x00000000000971cc                __nesf2
                0x00000000000971cc                __eqsf2
                0x00000000000971cc                __cmpsf2
                0x000000000009722c                __aeabi_cfrcmple
                0x0000000000097234                __aeabi_cfcmpeq
                0x0000000000097234                __aeabi_cfcmple
                0x0000000000097244                __aeabi_fcmpeq
                0x0000000000097258                __aeabi_fcmplt
                0x000000000009726c                __aeabi_fcmple
                0x0000000000097280                __aeabi_fcmpge
                0x0000000000097294                __aeabi_fcmpgt
 .text          0x00000000000972a8       0x4c /Users/mikekim/Library/Arduino15/packages/arduino/tools/arm-none-eabi-gcc/4.8.3-2014q1/bin/../lib/gcc/arm-none-eabi/4.8.3/armv7-m/libgcc.a(_arm_fixsfsi.o)
                0x00000000000972a8                __fixsfsi
                0x00000000000972a8                __aeabi_f2iz
 .text          0x00000000000972f4       0x40 /Users/mikekim/Library/Arduino15/packages/arduino/tools/arm-none-eabi-gcc/4.8.3-2014q1/bin/../lib/gcc/arm-none-eabi/4.8.3/armv7-m/libgcc.a(_arm_fixunssfsi.o)
                0x00000000000972f4                __aeabi_f2uiz
                0x00000000000972f4                __fixunssfsi
 .text          0x0000000000097334      0xa28 /Users/mikekim/Library/Arduino15/packages/arduino/tools/arm-none-eabi-gcc/4.8.3-2014q1/bin/../lib/gcc/arm-none-eabi/4.8.3/armv7-m/libgcc.a(unwind-arm.o)
                0x0000000000097618                _Unwind_GetCFA
                0x000000000009761c                __gnu_Unwind_RaiseException
                0x000000000009767c                __gnu_Unwind_ForcedUnwind
                0x0000000000097690                __gnu_Unwind_Resume
                0x00000000000976d4                __gnu_Unwind_Resume_or_Rethrow
                0x00000000000976f0                _Unwind_Complete
                0x00000000000976f4                _Unwind_DeleteException
                0x0000000000097704                _Unwind_VRS_Get
                0x0000000000097754                _Unwind_VRS_Set
                0x00000000000977a4                __gnu_Unwind_Backtrace
                0x0000000000097af8                __aeabi_unwind_cpp_pr0
                0x0000000000097b00                __aeabi_unwind_cpp_pr1
                0x0000000000097b08                __aeabi_unwind_cpp_pr2
                0x0000000000097b10                _Unwind_VRS_Pop
 .text          0x0000000000097d5c      0x1ac /Users/mikekim/Library/Arduino15/packages/arduino/tools/arm-none-eabi-gcc/4.8.3-2014q1/bin/../lib/gcc/arm-none-eabi/4.8.3/armv7-m/libgcc.a(libunwind.o)
                0x0000000000097d5c                __restore_core_regs
                0x0000000000097d5c                restore_core_regs
                0x0000000000097d74                __gnu_Unwind_Restore_VFP
                0x0000000000097d7c                __gnu_Unwind_Save_VFP
                0x0000000000097d84                __gnu_Unwind_Restore_VFP_D
                0x0000000000097d8c                __gnu_Unwind_Save_VFP_D
                0x0000000000097d94                __gnu_Unwind_Restore_VFP_D_16_to_31
                0x0000000000097d9c                __gnu_Unwind_Save_VFP_D_16_to_31
                0x0000000000097da4                __gnu_Unwind_Restore_WMMXD
                0x0000000000097de8                __gnu_Unwind_Save_WMMXD
                0x0000000000097e2c                __gnu_Unwind_Restore_WMMXC
                0x0000000000097e40                __gnu_Unwind_Save_WMMXC
                0x0000000000097e54                _Unwind_RaiseException
                0x0000000000097e54                ___Unwind_RaiseException
                0x0000000000097e78                ___Unwind_Resume
                0x0000000000097e78                _Unwind_Resume
                0x0000000000097e9c                ___Unwind_Resume_or_Rethrow
                0x0000000000097e9c                _Unwind_Resume_or_Rethrow
                0x0000000000097ec0                _Unwind_ForcedUnwind
                0x0000000000097ec0                ___Unwind_ForcedUnwind
                0x0000000000097ee4                _Unwind_Backtrace
                0x0000000000097ee4                ___Unwind_Backtrace
 .text          0x0000000000097f08      0x33c /Users/mikekim/Library/Arduino15/packages/arduino/tools/arm-none-eabi-gcc/4.8.3-2014q1/bin/../lib/gcc/arm-none-eabi/4.8.3/armv7-m/libgcc.a(pr-support.o)
                0x0000000000097f5c                __gnu_unwind_execute
                0x00000000000981ec                __gnu_unwind_frame
                0x0000000000098214                _Unwind_GetRegionStart
                0x0000000000098220                _Unwind_GetLanguageSpecificData
                0x0000000000098234                _Unwind_GetDataRelBase
                0x000000000009823c                _Unwind_GetTextRelBase
 .text.abort    0x0000000000098244       0x10 /Users/mikekim/Library/Arduino15/packages/arduino/tools/arm-none-eabi-gcc/4.8.3-2014q1/bin/../lib/gcc/arm-none-eabi/4.8.3/../../../../arm-none-eabi/lib/armv7-m/libc.a(lib_a-abort.o)
                0x0000000000098244                abort
 .text.__assert_func
                0x0000000000098254       0x3c /Users/mikekim/Library/Arduino15/packages/arduino/tools/arm-none-eabi-gcc/4.8.3-2014q1/bin/../lib/gcc/arm-none-eabi/4.8.3/../../../../arm-none-eabi/lib/armv7-m/libc.a(lib_a-assert.o)
                0x0000000000098254                __assert_func
 .text.__cxa_atexit
                0x0000000000098290       0x14 /Users/mikekim/Library/Arduino15/packages/arduino/tools/arm-none-eabi-gcc/4.8.3-2014q1/bin/../lib/gcc/arm-none-eabi/4.8.3/../../../../arm-none-eabi/lib/armv7-m/libc.a(lib_a-cxa_atexit.o)
                0x0000000000098290                __cxa_atexit
 .text.__errno  0x00000000000982a4        0xc /Users/mikekim/Library/Arduino15/packages/arduino/tools/arm-none-eabi-gcc/4.8.3-2014q1/bin/../lib/gcc/arm-none-eabi/4.8.3/../../../../arm-none-eabi/lib/armv7-m/libc.a(lib_a-errno.o)
                0x00000000000982a4                __errno
 .text.fiprintf
                0x00000000000982b0       0x28 /Users/mikekim/Library/Arduino15/packages/arduino/tools/arm-none-eabi-gcc/4.8.3-2014q1/bin/../lib/gcc/arm-none-eabi/4.8.3/../../../../arm-none-eabi/lib/armv7-m/libc.a(lib_a-fiprintf.o)
                0x00000000000982b0                fiprintf
 .text.fputc    0x00000000000982d8       0x28 /Users/mikekim/Library/Arduino15/packages/arduino/tools/arm-none-eabi-gcc/4.8.3-2014q1/bin/../lib/gcc/arm-none-eabi/4.8.3/../../../../arm-none-eabi/lib/armv7-m/libc.a(lib_a-fputc.o)
                0x00000000000982d8                fputc
 .text._fputs_r
                0x0000000000098300       0x4c /Users/mikekim/Library/Arduino15/packages/arduino/tools/arm-none-eabi-gcc/4.8.3-2014q1/bin/../lib/gcc/arm-none-eabi/4.8.3/../../../../arm-none-eabi/lib/armv7-m/libc.a(lib_a-fputs.o)
                0x0000000000098300                _fputs_r
 .text.fputs    0x000000000009834c       0x10 /Users/mikekim/Library/Arduino15/packages/arduino/tools/arm-none-eabi-gcc/4.8.3-2014q1/bin/../lib/gcc/arm-none-eabi/4.8.3/../../../../arm-none-eabi/lib/armv7-m/libc.a(lib_a-fputs.o)
                0x000000000009834c                fputs
 .text.__sfvwrite_r
                0x000000000009835c      0x314 /Users/mikekim/Library/Arduino15/packages/arduino/tools/arm-none-eabi-gcc/4.8.3-2014q1/bin/../lib/gcc/arm-none-eabi/4.8.3/../../../../arm-none-eabi/lib/armv7-m/libc.a(lib_a-fvwrite.o)
                0x000000000009835c                __sfvwrite_r
 .text._fwrite_r
                0x0000000000098670       0x64 /Users/mikekim/Library/Arduino15/packages/arduino/tools/arm-none-eabi-gcc/4.8.3-2014q1/bin/../lib/gcc/arm-none-eabi/4.8.3/../../../../arm-none-eabi/lib/armv7-m/libc.a(lib_a-fwrite.o)
                0x0000000000098670                _fwrite_r
 .text.fwrite   0x00000000000986d4       0x24 /Users/mikekim/Library/Arduino15/packages/arduino/tools/arm-none-eabi-gcc/4.8.3-2014q1/bin/../lib/gcc/arm-none-eabi/4.8.3/../../../../arm-none-eabi/lib/armv7-m/libc.a(lib_a-fwrite.o)
                0x00000000000986d4                fwrite
 .text.__libc_init_array
                0x00000000000986f8       0x50 /Users/mikekim/Library/Arduino15/packages/arduino/tools/arm-none-eabi-gcc/4.8.3-2014q1/bin/../lib/gcc/arm-none-eabi/4.8.3/../../../../arm-none-eabi/lib/armv7-m/libc.a(lib_a-init.o)
                0x00000000000986f8                __libc_init_array
 .text.malloc   0x0000000000098748       0x10 /Users/mikekim/Library/Arduino15/packages/arduino/tools/arm-none-eabi-gcc/4.8.3-2014q1/bin/../lib/gcc/arm-none-eabi/4.8.3/../../../../arm-none-eabi/lib/armv7-m/libc.a(lib_a-malloc.o)
                0x0000000000098748                malloc
 .text.free     0x0000000000098758       0x10 /Users/mikekim/Library/Arduino15/packages/arduino/tools/arm-none-eabi-gcc/4.8.3-2014q1/bin/../lib/gcc/arm-none-eabi/4.8.3/../../../../arm-none-eabi/lib/armv7-m/libc.a(lib_a-malloc.o)
                0x0000000000098758                free
 .text._malloc_r
                0x0000000000098768      0x538 /Users/mikekim/Library/Arduino15/packages/arduino/tools/arm-none-eabi-gcc/4.8.3-2014q1/bin/../lib/gcc/arm-none-eabi/4.8.3/../../../../arm-none-eabi/lib/armv7-m/libc.a(lib_a-mallocr.o)
                0x0000000000098768                _malloc_r
 .text.memchr   0x0000000000098ca0       0x94 /Users/mikekim/Library/Arduino15/packages/arduino/tools/arm-none-eabi-gcc/4.8.3-2014q1/bin/../lib/gcc/arm-none-eabi/4.8.3/../../../../arm-none-eabi/lib/armv7-m/libc.a(lib_a-memchr-stub.o)
                0x0000000000098ca0                memchr
 .text.memcmp   0x0000000000098d34       0x68 /Users/mikekim/Library/Arduino15/packages/arduino/tools/arm-none-eabi-gcc/4.8.3-2014q1/bin/../lib/gcc/arm-none-eabi/4.8.3/../../../../arm-none-eabi/lib/armv7-m/libc.a(lib_a-memcmp.o)
                0x0000000000098d34                memcmp
 .text          0x0000000000098d9c       0xec /Users/mikekim/Library/Arduino15/packages/arduino/tools/arm-none-eabi-gcc/4.8.3-2014q1/bin/../lib/gcc/arm-none-eabi/4.8.3/../../../../arm-none-eabi/lib/armv7-m/libc.a(lib_a-memcpy.o)
                0x0000000000098d9c                memcpy
 .text.memmove  0x0000000000098e88       0xcc /Users/mikekim/Library/Arduino15/packages/arduino/tools/arm-none-eabi-gcc/4.8.3-2014q1/bin/../lib/gcc/arm-none-eabi/4.8.3/../../../../arm-none-eabi/lib/armv7-m/libc.a(lib_a-memmove.o)
                0x0000000000098e88                memmove
 .text.memset   0x0000000000098f54       0x94 /Users/mikekim/Library/Arduino15/packages/arduino/tools/arm-none-eabi-gcc/4.8.3-2014q1/bin/../lib/gcc/arm-none-eabi/4.8.3/../../../../arm-none-eabi/lib/armv7-m/libc.a(lib_a-memset.o)
                0x0000000000098f54                memset
 .text.__malloc_lock
                0x0000000000098fe8        0x4 /Users/mikekim/Library/Arduino15/packages/arduino/tools/arm-none-eabi-gcc/4.8.3-2014q1/bin/../lib/gcc/arm-none-eabi/4.8.3/../../../../arm-none-eabi/lib/armv7-m/libc.a(lib_a-mlock.o)
                0x0000000000098fe8                __malloc_lock
 .text.__malloc_unlock
                0x0000000000098fec        0x4 /Users/mikekim/Library/Arduino15/packages/arduino/tools/arm-none-eabi-gcc/4.8.3-2014q1/bin/../lib/gcc/arm-none-eabi/4.8.3/../../../../arm-none-eabi/lib/armv7-m/libc.a(lib_a-mlock.o)
                0x0000000000098fec                __malloc_unlock
 .text._putc_r  0x0000000000098ff0       0x58 /Users/mikekim/Library/Arduino15/packages/arduino/tools/arm-none-eabi-gcc/4.8.3-2014q1/bin/../lib/gcc/arm-none-eabi/4.8.3/../../../../arm-none-eabi/lib/armv7-m/libc.a(lib_a-putc.o)
                0x0000000000098ff0                _putc_r
 .text.realloc  0x0000000000099048       0x10 /Users/mikekim/Library/Arduino15/packages/arduino/tools/arm-none-eabi-gcc/4.8.3-2014q1/bin/../lib/gcc/arm-none-eabi/4.8.3/../../../../arm-none-eabi/lib/armv7-m/libc.a(lib_a-realloc.o)
                0x0000000000099048                realloc
 .text._realloc_r
                0x0000000000099058      0x3c0 /Users/mikekim/Library/Arduino15/packages/arduino/tools/arm-none-eabi-gcc/4.8.3-2014q1/bin/../lib/gcc/arm-none-eabi/4.8.3/../../../../arm-none-eabi/lib/armv7-m/libc.a(lib_a-reallocr.o)
                0x0000000000099058                _realloc_r
 .text._sbrk_r  0x0000000000099418       0x24 /Users/mikekim/Library/Arduino15/packages/arduino/tools/arm-none-eabi-gcc/4.8.3-2014q1/bin/../lib/gcc/arm-none-eabi/4.8.3/../../../../arm-none-eabi/lib/armv7-m/libc.a(lib_a-sbrkr.o)
                0x0000000000099418                _sbrk_r
 .text._raise_r
                0x000000000009943c       0x58 /Users/mikekim/Library/Arduino15/packages/arduino/tools/arm-none-eabi-gcc/4.8.3-2014q1/bin/../lib/gcc/arm-none-eabi/4.8.3/../../../../arm-none-eabi/lib/armv7-m/libc.a(lib_a-signal.o)
                0x000000000009943c                _raise_r
 .text.raise    0x0000000000099494       0x10 /Users/mikekim/Library/Arduino15/packages/arduino/tools/arm-none-eabi-gcc/4.8.3-2014q1/bin/../lib/gcc/arm-none-eabi/4.8.3/../../../../arm-none-eabi/lib/armv7-m/libc.a(lib_a-signal.o)
                0x0000000000099494                raise
 .text._kill_r  0x00000000000994a4       0x28 /Users/mikekim/Library/Arduino15/packages/arduino/tools/arm-none-eabi-gcc/4.8.3-2014q1/bin/../lib/gcc/arm-none-eabi/4.8.3/../../../../arm-none-eabi/lib/armv7-m/libc.a(lib_a-signalr.o)
                0x00000000000994a4                _kill_r
 .text._getpid_r
                0x00000000000994cc        0x4 /Users/mikekim/Library/Arduino15/packages/arduino/tools/arm-none-eabi-gcc/4.8.3-2014q1/bin/../lib/gcc/arm-none-eabi/4.8.3/../../../../arm-none-eabi/lib/armv7-m/libc.a(lib_a-signalr.o)
                0x00000000000994cc                _getpid_r
 .text.sprintf  0x00000000000994d0       0x4c /Users/mikekim/Library/Arduino15/packages/arduino/tools/arm-none-eabi-gcc/4.8.3-2014q1/bin/../lib/gcc/arm-none-eabi/4.8.3/../../../../arm-none-eabi/lib/armv7-m/libc.a(lib_a-sprintf.o)
                0x00000000000994d0                sprintf
 .text.strchr   0x000000000009951c       0xf4 /Users/mikekim/Library/Arduino15/packages/arduino/tools/arm-none-eabi-gcc/4.8.3-2014q1/bin/../lib/gcc/arm-none-eabi/4.8.3/../../../../arm-none-eabi/lib/armv7-m/libc.a(lib_a-strchr.o)
                0x000000000009951c                strchr
 .text          0x0000000000099610      0x23c /Users/mikekim/Library/Arduino15/packages/arduino/tools/arm-none-eabi-gcc/4.8.3-2014q1/bin/../lib/gcc/arm-none-eabi/4.8.3/../../../../arm-none-eabi/lib/armv7-m/libc.a(lib_a-strcmp.o)
                0x0000000000099610                strcmp
 .text.strcpy   0x000000000009984c       0xbc /Users/mikekim/Library/Arduino15/packages/arduino/tools/arm-none-eabi-gcc/4.8.3-2014q1/bin/../lib/gcc/arm-none-eabi/4.8.3/../../../../arm-none-eabi/lib/armv7-m/libc.a(lib_a-strcpy.o)
                0x000000000009984c                strcpy
 .text.strlen   0x0000000000099908       0x60 /Users/mikekim/Library/Arduino15/packages/arduino/tools/arm-none-eabi-gcc/4.8.3-2014q1/bin/../lib/gcc/arm-none-eabi/4.8.3/../../../../arm-none-eabi/lib/armv7-m/libc.a(lib_a-strlen.o)
                0x0000000000099908                strlen
 .text.strncmp  0x0000000000099968       0xb4 /Users/mikekim/Library/Arduino15/packages/arduino/tools/arm-none-eabi-gcc/4.8.3-2014q1/bin/../lib/gcc/arm-none-eabi/4.8.3/../../../../arm-none-eabi/lib/armv7-m/libc.a(lib_a-strncmp.o)
                0x0000000000099968                strncmp
 .text.sulp     0x0000000000099a1c       0x40 /Users/mikekim/Library/Arduino15/packages/arduino/tools/arm-none-eabi-gcc/4.8.3-2014q1/bin/../lib/gcc/arm-none-eabi/4.8.3/../../../../arm-none-eabi/lib/armv7-m/libc.a(lib_a-strtod.o)
 *fill*         0x0000000000099a5c        0x4 
 .text._strtod_r
                0x0000000000099a60      0xf38 /Users/mikekim/Library/Arduino15/packages/arduino/tools/arm-none-eabi-gcc/4.8.3-2014q1/bin/../lib/gcc/arm-none-eabi/4.8.3/../../../../arm-none-eabi/lib/armv7-m/libc.a(lib_a-strtod.o)
                0x0000000000099a60                _strtod_r
 .text.strtod   0x000000000009a998       0x10 /Users/mikekim/Library/Arduino15/packages/arduino/tools/arm-none-eabi-gcc/4.8.3-2014q1/bin/../lib/gcc/arm-none-eabi/4.8.3/../../../../arm-none-eabi/lib/armv7-m/libc.a(lib_a-strtod.o)
                0x000000000009a998                strtod
 .text._svfprintf_r
                0x000000000009a9a8     0x14e0 /Users/mikekim/Library/Arduino15/packages/arduino/tools/arm-none-eabi-gcc/4.8.3-2014q1/bin/../lib/gcc/arm-none-eabi/4.8.3/../../../../arm-none-eabi/lib/armv7-m/libc.a(lib_a-svfprintf.o)
                0x000000000009a9a8                _svfprintf_r
 .text.__sprint_r.part.0
                0x000000000009be88       0x78 /Users/mikekim/Library/Arduino15/packages/arduino/tools/arm-none-eabi-gcc/4.8.3-2014q1/bin/../lib/gcc/arm-none-eabi/4.8.3/../../../../arm-none-eabi/lib/armv7-m/libc.a(lib_a-vfiprintf.o)
 .text._vfiprintf_r
                0x000000000009bf00      0xc54 /Users/mikekim/Library/Arduino15/packages/arduino/tools/arm-none-eabi-gcc/4.8.3-2014q1/bin/../lib/gcc/arm-none-eabi/4.8.3/../../../../arm-none-eabi/lib/armv7-m/libc.a(lib_a-vfiprintf.o)
                0x000000000009bf00                _vfiprintf_r
 .text.__sbprintf
                0x000000000009cb54       0x7c /Users/mikekim/Library/Arduino15/packages/arduino/tools/arm-none-eabi-gcc/4.8.3-2014q1/bin/../lib/gcc/arm-none-eabi/4.8.3/../../../../arm-none-eabi/lib/armv7-m/libc.a(lib_a-vfiprintf.o)
 .text.__swbuf_r
                0x000000000009cbd0       0xa8 /Users/mikekim/Library/Arduino15/packages/arduino/tools/arm-none-eabi-gcc/4.8.3-2014q1/bin/../lib/gcc/arm-none-eabi/4.8.3/../../../../arm-none-eabi/lib/armv7-m/libc.a(lib_a-wbuf.o)
                0x000000000009cbd0                __swbuf_r
 .text.__swsetup_r
                0x000000000009cc78       0xc4 /Users/mikekim/Library/Arduino15/packages/arduino/tools/arm-none-eabi-gcc/4.8.3-2014q1/bin/../lib/gcc/arm-none-eabi/4.8.3/../../../../arm-none-eabi/lib/armv7-m/libc.a(lib_a-wsetup.o)
                0x000000000009cc78                __swsetup_r
 .text.__register_exitproc
                0x000000000009cd3c       0xa8 /Users/mikekim/Library/Arduino15/packages/arduino/tools/arm-none-eabi-gcc/4.8.3-2014q1/bin/../lib/gcc/arm-none-eabi/4.8.3/../../../../arm-none-eabi/lib/armv7-m/libc.a(lib_a-__atexit.o)
                0x000000000009cd3c                __register_exitproc
 .text.startup.register_fini
                0x000000000009cde4       0x14 /Users/mikekim/Library/Arduino15/packages/arduino/tools/arm-none-eabi-gcc/4.8.3-2014q1/bin/../lib/gcc/arm-none-eabi/4.8.3/../../../../arm-none-eabi/lib/armv7-m/libc.a(lib_a-__call_atexit.o)
 .text.atexit   0x000000000009cdf8        0xc /Users/mikekim/Library/Arduino15/packages/arduino/tools/arm-none-eabi-gcc/4.8.3-2014q1/bin/../lib/gcc/arm-none-eabi/4.8.3/../../../../arm-none-eabi/lib/armv7-m/libc.a(lib_a-atexit.o)
                0x000000000009cdf8                atexit
 .text.quorem   0x000000000009ce04      0x134 /Users/mikekim/Library/Arduino15/packages/arduino/tools/arm-none-eabi-gcc/4.8.3-2014q1/bin/../lib/gcc/arm-none-eabi/4.8.3/../../../../arm-none-eabi/lib/armv7-m/libc.a(lib_a-dtoa.o)
 .text._dtoa_r  0x000000000009cf38      0xe38 /Users/mikekim/Library/Arduino15/packages/arduino/tools/arm-none-eabi-gcc/4.8.3-2014q1/bin/../lib/gcc/arm-none-eabi/4.8.3/../../../../arm-none-eabi/lib/armv7-m/libc.a(lib_a-dtoa.o)
                0x000000000009cf38                _dtoa_r
 .text.__sflush_r
                0x000000000009dd70      0x148 /Users/mikekim/Library/Arduino15/packages/arduino/tools/arm-none-eabi-gcc/4.8.3-2014q1/bin/../lib/gcc/arm-none-eabi/4.8.3/../../../../arm-none-eabi/lib/armv7-m/libc.a(lib_a-fflush.o)
                0x000000000009dd70                __sflush_r
 .text._fflush_r
                0x000000000009deb8       0x2c /Users/mikekim/Library/Arduino15/packages/arduino/tools/arm-none-eabi-gcc/4.8.3-2014q1/bin/../lib/gcc/arm-none-eabi/4.8.3/../../../../arm-none-eabi/lib/armv7-m/libc.a(lib_a-fflush.o)
                0x000000000009deb8                _fflush_r
 .text._cleanup_r
                0x000000000009dee4        0xc /Users/mikekim/Library/Arduino15/packages/arduino/tools/arm-none-eabi-gcc/4.8.3-2014q1/bin/../lib/gcc/arm-none-eabi/4.8.3/../../../../arm-none-eabi/lib/armv7-m/libc.a(lib_a-findfp.o)
                0x000000000009dee4                _cleanup_r
 .text.__sinit  0x000000000009def0       0xf4 /Users/mikekim/Library/Arduino15/packages/arduino/tools/arm-none-eabi-gcc/4.8.3-2014q1/bin/../lib/gcc/arm-none-eabi/4.8.3/../../../../arm-none-eabi/lib/armv7-m/libc.a(lib_a-findfp.o)
                0x000000000009def0                __sinit
 .text.__sfp_lock_acquire
                0x000000000009dfe4        0x4 /Users/mikekim/Library/Arduino15/packages/arduino/tools/arm-none-eabi-gcc/4.8.3-2014q1/bin/../lib/gcc/arm-none-eabi/4.8.3/../../../../arm-none-eabi/lib/armv7-m/libc.a(lib_a-findfp.o)
                0x000000000009dfe4                __sfp_lock_acquire
 .text.__sfp_lock_release
                0x000000000009dfe8        0x4 /Users/mikekim/Library/Arduino15/packages/arduino/tools/arm-none-eabi-gcc/4.8.3-2014q1/bin/../lib/gcc/arm-none-eabi/4.8.3/../../../../arm-none-eabi/lib/armv7-m/libc.a(lib_a-findfp.o)
                0x000000000009dfe8                __sfp_lock_release
 .text.__libc_fini_array
                0x000000000009dfec       0x30 /Users/mikekim/Library/Arduino15/packages/arduino/tools/arm-none-eabi-gcc/4.8.3-2014q1/bin/../lib/gcc/arm-none-eabi/4.8.3/../../../../arm-none-eabi/lib/armv7-m/libc.a(lib_a-fini.o)
                0x000000000009dfec                __libc_fini_array
 .text._fputwc_r
                0x000000000009e01c       0xc0 /Users/mikekim/Library/Arduino15/packages/arduino/tools/arm-none-eabi-gcc/4.8.3-2014q1/bin/../lib/gcc/arm-none-eabi/4.8.3/../../../../arm-none-eabi/lib/armv7-m/libc.a(lib_a-fputwc.o)
                0x000000000009e01c                _fputwc_r
 .text._malloc_trim_r
                0x000000000009e0dc       0x9c /Users/mikekim/Library/Arduino15/packages/arduino/tools/arm-none-eabi-gcc/4.8.3-2014q1/bin/../lib/gcc/arm-none-eabi/4.8.3/../../../../arm-none-eabi/lib/armv7-m/libc.a(lib_a-freer.o)
                0x000000000009e0dc                _malloc_trim_r
 .text._free_r  0x000000000009e178      0x198 /Users/mikekim/Library/Arduino15/packages/arduino/tools/arm-none-eabi-gcc/4.8.3-2014q1/bin/../lib/gcc/arm-none-eabi/4.8.3/../../../../arm-none-eabi/lib/armv7-m/libc.a(lib_a-freer.o)
                0x000000000009e178                _free_r
 .text._fwalk   0x000000000009e310       0x48 /Users/mikekim/Library/Arduino15/packages/arduino/tools/arm-none-eabi-gcc/4.8.3-2014q1/bin/../lib/gcc/arm-none-eabi/4.8.3/../../../../arm-none-eabi/lib/armv7-m/libc.a(lib_a-fwalk.o)
                0x000000000009e310                _fwalk
 .text.rshift   0x000000000009e358       0xa0 /Users/mikekim/Library/Arduino15/packages/arduino/tools/arm-none-eabi-gcc/4.8.3-2014q1/bin/../lib/gcc/arm-none-eabi/4.8.3/../../../../arm-none-eabi/lib/armv7-m/libc.a(lib_a-gdtoa-gethex.o)
 .text.__gethex
                0x000000000009e3f8      0x52c /Users/mikekim/Library/Arduino15/packages/arduino/tools/arm-none-eabi-gcc/4.8.3-2014q1/bin/../lib/gcc/arm-none-eabi/4.8.3/../../../../arm-none-eabi/lib/armv7-m/libc.a(lib_a-gdtoa-gethex.o)
                0x000000000009e3f8                __gethex
 .text.__hexnan
                0x000000000009e924      0x194 /Users/mikekim/Library/Arduino15/packages/arduino/tools/arm-none-eabi-gcc/4.8.3-2014q1/bin/../lib/gcc/arm-none-eabi/4.8.3/../../../../arm-none-eabi/lib/armv7-m/libc.a(lib_a-gdtoa-hexnan.o)
                0x000000000009e924                __hexnan
 .text.__locale_charset
                0x000000000009eab8        0x8 /Users/mikekim/Library/Arduino15/packages/arduino/tools/arm-none-eabi-gcc/4.8.3-2014q1/bin/../lib/gcc/arm-none-eabi/4.8.3/../../../../arm-none-eabi/lib/armv7-m/libc.a(lib_a-locale.o)
                0x000000000009eab8                __locale_charset
 .text.__locale_mb_cur_max