Archive member included because of file (symbol)

/Users/mikekim/Developer/ZoeRobotics_project/ArduinoCore-sam-master/core.a(hooks.c.o)
                              mkZoeRobotics_main.o (yield)
/Users/mikekim/Developer/ZoeRobotics_project/ArduinoCore-sam-master/core.a(syscalls_sam3.c.o)
                              (_sbrk)
/Users/mikekim/Developer/ZoeRobotics_project/ArduinoCore-sam-master/core.a(wiring_digital.c.o)
                              due_can.o (pinMode)
/Users/mikekim/Developer/ZoeRobotics_project/ArduinoCore-sam-master/libsam_sam3x8e_gcc_rel.a(adc.o)
                              mkZoeRobotics_main.o (adc_init)
/Users/mikekim/Developer/ZoeRobotics_project/ArduinoCore-sam-master/libsam_sam3x8e_gcc_rel.a(pio.o)
                              /Users/mikekim/Developer/ZoeRobotics_project/ArduinoCore-sam-master/core.a(wiring_digital.c.o) (PIO_PullUp)
/Users/mikekim/Developer/ZoeRobotics_project/ArduinoCore-sam-master/libsam_sam3x8e_gcc_rel.a(pmc.o)
                              due_can.o (pmc_enable_periph_clk)
/Users/mikekim/Developer/ZoeRobotics_project/ArduinoCore-sam-master/libsam_sam3x8e_gcc_rel.a(tc.o)
                              mkZoeRobotics_main.o (TC_Configure)
/Users/mikekim/Developer/ZoeRobotics_project/ArduinoCore-sam-master/libsam_sam3x8e_gcc_rel.a(timetick.o)
                              mkZoeRobotics_main.o (TimeTick_Configure)
/Users/mikekim/Developer/ZoeRobotics_project/ArduinoCore-sam-master/libsam_sam3x8e_gcc_rel.a(wdt.o)
                              mkZoeRobotics_main.o (WDT_Disable)
/Users/mikekim/Developer/ZoeRobotics_project/ArduinoCore-sam-master/libsam_sam3x8e_gcc_rel.a(system_sam3xa.o)
                              mkZoeRobotics_main.o (SystemInit)
/Users/mikekim/Developer/ZoeRobotics_project/ArduinoCore-sam-master/libsam_sam3x8e_gcc_rel.a(startup_sam3xa.o)
                              (Reset_Handler)
/Users/mikekim/Developer/ZoeRobotics_project/ArduinoCore-sam-master/core.a(cortex_handlers.c.o)
                              /Users/mikekim/Developer/ZoeRobotics_project/ArduinoCore-sam-master/libsam_sam3x8e_gcc_rel.a(startup_sam3xa.o) (TWI1_Handler)
/Users/mikekim/Developer/ZoeRobotics_project/ArduinoCore-sam-master/core.a(wiring_analog.c.o)
                              /Users/mikekim/Developer/ZoeRobotics_project/ArduinoCore-sam-master/variant.o (analogOutputInit)
/Users/mikekim/Developer/ZoeRobotics_project/ArduinoCore-sam-master/core.a(Reset.cpp.o)
                              /Users/mikekim/Developer/ZoeRobotics_project/ArduinoCore-sam-master/core.a(cortex_handlers.c.o) (tickReset)
/Users/mikekim/Developer/ZoeRobotics_project/ArduinoCore-sam-master/core.a(RingBuffer.cpp.o)
                              /Users/mikekim/Developer/ZoeRobotics_project/ArduinoCore-sam-master/variant.o (RingBuffer::RingBuffer())
/Users/mikekim/Developer/ZoeRobotics_project/ArduinoCore-sam-master/core.a(UARTClass.cpp.o)
                              /Users/mikekim/Developer/ZoeRobotics_project/ArduinoCore-sam-master/variant.o (UARTClass::available())
/Users/mikekim/Developer/ZoeRobotics_project/ArduinoCore-sam-master/core.a(USARTClass.cpp.o)
                              /Users/mikekim/Developer/ZoeRobotics_project/ArduinoCore-sam-master/variant.o (USARTClass::USARTClass(Usart*, IRQn, unsigned long, RingBuffer*, RingBuffer*))
/Users/mikekim/Developer/ZoeRobotics_project/ArduinoCore-sam-master/core.a(Print.cpp.o)
                              /Users/mikekim/Developer/ZoeRobotics_project/ArduinoCore-sam-master/core.a(UARTClass.cpp.o) (Print::write(unsigned char const*, unsigned int))
/Users/mikekim/Developer/ZoeRobotics_project/ArduinoCore-sam-master/libsam_sam3x8e_gcc_rel.a(dacc.o)
                              /Users/mikekim/Developer/ZoeRobotics_project/ArduinoCore-sam-master/core.a(wiring_analog.c.o) (dacc_reset)
/Users/mikekim/Developer/ZoeRobotics_project/ArduinoCore-sam-master/libsam_sam3x8e_gcc_rel.a(pwmc.o)
                              /Users/mikekim/Developer/ZoeRobotics_project/ArduinoCore-sam-master/core.a(wiring_analog.c.o) (PWMC_ConfigureChannel)
/Users/mikekim/Library/Arduino15/packages/arduino/tools/arm-none-eabi-gcc/4.8.3-2014q1/bin/../lib/gcc/arm-none-eabi/4.8.3/../../../../arm-none-eabi/lib/armv7-m/libm.a(lib_a-s_cos.o)
                              mkZoeRobotics_velProfile.o (cos)
/Users/mikekim/Library/Arduino15/packages/arduino/tools/arm-none-eabi-gcc/4.8.3-2014q1/bin/../lib/gcc/arm-none-eabi/4.8.3/../../../../arm-none-eabi/lib/armv7-m/libm.a(lib_a-s_floor.o)
                              mkZoeRobotics_velProfile.o (floor)
/Users/mikekim/Library/Arduino15/packages/arduino/tools/arm-none-eabi-gcc/4.8.3-2014q1/bin/../lib/gcc/arm-none-eabi/4.8.3/../../../../arm-none-eabi/lib/armv7-m/libm.a(lib_a-s_fpclassify.o)
                              /Users/mikekim/Developer/ZoeRobotics_project/ArduinoCore-sam-master/core.a(Print.cpp.o) (__fpclassifyd)
[...]
Memory Configuration

Name             Origin             Length             Attributes
rom              0x0000000000080000 0x0000000000080000 xr
sram0            0x0000000020000000 0x0000000000010000 xrw
sram1            0x0000000020080000 0x0000000000008000 xrw
ram              0x0000000020070000 0x0000000000018000 xrw
*default*        0x0000000000000000 0xffffffffffffffff

Linker script and memory map

LOAD /Users/mikekim/Library/Arduino15/packages/arduino/tools/arm-none-eabi-gcc/4.8.3-2014q1/bin/../lib/gcc/arm-none-eabi/4.8.3/armv7-m/crti.o
LOAD /Users/mikekim/Library/Arduino15/packages/arduino/tools/arm-none-eabi-gcc/4.8.3-2014q1/bin/../lib/gcc/arm-none-eabi/4.8.3/armv7-m/crtbegin.o
LOAD /Users/mikekim/Library/Arduino15/packages/arduino/tools/arm-none-eabi-gcc/4.8.3-2014q1/bin/../lib/gcc/arm-none-eabi/4.8.3/../../../../arm-none-eabi/lib/armv7-m/crt0.o
START GROUP
LOAD timetick.o
LOAD mkZoeRobotics_serial.o
LOAD mkZoeRobotics_velProfile.o
LOAD mkZoeRobotics_command.o
LOAD due_can.o
LOAD mkZoeRobotics_main.o
LOAD mkCANEncoder.o
LOAD /Users/mikekim/Developer/ZoeRobotics_project/ArduinoCore-sam-master/core.a
LOAD /Users/mikekim/Developer/ZoeRobotics_project/ArduinoCore-sam-master/variant.o
LOAD /Users/mikekim/Developer/ZoeRobotics_project/ArduinoCore-sam-master/libsam_sam3x8e_gcc_rel.a
END GROUP
LOAD /Users/mikekim/Library/Arduino15/packages/arduino/tools/arm-none-eabi-gcc/4.8.3-2014q1/bin/../lib/gcc/arm-none-eabi/4.8.3/../../../../arm-none-eabi/lib/armv7-m/libm.a
LOAD /Users/mikekim/Library/Arduino15/packages/arduino/tools/arm-none-eabi-gcc/4.8.3-2014q1/bin/../lib/gcc/arm-none-eabi/4.8.3/armv7-m/libgcc.a
START GROUP
LOAD /Users/mikekim/Library/Arduino15/packages/arduino/tools/arm-none-eabi-gcc/4.8.3-2014q1/bin/../lib/gcc/arm-none-eabi/4.8.3/armv7-m/libgcc.a
LOAD /Users/mikekim/Library/Arduino15/packages/arduino/tools/arm-none-eabi-gcc/4.8.3-2014q1/bin/../lib/gcc/arm-none-eabi/4.8.3/../../../../arm-none-eabi/lib/armv7-m/libc.a
END GROUP
LOAD /Users/mikekim/Library/Arduino15/packages/arduino/tools/arm-none-eabi-gcc/4.8.3-2014q1/bin/../lib/gcc/arm-none-eabi/4.8.3/armv7-m/crtend.o
LOAD /Users/mikekim/Library/Arduino15/packages/arduino/tools/arm-none-eabi-gcc/4.8.3-2014q1/bin/../lib/gcc/arm-none-eabi/4.8.3/armv7-m/crtn.o

.text           0x0000000000080000    0x18f44
                0x0000000000080000                . = ALIGN (0x4)
                0x0000000000080000                _sfixed = .
 *(.vectors .vectors.*)
 .vectors       0x0000000000080000       0xf4 /Users/mikekim/Developer/ZoeRobotics_project/ArduinoCore-sam-master/libsam_sam3x8e_gcc_rel.a(startup_sam3xa.o)
                0x0000000000080000                exception_table
 *(.text .text.* .gnu.linkonce.t.*)
 .text          0x00000000000800f4       0x54 /Users/mikekim/Library/Arduino15/packages/arduino/tools/arm-none-eabi-gcc/4.8.3-2014q1/bin/../lib/gcc/arm-none-eabi/4.8.3/armv7-m/crtbegin.o
 .text._ZN8MKSerialC2Ev
                0x0000000000080148       0x30 mkZoeRobotics_serial.o
                0x0000000000080148                MKSerial::MKSerial()
                0x0000000000080148                MKSerial::MKSerial()
 .text._ZN8MKSerial5beginEl
                0x0000000000080178       0x6c mkZoeRobotics_serial.o
                0x0000000000080178                MKSerial::begin(long)
 .text._ZN8MKSerial10IrqHandlerEv
                0x00000000000801e4       0x48 mkZoeRobotics_serial.o
                0x00000000000801e4                MKSerial::IrqHandler()
 .text.UART_Handler
                0x000000000008022c       0x10 mkZoeRobotics_serial.o
                0x000000000008022c                UART_Handler
 .text._ZN8MKSerial4readEv
                0x000000000008023c       0x2c mkZoeRobotics_serial.o
                0x000000000008023c                MKSerial::read()
 .text._ZN8MKSerial11printNumberEmh
                0x0000000000080268       0x54 mkZoeRobotics_serial.o
                0x0000000000080268                MKSerial::printNumber(unsigned long, unsigned char)
 .text._ZN8MKSerial5printEli
                0x00000000000802bc       0x50 mkZoeRobotics_serial.o
                0x00000000000802bc                MKSerial::print(long, int)
 .text._ZN8MKSerial7printlnEv
                0x000000000008030c        0xc mkZoeRobotics_serial.o
                0x000000000008030c                MKSerial::println()
 .text._ZN8MKSerial7printlnEPKc
                0x0000000000080318       0x2c mkZoeRobotics_serial.o
                0x0000000000080318                MKSerial::println(char const*)
 .text._GLOBAL__sub_I_mkSerial
                0x0000000000080344       0x10 mkZoeRobotics_serial.o
 .text._ZN12MKVelProfileD2Ev
                0x0000000000080354        0x4 mkZoeRobotics_velProfile.o
                0x0000000000080354                MKVelProfile::~MKVelProfile()
                0x0000000000080354                MKVelProfile::~MKVelProfile()
 .text._ZN12MKVelProfile17set_speed_profileER12SPEEDProfile
                0x0000000000080358       0x88 mkZoeRobotics_velProfile.o
                0x0000000000080358                MKVelProfile::set_speed_profile(SPEEDProfile&)
 .text._ZN12MKVelProfile17gen_speed_profileEtdddd
                0x00000000000803e0      0x310 mkZoeRobotics_velProfile.o
                0x00000000000803e0                MKVelProfile::gen_speed_profile(unsigned short, double, double, double, double)
 .text._ZN12MKVelProfile17update_speed_onlyEtm
                0x00000000000806f0       0x10 mkZoeRobotics_velProfile.o
                0x00000000000806f0                MKVelProfile::update_speed_only(unsigned short, unsigned long)
 .text._ZN12MKVelProfile6invKinEddd
                0x0000000000080700       0xd8 mkZoeRobotics_velProfile.o
                0x0000000000080700                MKVelProfile::invKin(double, double, double)
 .text._ZN12MKVelProfile11arcMotionIKEddddd
                0x00000000000807d8       0x70 mkZoeRobotics_velProfile.o
                0x00000000000807d8                MKVelProfile::arcMotionIK(double, double, double, double, double)
 .text._ZN12MKVelProfile18gen_linear_profileER13LINEARProfile
                0x0000000000080848      0x820 mkZoeRobotics_velProfile.o
                0x0000000000080848                MKVelProfile::gen_linear_profile(LINEARProfile&)
 .text._ZN12MKVelProfile22gen_EErotation_profileER17EEROTATIONProfile
                0x0000000000081068      0x708 mkZoeRobotics_velProfile.o
                0x0000000000081068                MKVelProfile::gen_EErotation_profile(EEROTATIONProfile&)
 .text._ZN12MKVelProfile17gen_circl_profileER13CIRCLEProfile
                0x0000000000081770      0x6d8 mkZoeRobotics_velProfile.o
                0x0000000000081770                MKVelProfile::gen_circl_profile(CIRCLEProfile&)
 .text._ZN12MKVelProfile18gen_spiral_profileER13SPIRALProfile
                0x0000000000081e48      0x888 mkZoeRobotics_velProfile.o
                0x0000000000081e48                MKVelProfile::gen_spiral_profile(SPIRALProfile&)
 .text._GLOBAL__sub_I_mkVelProfile
                0x00000000000826d0       0x58 mkZoeRobotics_velProfile.o
 .text._ZN9MKCommandD2Ev
                0x0000000000082728        0x4 mkZoeRobotics_command.o
                0x0000000000082728                MKCommand::~MKCommand()
                0x0000000000082728                MKCommand::~MKCommand()
 .text._ZN9MKCommand10getCommandEv
                0x000000000008272c       0xb4 mkZoeRobotics_command.o
                0x000000000008272c                MKCommand::getCommand()
 .text._ZN9MKCommand12getStartMoveEi
                0x00000000000827e0       0xf0 mkZoeRobotics_command.o
                0x00000000000827e0                MKCommand::getStartMove(int)
 .text._ZN9MKCommand9code_seenEc
                0x00000000000828d0       0x20 mkZoeRobotics_command.o
                0x00000000000828d0                MKCommand::code_seen(char)
 .text._ZN9MKCommand10code_valueEv
                0x00000000000828f0       0x28 mkZoeRobotics_command.o
                0x00000000000828f0                MKCommand::code_value()
 .text._ZN9MKCommand29get_gen_linear_motion_profileEv
                0x0000000000082918       0xf8 mkZoeRobotics_command.o
                0x0000000000082918                MKCommand::get_gen_linear_motion_profile()
 .text._ZN9MKCommand33get_gen_EErotation_motion_profileEv
                0x0000000000082a10       0xdc mkZoeRobotics_command.o
                0x0000000000082a10                MKCommand::get_gen_EErotation_motion_profile()
 .text._ZN9MKCommand31get_gen_circular_motion_profileEv
                0x0000000000082aec       0xf8 mkZoeRobotics_command.o
                0x0000000000082aec                MKCommand::get_gen_circular_motion_profile()
 .text._ZN9MKCommand29get_gen_spiral_motion_profileEv
                0x0000000000082be4      0x130 mkZoeRobotics_command.o
                0x0000000000082be4                MKCommand::get_gen_spiral_motion_profile()
 .text._ZN9MKCommand17get_speed_profileEv
                0x0000000000082d14       0xf8 mkZoeRobotics_command.o
                0x0000000000082d14                MKCommand::get_speed_profile()
 .text._ZN9MKCommand16process_commandsEv
                0x0000000000082e0c      0x4b0 mkZoeRobotics_command.o
                0x0000000000082e0c                MKCommand::process_commands()
 .text._GLOBAL__sub_I_mkCommand
                0x00000000000832bc      0x19c mkZoeRobotics_command.o
 .text._ZN6CANRawC2Ev
                0x0000000000083458        0x4 due_can.o
                0x0000000000083458                CANRaw::CANRaw()
                0x0000000000083458                CANRaw::CANRaw()
 .text._ZN6CANRawC2EP3Canm
                0x000000000008345c       0x24 due_can.o
                0x000000000008345c                CANRaw::CANRaw(Can*, unsigned long)
                0x000000000008345c                CANRaw::CANRaw(Can*, unsigned long)
 .text._ZN6CANRaw12set_baudrateEm
                0x0000000000083480       0xe0 due_can.o
                0x0000000000083480                CANRaw::set_baudrate(unsigned long)
 .text._ZN6CANRaw6enableEv
                0x0000000000083560       0x1c due_can.o
                0x0000000000083560                CANRaw::enable()
 .text._ZN6CANRaw25mailbox_send_transfer_cmdEh
                0x000000000008357c       0x1c due_can.o
                0x000000000008357c                CANRaw::mailbox_send_transfer_cmd(unsigned char)
 .text._ZN6CANRaw12mailbox_initEh
                0x0000000000083598       0x44 due_can.o
                0x0000000000083598                CANRaw::mailbox_init(unsigned char)
 .text._ZN6CANRaw17reset_all_mailboxEv
                0x00000000000835dc       0x18 due_can.o
                0x00000000000835dc                CANRaw::reset_all_mailbox()
 .text._ZN6CANRaw12mailbox_readEhPV9CAN_FRAME
                0x00000000000835f4       0x84 due_can.o
                0x00000000000835f4                CANRaw::mailbox_read(unsigned char, CAN_FRAME volatile*)
 .text._ZN6CANRaw14mailbox_set_idEhmb
                0x0000000000083678       0x30 due_can.o
                0x0000000000083678                CANRaw::mailbox_set_id(unsigned char, unsigned long, bool)
 .text._ZN6CANRaw20mailbox_set_priorityEhh
                0x00000000000836a8       0x20 due_can.o
                0x00000000000836a8                CANRaw::mailbox_set_priority(unsigned char, unsigned char)
 .text._ZN6CANRaw23mailbox_set_accept_maskEhmb
                0x00000000000836c8       0x5c due_can.o
                0x00000000000836c8                CANRaw::mailbox_set_accept_mask(unsigned char, unsigned long, bool)
 .text._ZN6CANRaw16mailbox_set_modeEhh
                0x0000000000083724       0x24 due_can.o
                0x0000000000083724                CANRaw::mailbox_set_mode(unsigned char, unsigned char)
 .text._ZN6CANRaw13setNumTXBoxesEi
                0x0000000000083748       0x94 due_can.o
                0x0000000000083748                CANRaw::setNumTXBoxes(int)
 .text._ZN6CANRaw4initEm
                0x00000000000837dc       0xd8 due_can.o
                0x00000000000837dc                CANRaw::init(unsigned long)
 .text._ZN6CANRaw5beginEm
                0x00000000000838b4        0x8 due_can.o
                0x00000000000838b4                CANRaw::begin(unsigned long)
 .text._ZN6CANRaw20mailbox_set_databyteEhhh
                0x00000000000838bc       0x5c due_can.o
                0x00000000000838bc                CANRaw::mailbox_set_databyte(unsigned char, unsigned char, unsigned char)
 .text._ZN6CANRaw19mailbox_set_datalenEhh
                0x0000000000083918       0x28 due_can.o
                0x0000000000083918                CANRaw::mailbox_set_datalen(unsigned char, unsigned char)
 .text._ZN6CANRaw9sendFrameER9CAN_FRAME
                0x0000000000083940      0x100 due_can.o
                0x0000000000083940                CANRaw::sendFrame(CAN_FRAME&)
 .text._ZN6CANRaw9availableEv
                0x0000000000083a40       0x20 due_can.o
                0x0000000000083a40                CANRaw::available()
 .text._ZN6CANRaw11get_rx_buffER9CAN_FRAME
                0x0000000000083a60       0x7c due_can.o
                0x0000000000083a60                CANRaw::get_rx_buff(CAN_FRAME&)
 .text._ZN6CANRaw4readER9CAN_FRAME
                0x0000000000083adc        0x8 due_can.o
                0x0000000000083adc                CANRaw::read(CAN_FRAME&)
 .text._ZN6CANRaw13getMailboxIerEa
                0x0000000000083ae4       0x34 due_can.o
                0x0000000000083ae4                CANRaw::getMailboxIer(signed char)
 .text._ZN6CANRaw11setRXFilterEhmmb
                0x0000000000083b18       0x3c due_can.o
                0x0000000000083b18                CANRaw::setRXFilter(unsigned char, unsigned long, unsigned long, bool)
 .text._ZN6CANRaw8watchForEv
                0x0000000000083b54       0x44 due_can.o
                0x0000000000083b54                CANRaw::watchFor()
 .text._ZN6CANRaw19mailbox_int_handlerEhm
                0x0000000000083b98      0x1c4 due_can.o
                0x0000000000083b98                CANRaw::mailbox_int_handler(unsigned char, unsigned long)
 .text._ZN6CANRaw16interruptHandlerEv
                0x0000000000083d5c       0x88 due_can.o
                0x0000000000083d5c                CANRaw::interruptHandler()
 .text.CAN0_Handler
                0x0000000000083de4       0x10 due_can.o
                0x0000000000083de4                CAN0_Handler
 .text.CAN1_Handler
                0x0000000000083df4       0x10 due_can.o
                0x0000000000083df4                CAN1_Handler
 .text._GLOBAL__sub_I__ZN6CANRawC2Ev
                0x0000000000083e04       0x28 due_can.o
 .text.__phantom_handler
                0x0000000000083e2c        0x4 mkZoeRobotics_main.o
                0x0000000000083e2c                SPI0_Handler
                0x0000000000083e2c                DebugMon_Handler
                0x0000000000083e2c                DMAC_Handler
                0x0000000000083e2c                TRNG_Handler
                0x0000000000083e2c                HardFault_Handler
                0x0000000000083e2c                NMI_Handler
                0x0000000000083e2c                ADC_Handler
                0x0000000000083e2c                SMC_Handler
                0x0000000000083e2c                RTT_Handler
                0x0000000000083e2c                EFC1_Handler
                0x0000000000083e2c                RTC_Handler
                0x0000000000083e2c                UsageFault_Handler
                0x0000000000083e2c                WDT_Handler
                0x0000000000083e2c                HSMCI_Handler
                0x0000000000083e2c                TWI0_Handler
                0x0000000000083e2c                PIOA_Handler
                0x0000000000083e2c                SSC_Handler
                0x0000000000083e2c                EFC0_Handler
                0x0000000000083e2c                PMC_Handler
                0x0000000000083e2c                PWM_Handler
                0x0000000000083e2c                MemManage_Handler
                0x0000000000083e2c                SUPC_Handler
                0x0000000000083e2c                TC8_Handler
                0x0000000000083e2c                USART2_Handler
                0x0000000000083e2c                PIOD_Handler
                0x0000000000083e2c                EMAC_Handler
                0x0000000000083e2c                PIOC_Handler
                0x0000000000083e2c                BusFault_Handler
                0x0000000000083e2c                RSTC_Handler
                0x0000000000083e2c                UOTGHS_Handler
                0x0000000000083e2c                DACC_Handler
 .text.init_controller
                0x0000000000083e30       0xf4 mkZoeRobotics_main.o
                0x0000000000083e30                init_controller
 .text._ZN17_KINEMATICS_DATA_C2Ev
                0x0000000000083f24     0x6168 mkZoeRobotics_main.o
                0x0000000000083f24                _KINEMATICS_DATA_::_KINEMATICS_DATA_()
                0x0000000000083f24                _KINEMATICS_DATA_::_KINEMATICS_DATA_()
 .text._Z14controlDropCupi
                0x000000000008a08c       0x20 mkZoeRobotics_main.o
                0x000000000008a08c                controlDropCup(int)
 .text._Z16resetElapsedTimei
                0x000000000008a0ac       0x14 mkZoeRobotics_main.o
                0x000000000008a0ac                resetElapsedTime(int)
 .text._Z9stopTimeri
                0x000000000008a0c0       0x7c mkZoeRobotics_main.o
                0x000000000008a0c0                stopTimer(int)
 .text._Z10startTimeriim
                0x000000000008a13c      0x130 mkZoeRobotics_main.o
                0x000000000008a13c                startTimer(int, int, unsigned long)
 .text._Z12rebootTimersv
                0x000000000008a26c       0x74 mkZoeRobotics_main.o
                0x000000000008a26c                rebootTimers()
 .text._Z13stopMotionAllv
                0x000000000008a2e0       0x8c mkZoeRobotics_main.o
                0x000000000008a2e0                stopMotionAll()
 .text._Z15getHomeSWStatusv
                0x000000000008a36c       0x2c mkZoeRobotics_main.o
                0x000000000008a36c                getHomeSWStatus()
 .text._Z15getHomeSWStatusi
                0x000000000008a398       0x24 mkZoeRobotics_main.o
                0x000000000008a398                getHomeSWStatus(int)
 .text.PIOB_Handler
                0x000000000008a3bc       0x4c mkZoeRobotics_main.o
                0x000000000008a3bc                PIOB_Handler
 .text.TC4_Handler
                0x000000000008a408       0xa0 mkZoeRobotics_main.o
                0x000000000008a408                TC4_Handler
 .text.TC5_Handler
                0x000000000008a4a8       0xac mkZoeRobotics_main.o
                0x000000000008a4a8                TC5_Handler
 .text.TC6_Handler
                0x000000000008a554       0xac mkZoeRobotics_main.o
                0x000000000008a554                TC6_Handler
 .text.TC7_Handler
                0x000000000008a600       0xac mkZoeRobotics_main.o
                0x000000000008a600                TC7_Handler
 .text._Z9reportACKiii
                0x000000000008a6ac       0x88 mkZoeRobotics_main.o
                0x000000000008a6ac                reportACK(int, int, int)
 .text._Z16controlPowerLineb
                0x000000000008a734       0x50 mkZoeRobotics_main.o
                0x000000000008a734                controlPowerLine(bool)
 .text._Z12reportStatusv
                0x000000000008a784       0xc0 mkZoeRobotics_main.o
                0x000000000008a784                reportStatus()
 .text._Z12reportStatusii
                0x000000000008a844       0xc4 mkZoeRobotics_main.o
                0x000000000008a844                reportStatus(int, int)
 .text._Z18reportEncoderValueiil
                0x000000000008a908       0x88 mkZoeRobotics_main.o
                0x000000000008a908                reportEncoderValue(int, int, long)
 .text._Z18reportAllPosStatusii
                0x000000000008a990       0x98 mkZoeRobotics_main.o
                0x000000000008a990                reportAllPosStatus(int, int)
 .text._Z22reportGenKinDataStatusiii
                0x000000000008aa28       0xbc mkZoeRobotics_main.o
                0x000000000008aa28                reportGenKinDataStatus(int, int, int)
 .text._Z20processFinishingMovei
                0x000000000008aae4       0xe0 mkZoeRobotics_main.o
                0x000000000008aae4                processFinishingMove(int)
 .text.TC0_Handler
                0x000000000008abc4      0x318 mkZoeRobotics_main.o
                0x000000000008abc4                TC0_Handler
 .text.TC1_Handler
                0x000000000008aedc      0x368 mkZoeRobotics_main.o
                0x000000000008aedc                TC1_Handler
 .text.TC2_Handler
                0x000000000008b244      0x380 mkZoeRobotics_main.o
                0x000000000008b244                TC2_Handler
 .text.TC3_Handler
                0x000000000008b5c4      0x378 mkZoeRobotics_main.o
                0x000000000008b5c4                TC3_Handler
 .text.main     0x000000000008b93c      0x3f0 mkZoeRobotics_main.o
                0x000000000008b93c                main
 .text._GLOBAL__sub_I_init_controller
                0x000000000008bd2c       0xd4 mkZoeRobotics_main.o
 .text._ZN12mkCANEncoderC2Ev
                0x000000000008be00       0x30 mkCANEncoder.o
                0x000000000008be00                mkCANEncoder::mkCANEncoder()
                0x000000000008be00                mkCANEncoder::mkCANEncoder()
 .text._ZN12mkCANEncoder7initCANEv
                0x000000000008be30       0x34 mkCANEncoder.o
                0x000000000008be30                mkCANEncoder::initCAN()
 .text._ZN12mkCANEncoder18setReadEncoderDataEi
                0x000000000008be64       0x84 mkCANEncoder.o
                0x000000000008be64                mkCANEncoder::setReadEncoderData(int)
 .text._ZN12mkCANEncoder10setZeroPosEi
                0x000000000008bee8       0x5c mkCANEncoder.o
                0x000000000008bee8                mkCANEncoder::setZeroPos(int)
 .text._ZN12mkCANEncoder15readEncoderDataEi
                0x000000000008bf44       0xc4 mkCANEncoder.o
                0x000000000008bf44                mkCANEncoder::readEncoderData(int)
 .text._GLOBAL__sub_I_mkCAN
                0x000000000008c008       0x10 mkCANEncoder.o
 .text.__false  0x000000000008c018        0x4 /Users/mikekim/Developer/ZoeRobotics_project/ArduinoCore-sam-master/core.a(hooks.c.o)
                0x000000000008c018                sysTickHook
 .text.__halt   0x000000000008c01c        0x2 /Users/mikekim/Developer/ZoeRobotics_project/ArduinoCore-sam-master/core.a(hooks.c.o)
                0x000000000008c01c                pendSVHook
                0x000000000008c01c                svcHook
 *fill*         0x000000000008c01e        0x2 
 .text._sbrk    0x000000000008c020       0x1c /Users/mikekim/Developer/ZoeRobotics_project/ArduinoCore-sam-master/core.a(syscalls_sam3.c.o)
                0x000000000008c020                _sbrk
 .text.link     0x000000000008c03c        0x6 /Users/mikekim/Developer/ZoeRobotics_project/ArduinoCore-sam-master/core.a(syscalls_sam3.c.o)
                0x000000000008c03c                link
 .text._close   0x000000000008c042        0x6 /Users/mikekim/Developer/ZoeRobotics_project/ArduinoCore-sam-master/core.a(syscalls_sam3.c.o)
                0x000000000008c042                _close
 .text._fstat   0x000000000008c048        0xa /Users/mikekim/Developer/ZoeRobotics_project/ArduinoCore-sam-master/core.a(syscalls_sam3.c.o)
                0x000000000008c048                _fstat
 .text._isatty  0x000000000008c052        0x4 /Users/mikekim/Developer/ZoeRobotics_project/ArduinoCore-sam-master/core.a(syscalls_sam3.c.o)
                0x000000000008c052                _isatty
 .text._lseek   0x000000000008c056        0x4 /Users/mikekim/Developer/ZoeRobotics_project/ArduinoCore-sam-master/core.a(syscalls_sam3.c.o)
                0x000000000008c056                _lseek
 .text._read    0x000000000008c05a        0x4 /Users/mikekim/Developer/ZoeRobotics_project/ArduinoCore-sam-master/core.a(syscalls_sam3.c.o)
                0x000000000008c05a                _read
 *fill*         0x000000000008c05e        0x2 
 .text._write   0x000000000008c060       0x24 /Users/mikekim/Developer/ZoeRobotics_project/ArduinoCore-sam-master/core.a(syscalls_sam3.c.o)
                0x000000000008c060                _write
 .text._exit    0x000000000008c084        0x2 /Users/mikekim/Developer/ZoeRobotics_project/ArduinoCore-sam-master/core.a(syscalls_sam3.c.o)
                0x000000000008c084                _exit
 .text._kill    0x000000000008c086        0x2 /Users/mikekim/Developer/ZoeRobotics_project/ArduinoCore-sam-master/core.a(syscalls_sam3.c.o)
                0x000000000008c086                _kill
 .text._getpid  0x000000000008c088        0x6 /Users/mikekim/Developer/ZoeRobotics_project/ArduinoCore-sam-master/core.a(syscalls_sam3.c.o)
                0x000000000008c088                _getpid
 *fill*         0x000000000008c08e        0x2 
 .text.pinMode  0x000000000008c090      0x108 /Users/mikekim/Developer/ZoeRobotics_project/ArduinoCore-sam-master/core.a(wiring_digital.c.o)
                0x000000000008c090                pinMode
 .text.digitalWrite
                0x000000000008c198       0x70 /Users/mikekim/Developer/ZoeRobotics_project/ArduinoCore-sam-master/core.a(wiring_digital.c.o)
                0x000000000008c198                digitalWrite
 .text.USART0_Handler
                0x000000000008c208       0x10 /Users/mikekim/Developer/ZoeRobotics_project/ArduinoCore-sam-master/variant.o
                0x000000000008c208                USART0_Handler
 .text.USART1_Handler
                0x000000000008c218       0x10 /Users/mikekim/Developer/ZoeRobotics_project/ArduinoCore-sam-master/variant.o
                0x000000000008c218                USART1_Handler
 .text.USART3_Handler
                0x000000000008c228       0x10 /Users/mikekim/Developer/ZoeRobotics_project/ArduinoCore-sam-master/variant.o
                0x000000000008c228                USART3_Handler
 .text.startup._GLOBAL__sub_I_g_APinDescription
                0x000000000008c238       0xcc /Users/mikekim/Developer/ZoeRobotics_project/ArduinoCore-sam-master/variant.o
 .text.adc_init
                0x000000000008c304       0x90 /Users/mikekim/Developer/ZoeRobotics_project/ArduinoCore-sam-master/libsam_sam3x8e_gcc_rel.a(adc.o)
                0x000000000008c304                adc_init
 .text.adc_configure_trigger
                0x000000000008c394       0x2a /Users/mikekim/Developer/ZoeRobotics_project/ArduinoCore-sam-master/libsam_sam3x8e_gcc_rel.a(adc.o)
                0x000000000008c394                adc_configure_trigger
 .text.adc_configure_timing
                0x000000000008c3be       0x1a /Users/mikekim/Developer/ZoeRobotics_project/ArduinoCore-sam-master/libsam_sam3x8e_gcc_rel.a(adc.o)
                0x000000000008c3be                adc_configure_timing
 .text.adc_disable_channel
                0x000000000008c3d8        0xa /Users/mikekim/Developer/ZoeRobotics_project/ArduinoCore-sam-master/libsam_sam3x8e_gcc_rel.a(adc.o)
                0x000000000008c3d8                adc_disable_channel
 .text.adc_disable_all_channel
                0x000000000008c3e2        0x8 /Users/mikekim/Developer/ZoeRobotics_project/ArduinoCore-sam-master/libsam_sam3x8e_gcc_rel.a(adc.o)
                0x000000000008c3e2                adc_disable_all_channel
 .text.adc_disable_interrupt
                0x000000000008c3ea        0x4 /Users/mikekim/Developer/ZoeRobotics_project/ArduinoCore-sam-master/libsam_sam3x8e_gcc_rel.a(adc.o)
                0x000000000008c3ea                adc_disable_interrupt
 .text.PIO_PullUp
                0x000000000008c3ee        0xa /Users/mikekim/Developer/ZoeRobotics_project/ArduinoCore-sam-master/libsam_sam3x8e_gcc_rel.a(pio.o)
                0x000000000008c3ee                PIO_PullUp
 .text.PIO_SetPeripheral
                0x000000000008c3f8       0x26 /Users/mikekim/Developer/ZoeRobotics_project/ArduinoCore-sam-master/libsam_sam3x8e_gcc_rel.a(pio.o)
                0x000000000008c3f8                PIO_SetPeripheral
 .text.PIO_SetInput
                0x000000000008c41e       0x28 /Users/mikekim/Developer/ZoeRobotics_project/ArduinoCore-sam-master/libsam_sam3x8e_gcc_rel.a(pio.o)
                0x000000000008c41e                PIO_SetInput
 .text.PIO_SetOutput
                0x000000000008c446       0x24 /Users/mikekim/Developer/ZoeRobotics_project/ArduinoCore-sam-master/libsam_sam3x8e_gcc_rel.a(pio.o)
                0x000000000008c446                PIO_SetOutput
 *fill*         0x000000000008c46a        0x2 
 .text.PIO_Configure
                0x000000000008c46c       0x60 /Users/mikekim/Developer/ZoeRobotics_project/ArduinoCore-sam-master/libsam_sam3x8e_gcc_rel.a(pio.o)
                0x000000000008c46c                PIO_Configure
 .text.PIO_GetOutputDataStatus
                0x000000000008c4cc       0x16 /Users/mikekim/Developer/ZoeRobotics_project/ArduinoCore-sam-master/libsam_sam3x8e_gcc_rel.a(pio.o)
                0x000000000008c4cc                PIO_GetOutputDataStatus
 *fill*         0x000000000008c4e2        0x2 
 .text.pmc_enable_periph_clk
                0x000000000008c4e4       0x40 /Users/mikekim/Developer/ZoeRobotics_project/ArduinoCore-sam-master/libsam_sam3x8e_gcc_rel.a(pmc.o)
                0x000000000008c4e4                pmc_enable_periph_clk
 .text.pmc_disable_periph_clk
                0x000000000008c524       0x40 /Users/mikekim/Developer/ZoeRobotics_project/ArduinoCore-sam-master/libsam_sam3x8e_gcc_rel.a(pmc.o)
                0x000000000008c524                pmc_disable_periph_clk
 .text.pmc_set_writeprotect
                0x000000000008c564       0x1c /Users/mikekim/Developer/ZoeRobotics_project/ArduinoCore-sam-master/libsam_sam3x8e_gcc_rel.a(pmc.o)
                0x000000000008c564                pmc_set_writeprotect
 .text.TC_Configure
                0x000000000008c580       0x38 /Users/mikekim/Developer/ZoeRobotics_project/ArduinoCore-sam-master/libsam_sam3x8e_gcc_rel.a(tc.o)
                0x000000000008c580                TC_Configure
 .text.TC_Start
                0x000000000008c5b8       0x2c /Users/mikekim/Developer/ZoeRobotics_project/ArduinoCore-sam-master/libsam_sam3x8e_gcc_rel.a(tc.o)
                0x000000000008c5b8                TC_Start
 .text.TC_Stop  0x000000000008c5e4       0x2c /Users/mikekim/Developer/ZoeRobotics_project/ArduinoCore-sam-master/libsam_sam3x8e_gcc_rel.a(tc.o)
                0x000000000008c5e4                TC_Stop
 .text.TC_GetStatus
                0x000000000008c610        0x8 /Users/mikekim/Developer/ZoeRobotics_project/ArduinoCore-sam-master/libsam_sam3x8e_gcc_rel.a(tc.o)
                0x000000000008c610                TC_GetStatus
 .text.TC_SetRC
                0x000000000008c618        0x8 /Users/mikekim/Developer/ZoeRobotics_project/ArduinoCore-sam-master/libsam_sam3x8e_gcc_rel.a(tc.o)
                0x000000000008c618                TC_SetRC
 .text.TimeTick_Increment
                0x000000000008c620       0x10 /Users/mikekim/Developer/ZoeRobotics_project/ArduinoCore-sam-master/libsam_sam3x8e_gcc_rel.a(timetick.o)
                0x000000000008c620                TimeTick_Increment
 .text.TimeTick_Configure
                0x000000000008c630       0x34 /Users/mikekim/Developer/ZoeRobotics_project/ArduinoCore-sam-master/libsam_sam3x8e_gcc_rel.a(timetick.o)
                0x000000000008c630                TimeTick_Configure
 .text.GetTickCount
                0x000000000008c664        0xc /Users/mikekim/Developer/ZoeRobotics_project/ArduinoCore-sam-master/libsam_sam3x8e_gcc_rel.a(timetick.o)
                0x000000000008c664                GetTickCount
 .text.Wait     0x000000000008c670       0x1c /Users/mikekim/Developer/ZoeRobotics_project/ArduinoCore-sam-master/libsam_sam3x8e_gcc_rel.a(timetick.o)
                0x000000000008c670                Wait
 .text.Sleep    0x000000000008c68c       0x20 /Users/mikekim/Developer/ZoeRobotics_project/ArduinoCore-sam-master/libsam_sam3x8e_gcc_rel.a(timetick.o)
                0x000000000008c68c                Sleep
 .text.WDT_Disable
                0x000000000008c6ac        0x8 /Users/mikekim/Developer/ZoeRobotics_project/ArduinoCore-sam-master/libsam_sam3x8e_gcc_rel.a(wdt.o)
                0x000000000008c6ac                WDT_Disable
 .text.SystemInit
                0x000000000008c6b4       0x7c /Users/mikekim/Developer/ZoeRobotics_project/ArduinoCore-sam-master/libsam_sam3x8e_gcc_rel.a(system_sam3xa.o)
                0x000000000008c6b4                SystemInit
 .text.Reset_Handler
                0x000000000008c730       0x74 /Users/mikekim/Developer/ZoeRobotics_project/ArduinoCore-sam-master/libsam_sam3x8e_gcc_rel.a(startup_sam3xa.o)
                0x000000000008c730                Reset_Handler
 .text.__halt   0x000000000008c7a4        0x2 /Users/mikekim/Developer/ZoeRobotics_project/ArduinoCore-sam-master/core.a(cortex_handlers.c.o)
                0x000000000008c7a4                TWI1_Handler
 .text.SVC_Handler
                0x000000000008c7a6        0x4 /Users/mikekim/Developer/ZoeRobotics_project/ArduinoCore-sam-master/core.a(cortex_handlers.c.o)
                0x000000000008c7a6                SVC_Handler
 .text.PendSV_Handler
                0x000000000008c7aa        0x4 /Users/mikekim/Developer/ZoeRobotics_project/ArduinoCore-sam-master/core.a(cortex_handlers.c.o)
                0x000000000008c7aa                PendSV_Handler
 .text.SysTick_Handler
                0x000000000008c7ae       0x16 /Users/mikekim/Developer/ZoeRobotics_project/ArduinoCore-sam-master/core.a(cortex_handlers.c.o)
                0x000000000008c7ae                SysTick_Handler
 .text.tickReset
                0x000000000008c7c4       0x20 /Users/mikekim/Developer/ZoeRobotics_project/ArduinoCore-sam-master/core.a(Reset.cpp.o)
                0x000000000008c7c4                tickReset
 .text._ZN10RingBufferC2Ev
                0x000000000008c7e4       0x1a /Users/mikekim/Developer/ZoeRobotics_project/ArduinoCore-sam-master/core.a(RingBuffer.cpp.o)
                0x000000000008c7e4                RingBuffer::RingBuffer()
                0x000000000008c7e4                RingBuffer::RingBuffer()
 .text._ZN10RingBuffer10store_charEh
                0x000000000008c7fe       0x1e /Users/mikekim/Developer/ZoeRobotics_project/ArduinoCore-sam-master/core.a(RingBuffer.cpp.o)
                0x000000000008c7fe                RingBuffer::store_char(unsigned char)
 .text._ZN9UARTClasscvbEv
                0x000000000008c81c        0x4 /Users/mikekim/Developer/ZoeRobotics_project/ArduinoCore-sam-master/core.a(UARTClass.cpp.o)
                0x000000000008c81c                UARTClass::operator bool()
 .text._ZN9UARTClass9availableEv
                0x000000000008c820       0x12 /Users/mikekim/Developer/ZoeRobotics_project/ArduinoCore-sam-master/core.a(UARTClass.cpp.o)
                0x000000000008c820                UARTClass::available()
 .text._ZN9UARTClass4peekEv
                0x000000000008c832       0x1c /Users/mikekim/Developer/ZoeRobotics_project/ArduinoCore-sam-master/core.a(UARTClass.cpp.o)
                0x000000000008c832                UARTClass::peek()
 .text._ZN9UARTClass4readEv
                0x000000000008c84e       0x2a /Users/mikekim/Developer/ZoeRobotics_project/ArduinoCore-sam-master/core.a(UARTClass.cpp.o)
                0x000000000008c84e                UARTClass::read()
 .text._ZN9UARTClass5flushEv
                0x000000000008c878       0x18 /Users/mikekim/Developer/ZoeRobotics_project/ArduinoCore-sam-master/core.a(UARTClass.cpp.o)
                0x000000000008c878                UARTClass::flush()
 .text._ZN9UARTClass5writeEh
                0x000000000008c890       0x54 /Users/mikekim/Developer/ZoeRobotics_project/ArduinoCore-sam-master/core.a(UARTClass.cpp.o)
                0x000000000008c890                UARTClass::write(unsigned char)
 .text._ZN9UARTClass3endEv
                0x000000000008c8e4       0x3c /Users/mikekim/Developer/ZoeRobotics_project/ArduinoCore-sam-master/core.a(UARTClass.cpp.o)
                0x000000000008c8e4                UARTClass::end()
 .text._ZN9UARTClassC2EP4Uart4IRQnmP10RingBufferS4_
                0x000000000008c920       0x24 /Users/mikekim/Developer/ZoeRobotics_project/ArduinoCore-sam-master/core.a(UARTClass.cpp.o)
                0x000000000008c920                UARTClass::UARTClass(Uart*, IRQn, unsigned long, RingBuffer*, RingBuffer*)
                0x000000000008c920                UARTClass::UARTClass(Uart*, IRQn, unsigned long, RingBuffer*, RingBuffer*)
 .text._ZN9UARTClass4initEmm
                0x000000000008c944       0x70 /Users/mikekim/Developer/ZoeRobotics_project/ArduinoCore-sam-master/core.a(UARTClass.cpp.o)
                0x000000000008c944                UARTClass::init(unsigned long, unsigned long)
 .text._ZN9UARTClass5beginEm
                0x000000000008c9b4        0x8 /Users/mikekim/Developer/ZoeRobotics_project/ArduinoCore-sam-master/core.a(UARTClass.cpp.o)
                0x000000000008c9b4                UARTClass::begin(unsigned long)
 .text._ZN9UARTClass10IrqHandlerEv
                0x000000000008c9bc       0x5a /Users/mikekim/Developer/ZoeRobotics_project/ArduinoCore-sam-master/core.a(UARTClass.cpp.o)
                0x000000000008c9bc                UARTClass::IrqHandler()
 .text._ZN10USARTClass5beginEm
                0x000000000008ca16        0x8 /Users/mikekim/Developer/ZoeRobotics_project/ArduinoCore-sam-master/core.a(USARTClass.cpp.o)
                0x000000000008ca16                USARTClass::begin(unsigned long)
 *fill*         0x000000000008ca1e        0x2 
 .text._ZN10USARTClassC2EP5Usart4IRQnmP10RingBufferS4_
                0x000000000008ca20       0x24 /Users/mikekim/Developer/ZoeRobotics_project/ArduinoCore-sam-master/core.a(USARTClass.cpp.o)
                0x000000000008ca20                USARTClass::USARTClass(Usart*, IRQn, unsigned long, RingBuffer*, RingBuffer*)
                0x000000000008ca20                USARTClass::USARTClass(Usart*, IRQn, unsigned long, RingBuffer*, RingBuffer*)
 .text._ZN5Print5writeEPKhj
                0x000000000008ca44       0x22 /Users/mikekim/Developer/ZoeRobotics_project/ArduinoCore-sam-master/core.a(Print.cpp.o)
                0x000000000008ca44                Print::write(unsigned char const*, unsigned int)
 *fill*         0x000000000008ca66        0x2 
 .text.cos      0x000000000008ca68       0x8c /Users/mikekim/Library/Arduino15/packages/arduino/tools/arm-none-eabi-gcc/4.8.3-2014q1/bin/../lib/gcc/arm-none-eabi/4.8.3/../../../../arm-none-eabi/lib/armv7-m/libm.a(lib_a-s_cos.o)
                0x000000000008ca68                cos
 *fill*         0x000000000008caf4        0x4 
 .text.floor    0x000000000008caf8      0x120 /Users/mikekim/Library/Arduino15/packages/arduino/tools/arm-none-eabi-gcc/4.8.3-2014q1/bin/../lib/gcc/arm-none-eabi/4.8.3/../../../../arm-none-eabi/lib/armv7-m/libm.a(lib_a-s_floor.o)
                0x000000000008caf8                floor
 .text.__fpclassifyd
                0x000000000008cc18       0x50 /Users/mikekim/Library/Arduino15/packages/arduino/tools/arm-none-eabi-gcc/4.8.3-2014q1/bin/../lib/gcc/arm-none-eabi/4.8.3/../../../../arm-none-eabi/lib/armv7-m/libm.a(lib_a-s_fpclassify.o)
                0x000000000008cc18                __fpclassifyd
 .text.lround   0x000000000008cc68       0x94 /Users/mikekim/Library/Arduino15/packages/arduino/tools/arm-none-eabi-gcc/4.8.3-2014q1/bin/../lib/gcc/arm-none-eabi/4.8.3/../../../../arm-none-eabi/lib/armv7-m/libm.a(lib_a-s_lround.o)
                0x000000000008cc68                lround
 .text.round    0x000000000008ccfc       0x9c /Users/mikekim/Library/Arduino15/packages/arduino/tools/arm-none-eabi-gcc/4.8.3-2014q1/bin/../lib/gcc/arm-none-eabi/4.8.3/../../../../arm-none-eabi/lib/armv7-m/libm.a(lib_a-s_round.o)
                0x000000000008ccfc                round
 .text.sin      0x000000000008cd98       0x94 /Users/mikekim/Library/Arduino15/packages/arduino/tools/arm-none-eabi-gcc/4.8.3-2014q1/bin/../lib/gcc/arm-none-eabi/4.8.3/../../../../arm-none-eabi/lib/armv7-m/libm.a(lib_a-s_sin.o)
                0x000000000008cd98                sin
 .text.asin     0x000000000008ce2c       0xa8 /Users/mikekim/Library/Arduino15/packages/arduino/tools/arm-none-eabi-gcc/4.8.3-2014q1/bin/../lib/gcc/arm-none-eabi/4.8.3/../../../../arm-none-eabi/lib/armv7-m/libm.a(lib_a-w_asin.o)
                0x000000000008ce2c                asin
 .text.pow      0x000000000008ced4      0x2f8 /Users/mikekim/Library/Arduino15/packages/arduino/tools/arm-none-eabi-gcc/4.8.3-2014q1/bin/../lib/gcc/arm-none-eabi/4.8.3/../../../../arm-none-eabi/lib/armv7-m/libm.a(lib_a-w_pow.o)
                0x000000000008ced4                pow
 .text.sqrt     0x000000000008d1cc       0xac /Users/mikekim/Library/Arduino15/packages/arduino/tools/arm-none-eabi-gcc/4.8.3-2014q1/bin/../lib/gcc/arm-none-eabi/4.8.3/../../../../arm-none-eabi/lib/armv7-m/libm.a(lib_a-w_sqrt.o)
                0x000000000008d1cc                sqrt
 .text.__ieee754_asin
                0x000000000008d278      0x470 /Users/mikekim/Library/Arduino15/packages/arduino/tools/arm-none-eabi-gcc/4.8.3-2014q1/bin/../lib/gcc/arm-none-eabi/4.8.3/../../../../arm-none-eabi/lib/armv7-m/libm.a(lib_a-e_asin.o)
                0x000000000008d278                __ieee754_asin
 .text.__ieee754_pow
                0x000000000008d6e8      0xab8 /Users/mikekim/Library/Arduino15/packages/arduino/tools/arm-none-eabi-gcc/4.8.3-2014q1/bin/../lib/gcc/arm-none-eabi/4.8.3/../../../../arm-none-eabi/lib/armv7-m/libm.a(lib_a-e_pow.o)
                0x000000000008d6e8                __ieee754_pow
 .text.__ieee754_rem_pio2
                0x000000000008e1a0      0x440 /Users/mikekim/Library/Arduino15/packages/arduino/tools/arm-none-eabi-gcc/4.8.3-2014q1/bin/../lib/gcc/arm-none-eabi/4.8.3/../../../../arm-none-eabi/lib/armv7-m/libm.a(lib_a-e_rem_pio2.o)
                0x000000000008e1a0                __ieee754_rem_pio2
 .text.__ieee754_sqrt
                0x000000000008e5e0      0x180 /Users/mikekim/Library/Arduino15/packages/arduino/tools/arm-none-eabi-gcc/4.8.3-2014q1/bin/../lib/gcc/arm-none-eabi/4.8.3/../../../../arm-none-eabi/lib/armv7-m/libm.a(lib_a-e_sqrt.o)
                0x000000000008e5e0                __ieee754_sqrt
 .text.__kernel_cos
                0x000000000008e760      0x248 /Users/mikekim/Library/Arduino15/packages/arduino/tools/arm-none-eabi-gcc/4.8.3-2014q1/bin/../lib/gcc/arm-none-eabi/4.8.3/../../../../arm-none-eabi/lib/armv7-m/libm.a(lib_a-k_cos.o)
                0x000000000008e760                __kernel_cos
 .text.__kernel_rem_pio2
                0x000000000008e9a8      0x7bc /Users/mikekim/Library/Arduino15/packages/arduino/tools/arm-none-eabi-gcc/4.8.3-2014q1/bin/../lib/gcc/arm-none-eabi/4.8.3/../../../../arm-none-eabi/lib/armv7-m/libm.a(lib_a-k_rem_pio2.o)
                0x000000000008e9a8                __kernel_rem_pio2
 *fill*         0x000000000008f164        0x4 
 .text.__kernel_sin
                0x000000000008f168      0x170 /Users/mikekim/Library/Arduino15/packages/arduino/tools/arm-none-eabi-gcc/4.8.3-2014q1/bin/../lib/gcc/arm-none-eabi/4.8.3/../../../../arm-none-eabi/lib/armv7-m/libm.a(lib_a-k_sin.o)
                0x000000000008f168                __kernel_sin
 .text.fabs     0x000000000008f2d8        0x8 /Users/mikekim/Library/Arduino15/packages/arduino/tools/arm-none-eabi-gcc/4.8.3-2014q1/bin/../lib/gcc/arm-none-eabi/4.8.3/../../../../arm-none-eabi/lib/armv7-m/libm.a(lib_a-s_fabs.o)
                0x000000000008f2d8                fabs
 .text.finite   0x000000000008f2e0        0xc /Users/mikekim/Library/Arduino15/packages/arduino/tools/arm-none-eabi-gcc/4.8.3-2014q1/bin/../lib/gcc/arm-none-eabi/4.8.3/../../../../arm-none-eabi/lib/armv7-m/libm.a(lib_a-s_finite.o)
                0x000000000008f2e0                finite
 .text.matherr  0x000000000008f2ec        0x4 /Users/mikekim/Library/Arduino15/packages/arduino/tools/arm-none-eabi-gcc/4.8.3-2014q1/bin/../lib/gcc/arm-none-eabi/4.8.3/../../../../arm-none-eabi/lib/armv7-m/libm.a(lib_a-s_matherr.o)
                0x000000000008f2ec                matherr
 .text.nan      0x000000000008f2f0        0xc /Users/mikekim/Library/Arduino15/packages/arduino/tools/arm-none-eabi-gcc/4.8.3-2014q1/bin/../lib/gcc/arm-none-eabi/4.8.3/../../../../arm-none-eabi/lib/armv7-m/libm.a(lib_a-s_nan.o)
                0x000000000008f2f0                nan
 .text.rint     0x000000000008f2fc      0x118 /Users/mikekim/Library/Arduino15/packages/arduino/tools/arm-none-eabi-gcc/4.8.3-2014q1/bin/../lib/gcc/arm-none-eabi/4.8.3/../../../../arm-none-eabi/lib/armv7-m/libm.a(lib_a-s_rint.o)
                0x000000000008f2fc                rint
 *fill*         0x000000000008f414        0x4 
 .text.scalbn   0x000000000008f418      0x100 /Users/mikekim/Library/Arduino15/packages/arduino/tools/arm-none-eabi-gcc/4.8.3-2014q1/bin/../lib/gcc/arm-none-eabi/4.8.3/../../../../arm-none-eabi/lib/armv7-m/libm.a(lib_a-s_scalbn.o)
                0x000000000008f418                scalbn
 .text.copysign
                0x000000000008f518       0x14 /Users/mikekim/Library/Arduino15/packages/arduino/tools/arm-none-eabi-gcc/4.8.3-2014q1/bin/../lib/gcc/arm-none-eabi/4.8.3/../../../../arm-none-eabi/lib/armv7-m/libm.a(lib_a-s_copysign.o)
                0x000000000008f518                copysign
 .text          0x000000000008f52c      0x370 /Users/mikekim/Library/Arduino15/packages/arduino/tools/arm-none-eabi-gcc/4.8.3-2014q1/bin/../lib/gcc/arm-none-eabi/4.8.3/armv7-m/libgcc.a(_arm_addsubdf3.o)
                0x000000000008f52c                __aeabi_drsub
                0x000000000008f534                __subdf3
                0x000000000008f534                __aeabi_dsub
                0x000000000008f538                __aeabi_dadd
                0x000000000008f538                __adddf3
                0x000000000008f7b0                __aeabi_ui2d
                0x000000000008f7b0                __floatunsidf
                0x000000000008f7d0                __floatsidf
                0x000000000008f7d0                __aeabi_i2d
                0x000000000008f7f4                __extendsfdf2
                0x000000000008f7f4                __aeabi_f2d
                0x000000000008f830                __aeabi_ul2d
                0x000000000008f830                __floatundidf
                0x000000000008f840                __aeabi_l2d
                0x000000000008f840                __floatdidf
 .text          0x000000000008f89c      0x424 /Users/mikekim/Library/Arduino15/packages/arduino/tools/arm-none-eabi-gcc/4.8.3-2014q1/bin/../lib/gcc/arm-none-eabi/4.8.3/armv7-m/libgcc.a(_arm_muldivdf3.o)
                0x000000000008f89c                __aeabi_dmul
                0x000000000008f89c                __muldf3
                0x000000000008faf0                __aeabi_ddiv
                0x000000000008faf0                __divdf3
 .text          0x000000000008fcc0      0x110 /Users/mikekim/Library/Arduino15/packages/arduino/tools/arm-none-eabi-gcc/4.8.3-2014q1/bin/../lib/gcc/arm-none-eabi/4.8.3/armv7-m/libgcc.a(_arm_cmpdf2.o)
                0x000000000008fcc0                __gedf2
                0x000000000008fcc0                __gtdf2
                0x000000000008fcc8                __ledf2
                0x000000000008fcc8                __ltdf2
                0x000000000008fcd0                __cmpdf2
                0x000000000008fcd0                __eqdf2
                0x000000000008fcd0                __nedf2
                0x000000000008fd4c                __aeabi_cdrcmple
                0x000000000008fd5c                __aeabi_cdcmple
                0x000000000008fd5c                __aeabi_cdcmpeq
                0x000000000008fd6c                __aeabi_dcmpeq
                0x000000000008fd80                __aeabi_dcmplt
                0x000000000008fd94                __aeabi_dcmple
                0x000000000008fda8                __aeabi_dcmpge
                0x000000000008fdbc                __aeabi_dcmpgt
 .text          0x000000000008fdd0       0x50 /Users/mikekim/Library/Arduino15/packages/arduino/tools/arm-none-eabi-gcc/4.8.3-2014q1/bin/../lib/gcc/arm-none-eabi/4.8.3/armv7-m/libgcc.a(_arm_fixdfsi.o)
                0x000000000008fdd0                __fixdfsi
                0x000000000008fdd0                __aeabi_d2iz
 .text          0x000000000008fe20       0x40 /Users/mikekim/Library/Arduino15/packages/arduino/tools/arm-none-eabi-gcc/4.8.3-2014q1/bin/../lib/gcc/arm-none-eabi/4.8.3/armv7-m/libgcc.a(_arm_fixunsdfsi.o)
                0x000000000008fe20                __fixunsdfsi
                0x000000000008fe20                __aeabi_d2uiz
 .text          0x000000000008fe60       0xa0 /Users/mikekim/Library/Arduino15/packages/arduino/tools/arm-none-eabi-gcc/4.8.3-2014q1/bin/../lib/gcc/arm-none-eabi/4.8.3/armv7-m/libgcc.a(_arm_truncdfsf2.o)
                0x000000000008fe60                __aeabi_d2f
                0x000000000008fe60                __truncdfsf2
 .text          0x000000000008ff00      0x21c /Users/mikekim/Library/Arduino15/packages/arduino/tools/arm-none-eabi-gcc/4.8.3-2014q1/bin/../lib/gcc/arm-none-eabi/4.8.3/armv7-m/libgcc.a(_arm_addsubsf3.o)
                0x000000000008ff00                __aeabi_frsub
                0x000000000008ff08                __aeabi_fsub
                0x000000000008ff08                __subsf3
                0x000000000008ff0c                __aeabi_fadd
                0x000000000008ff0c                __addsf3
                0x000000000009006c                __aeabi_ui2f
                0x000000000009006c                __floatunsisf
                0x0000000000090074                __floatsisf
                0x0000000000090074                __aeabi_i2f
                0x0000000000090090                __aeabi_ul2f
                0x0000000000090090                __floatundisf
                0x00000000000900a0                __aeabi_l2f
                0x00000000000900a0                __floatdisf
 .text          0x000000000009011c      0x2a0 /Users/mikekim/Library/Arduino15/packages/arduino/tools/arm-none-eabi-gcc/4.8.3-2014q1/bin/../lib/gcc/arm-none-eabi/4.8.3/armv7-m/libgcc.a(_arm_muldivsf3.o)
                0x000000000009011c                __mulsf3
                0x000000000009011c                __aeabi_fmul
                0x0000000000090284                __divsf3
                0x0000000000090284                __aeabi_fdiv
 .text          0x00000000000903bc       0xec /Users/mikekim/Library/Arduino15/packages/arduino/tools/arm-none-eabi-gcc/4.8.3-2014q1/bin/../lib/gcc/arm-none-eabi/4.8.3/armv7-m/libgcc.a(_arm_cmpsf2.o)
                0x00000000000903bc                __gesf2
                0x00000000000903bc                __gtsf2
                0x00000000000903c4                __ltsf2
                0x00000000000903c4                __lesf2
                0x00000000000903cc                __nesf2
                0x00000000000903cc                __eqsf2
                0x00000000000903cc                __cmpsf2
                0x000000000009042c                __aeabi_cfrcmple
                0x0000000000090434                __aeabi_cfcmpeq
                0x0000000000090434                __aeabi_cfcmple
                0x0000000000090444                __aeabi_fcmpeq
                0x0000000000090458                __aeabi_fcmplt
                0x000000000009046c                __aeabi_fcmple
                0x0000000000090480                __aeabi_fcmpge
                0x0000000000090494                __aeabi_fcmpgt
 .text          0x00000000000904a8       0x4c /Users/mikekim/Library/Arduino15/packages/arduino/tools/arm-none-eabi-gcc/4.8.3-2014q1/bin/../lib/gcc/arm-none-eabi/4.8.3/armv7-m/libgcc.a(_arm_fixsfsi.o)
                0x00000000000904a8                __fixsfsi
                0x00000000000904a8                __aeabi_f2iz
 .text          0x00000000000904f4       0x40 /Users/mikekim/Library/Arduino15/packages/arduino/tools/arm-none-eabi-gcc/4.8.3-2014q1/bin/../lib/gcc/arm-none-eabi/4.8.3/armv7-m/libgcc.a(_arm_fixunssfsi.o)
                0x00000000000904f4                __aeabi_f2uiz
                0x00000000000904f4                __fixunssfsi
 .text.__aeabi_atexit
                0x0000000000090534        0xc /Users/mikekim/Library/Arduino15/packages/arduino/tools/arm-none-eabi-gcc/4.8.3-2014q1/bin/../lib/gcc/arm-none-eabi/4.8.3/../../../../arm-none-eabi/lib/armv7-m/libc.a(lib_a-aeabi_atexit.o)
                0x0000000000090534                __aeabi_atexit
 .text.__assert_func
                0x0000000000090540       0x3c /Users/mikekim/Library/Arduino15/packages/arduino/tools/arm-none-eabi-gcc/4.8.3-2014q1/bin/../lib/gcc/arm-none-eabi/4.8.3/../../../../arm-none-eabi/lib/armv7-m/libc.a(lib_a-assert.o)
                0x0000000000090540                __assert_func
 .text.__cxa_atexit
                0x000000000009057c       0x14 /Users/mikekim/Library/Arduino15/packages/arduino/tools/arm-none-eabi-gcc/4.8.3-2014q1/bin/../lib/gcc/arm-none-eabi/4.8.3/../../../../arm-none-eabi/lib/armv7-m/libc.a(lib_a-cxa_atexit.o)
                0x000000000009057c                __cxa_atexit
 .text.__errno  0x0000000000090590        0xc /Users/mikekim/Library/Arduino15/packages/arduino/tools/arm-none-eabi-gcc/4.8.3-2014q1/bin/../lib/gcc/arm-none-eabi/4.8.3/../../../../arm-none-eabi/lib/armv7-m/libc.a(lib_a-errno.o)
                0x0000000000090590                __errno
 .text.fiprintf
                0x000000000009059c       0x28 /Users/mikekim/Library/Arduino15/packages/arduino/tools/arm-none-eabi-gcc/4.8.3-2014q1/bin/../lib/gcc/arm-none-eabi/4.8.3/../../../../arm-none-eabi/lib/armv7-m/libc.a(lib_a-fiprintf.o)
                0x000000000009059c                fiprintf
 .text.__libc_init_array
                0x00000000000905c4       0x50 /Users/mikekim/Library/Arduino15/packages/arduino/tools/arm-none-eabi-gcc/4.8.3-2014q1/bin/../lib/gcc/arm-none-eabi/4.8.3/../../../../arm-none-eabi/lib/armv7-m/libc.a(lib_a-init.o)
                0x00000000000905c4                __libc_init_array
 .text.memset   0x0000000000090614       0x94 /Users/mikekim/Library/Arduino15/packages/arduino/tools/arm-none-eabi-gcc/4.8.3-2014q1/bin/../lib/gcc/arm-none-eabi/4.8.3/../../../../arm-none-eabi/lib/armv7-m/libc.a(lib_a-memset.o)
                0x0000000000090614                memset
 .text.sprintf  0x00000000000906a8       0x4c /Users/mikekim/Library/Arduino15/packages/arduino/tools/arm-none-eabi-gcc/4.8.3-2014q1/bin/../lib/gcc/arm-none-eabi/4.8.3/../../../../arm-none-eabi/lib/armv7-m/libc.a(lib_a-sprintf.o)
                0x00000000000906a8                sprintf
 .text.strchr   0x00000000000906f4       0xf4 /Users/mikekim/Library/Arduino15/packages/arduino/tools/arm-none-eabi-gcc/4.8.3-2014q1/bin/../lib/gcc/arm-none-eabi/4.8.3/../../../../arm-none-eabi/lib/armv7-m/libc.a(lib_a-strchr.o)
                0x00000000000906f4                strchr
 .text.strcpy   0x00000000000907e8       0xbc /Users/mikekim/Library/Arduino15/packages/arduino/tools/arm-none-eabi-gcc/4.8.3-2014q1/bin/../lib/gcc/arm-none-eabi/4.8.3/../../../../arm-none-eabi/lib/armv7-m/libc.a(lib_a-strcpy.o)
                0x00000000000907e8                strcpy
 .text.strlen   0x00000000000908a4       0x60 /Users/mikekim/Library/Arduino15/packages/arduino/tools/arm-none-eabi-gcc/4.8.3-2014q1/bin/../lib/gcc/arm-none-eabi/4.8.3/../../../../arm-none-eabi/lib/armv7-m/libc.a(lib_a-strlen.o)
                0x00000000000908a4                strlen
 .text.sulp     0x0000000000090904       0x40 /Users/mikekim/Library/Arduino15/packages/arduino/tools/arm-none-eabi-gcc/4.8.3-2014q1/bin/../lib/gcc/arm-none-eabi/4.8.3/../../../../arm-none-eabi/lib/armv7-m/libc.a(lib_a-strtod.o)
 *fill*         0x0000000000090944        0x4 
 .text._strtod_r
                0x0000000000090948      0xf38 /Users/mikekim/Library/Arduino15/packages/arduino/tools/arm-none-eabi-gcc/4.8.3-2014q1/bin/../lib/gcc/arm-none-eabi/4.8.3/../../../../arm-none-eabi/lib/armv7-m/libc.a(lib_a-strtod.o)
                0x0000000000090948                _strtod_r
 .text.strtod   0x0000000000091880       0x10 /Users/mikekim/Library/Arduino15/packages/arduino/tools/arm-none-eabi-gcc/4.8.3-2014q1/bin/../lib/gcc/arm-none-eabi/4.8.3/../../../../arm-none-eabi/lib/armv7-m/libc.a(lib_a-strtod.o)
                0x0000000000091880                strtod
 .text._svfprintf_r
                0x0000000000091890     0x14e0 /Users/mikekim/Library/Arduino15/packages/arduino/tools/arm-none-eabi-gcc/4.8.3-2014q1/bin/../lib/gcc/arm-none-eabi/4.8.3/../../../../arm-none-eabi/lib/armv7-m/libc.a(lib_a-svfprintf.o)
                0x0000000000091890                _svfprintf_r
 .text.kill     0x0000000000092d70       0x10 /Users/mikekim/Library/Arduino15/packages/arduino/tools/arm-none-eabi-gcc/4.8.3-2014q1/bin/../lib/gcc/arm-none-eabi/4.8.3/../../../../arm-none-eabi/lib/armv7-m/libc.a(lib_a-syskill.o)
                0x0000000000092d70                kill
 .text.__sprint_r.part.0
                0x0000000000092d80       0x78 /Users/mikekim/Library/Arduino15/packages/arduino/tools/arm-none-eabi-gcc/4.8.3-2014q1/bin/../lib/gcc/arm-none-eabi/4.8.3/../../../../arm-none-eabi/lib/armv7-m/libc.a(lib_a-vfiprintf.o)
 .text._vfiprintf_r
                0x0000000000092df8      0xc54 /Users/mikekim/Library/Arduino15/packages/arduino/tools/arm-none-eabi-gcc/4.8.3-2014q1/bin/../lib/gcc/arm-none-eabi/4.8.3/../../../../arm-none-eabi/lib/armv7-m/libc.a(lib_a-vfiprintf.o)
                0x0000000000092df8                _vfiprintf_r
 .text.__sbprintf
                0x0000000000093a4c       0x7c /Users/mikekim/Library/Arduino15/packages/arduino/tools/arm-none-eabi-gcc/4.8.3-2014q1/bin/../lib/gcc/arm-none-eabi/4.8.3/../../../../arm-none-eabi/lib/armv7-m/libc.a(lib_a-vfiprintf.o)
 .text.__swsetup_r
                0x0000000000093ac8       0xc4 /Users/mikekim/Library/Arduino15/packages/arduino/tools/arm-none-eabi-gcc/4.8.3-2014q1/bin/../lib/gcc/arm-none-eabi/4.8.3/../../../../arm-none-eabi/lib/armv7-m/libc.a(lib_a-wsetup.o)
                0x0000000000093ac8                __swsetup_r
 .text.__register_exitproc
                0x0000000000093b8c       0xa8 /Users/mikekim/Library/Arduino15/packages/arduino/tools/arm-none-eabi-gcc/4.8.3-2014q1/bin/../lib/gcc/arm-none-eabi/4.8.3/../../../../arm-none-eabi/lib/armv7-m/libc.a(lib_a-__atexit.o)
                0x0000000000093b8c                __register_exitproc
 .text.startup.register_fini
                0x0000000000093c34       0x14 /Users/mikekim/Library/Arduino15/packages/arduino/tools/arm-none-eabi-gcc/4.8.3-2014q1/bin/../lib/gcc/arm-none-eabi/4.8.3/../../../../arm-none-eabi/lib/armv7-m/libc.a(lib_a-__call_atexit.o)
 .text.abort    0x0000000000093c48       0x10 /Users/mikekim/Library/Arduino15/packages/arduino/tools/arm-none-eabi-gcc/4.8.3-2014q1/bin/../lib/gcc/arm-none-eabi/4.8.3/../../../../arm-none-eabi/lib/armv7-m/libc.a(lib_a-abort.o)
                0x0000000000093c48                abort
 .text.atexit   0x0000000000093c58        0xc /Users/mikekim/Library/Arduino15/packages/arduino/tools/arm-none-eabi-gcc/4.8.3-2014q1/bin/../lib/gcc/arm-none-eabi/4.8.3/../../../../arm-none-eabi/lib/armv7-m/libc.a(lib_a-atexit.o)
                0x0000000000093c58                atexit
 .text.quorem   0x0000000000093c64      0x134 /Users/mikekim/Library/Arduino15/packages/arduino/tools/arm-none-eabi-gcc/4.8.3-2014q1/bin/../lib/gcc/arm-none-eabi/4.8.3/../../../../arm-none-eabi/lib/armv7-m/libc.a(lib_a-dtoa.o)
 .text._dtoa_r  0x0000000000093d98      0xe38 /Users/mikekim/Library/Arduino15/packages/arduino/tools/arm-none-eabi-gcc/4.8.3-2014q1/bin/../lib/gcc/arm-none-eabi/4.8.3/../../../../arm-none-eabi/lib/armv7-m/libc.a(lib_a-dtoa.o)
                0x0000000000093d98                _dtoa_r
 .text.__sflush_r
                0x0000000000094bd0      0x148 /Users/mikekim/Library/Arduino15/packages/arduino/tools/arm-none-eabi-gcc/4.8.3-2014q1/bin/../lib/gcc/arm-none-eabi/4.8.3/../../../../arm-none-eabi/lib/armv7-m/libc.a(lib_a-fflush.o)
                0x0000000000094bd0                __sflush_r
 .text._fflush_r
                0x0000000000094d18       0x2c /Users/mikekim/Library/Arduino15/packages/arduino/tools/arm-none-eabi-gcc/4.8.3-2014q1/bin/../lib/gcc/arm-none-eabi/4.8.3/../../../../arm-none-eabi/lib/armv7-m/libc.a(lib_a-fflush.o)
                0x0000000000094d18                _fflush_r
 .text._cleanup_r
                0x0000000000094d44        0xc /Users/mikekim/Library/Arduino15/packages/arduino/tools/arm-none-eabi-gcc/4.8.3-2014q1/bin/../lib/gcc/arm-none-eabi/4.8.3/../../../../arm-none-eabi/lib/armv7-m/libc.a(lib_a-findfp.o)
                0x0000000000094d44                _cleanup_r
 .text.__sinit  0x0000000000094d50       0xf4 /Users/mikekim/Library/Arduino15/packages/arduino/tools/arm-none-eabi-gcc/4.8.3-2014q1/bin/../lib/gcc/arm-none-eabi/4.8.3/../../../../arm-none-eabi/lib/armv7-m/libc.a(lib_a-findfp.o)
                0x0000000000094d50                __sinit
 .text.__sfp_lock_acquire
                0x0000000000094e44        0x4 /Users/mikekim/Library/Arduino15/packages/arduino/tools/arm-none-eabi-gcc/4.8.3-2014q1/bin/../lib/gcc/arm-none-eabi/4.8.3/../../../../arm-none-eabi/lib/armv7-m/libc.a(lib_a-findfp.o)
                0x0000000000094e44                __sfp_lock_acquire
 .text.__sfp_lock_release
                0x0000000000094e48        0x4 /Users/mikekim/Library/Arduino15/packages/arduino/tools/arm-none-eabi-gcc/4.8.3-2014q1/bin/../lib/gcc/arm-none-eabi/4.8.3/../../../../arm-none-eabi/lib/armv7-m/libc.a(lib_a-findfp.o)
                0x0000000000094e48                __sfp_lock_release
 .text.__libc_fini_array
                0x0000000000094e4c       0x30 /Users/mikekim/Library/Arduino15/packages/arduino/tools/arm-none-eabi-gcc/4.8.3-2014q1/bin/../lib/gcc/arm-none-eabi/4.8.3/../../../../arm-none-eabi/lib/armv7-m/libc.a(lib_a-fini.o)
                0x0000000000094e4c                __libc_fini_array
 .text._fputwc_r
                0x0000000000094e7c       0xc0 /Users/mikekim/Library/Arduino15/packages/arduino/tools/arm-none-eabi-gcc/4.8.3-2014q1/bin/../lib/gcc/arm-none-eabi/4.8.3/../../../../arm-none-eabi/lib/armv7-m/libc.a(lib_a-fputwc.o)
                0x0000000000094e7c                _fputwc_r
 .text._malloc_trim_r
                0x0000000000094f3c       0x9c /Users/mikekim/Library/Arduino15/packages/arduino/tools/arm-none-eabi-gcc/4.8.3-2014q1/bin/../lib/gcc/arm-none-eabi/4.8.3/../../../../arm-none-eabi/lib/armv7-m/libc.a(lib_a-freer.o)
                0x0000000000094f3c                _malloc_trim_r
 .text._free_r  0x0000000000094fd8      0x198 /Users/mikekim/Library/Arduino15/packages/arduino/tools/arm-none-eabi-gcc/4.8.3-2014q1/bin/../lib/gcc/arm-none-eabi/4.8.3/../../../../arm-none-eabi/lib/armv7-m/libc.a(lib_a-freer.o)
                0x0000000000094fd8                _free_r
 .text.__sfvwrite_r
                0x0000000000095170      0x314 /Users/mikekim/Library/Arduino15/packages/arduino/tools/arm-none-eabi-gcc/4.8.3-2014q1/bin/../lib/gcc/arm-none-eabi/4.8.3/../../../../arm-none-eabi/lib/armv7-m/libc.a(lib_a-fvwrite.o)
                0x0000000000095170                __sfvwrite_r
 .text._fwalk   0x0000000000095484       0x48 /Users/mikekim/Library/Arduino15/packages/arduino/tools/arm-none-eabi-gcc/4.8.3-2014q1/bin/../lib/gcc/arm-none-eabi/4.8.3/../../../../arm-none-eabi/lib/armv7-m/libc.a(lib_a-fwalk.o)
                0x0000000000095484                _fwalk
 .text.rshift   0x00000000000954cc       0xa0 /Users/mikekim/Library/Arduino15/packages/arduino/tools/arm-none-eabi-gcc/4.8.3-2014q1/bin/../lib/gcc/arm-none-eabi/4.8.3/../../../../arm-none-eabi/lib/armv7-m/libc.a(lib_a-gdtoa-gethex.o)
 .text.__gethex
                0x000000000009556c      0x52c /Users/mikekim/Library/Arduino15/packages/arduino/tools/arm-none-eabi-gcc/4.8.3-2014q1/bin/../lib/gcc/arm-none-eabi/4.8.3/../../../../arm-none-eabi/lib/armv7-m/libc.a(lib_a-gdtoa-gethex.o)
                0x000000000009556c                __gethex
 .text.__hexnan
                0x0000000000095a98      0x194 /Users/mikekim/Library/Arduino15/packages/arduino/tools/arm-none-eabi-gcc/4.8.3-2014q1/bin/../lib/gcc/arm-none-eabi/4.8.3/../../../../arm-none-eabi/lib/armv7-m/libc.a(lib_a-gdtoa-hexnan.o)
                0x0000000000095a98                __hexnan
 .text.__locale_charset
                0x0000000000095c2c        0x8 /Users/mikekim/Library/Arduino15/packages/arduino/tools/arm-none-eabi-gcc/4.8.3-2014q1/bin/../lib/gcc/arm-none-eabi/4.8.3/../../../../arm-none-eabi/lib/armv7-m/libc.a(lib_a-locale.o)
                0x0000000000095c2c                __locale_charset
 .text.__locale_mb_cur_max
                0x0000000000095c34        0xc /Users/mikekim/Library/Arduino15/packages/arduino/tools/arm-none-eabi-gcc/4.8.3-2014q1/bin/../lib/gcc/arm-none-eabi/4.8.3/../../../../arm-none-eabi/lib/armv7-m/libc.a(lib_a-locale.o)
                0x0000000000095c34                __locale_mb_cur_max
 .text._localeconv_r
                0x0000000000095c40        0x8 /Users/mikekim/Library/Arduino15/packages/arduino/tools/arm-none-eabi-gcc/4.8.3-2014q1/bin/../lib/gcc/arm-none-eabi/4.8.3/../../../../arm-none-eabi/lib/armv7-m/libc.a(lib_a-locale.o)
                0x0000000000095c40                _localeconv_r
 .text.__smakebuf_r
                0x0000000000095c48       0xe0 /Users/mikekim/Library/Arduino15/packages/arduino/tools/arm-none-eabi-gcc/4.8.3-2014q1/bin/../lib/gcc/arm-none-eabi/4.8.3/../../../../arm-none-eabi/lib/armv7-m/libc.a(lib_a-makebuf.o)
                0x0000000000095c48                __smakebuf_r
 .text._malloc_r
                0x0000000000095d28      0x538 /Users/mikekim/Library/Arduino15/packages/arduino/tools/arm-none-eabi-gcc/4.8.3-2014q1/bin/../lib/gcc/arm-none-eabi/4.8.3/../../../../arm-none-eabi/lib/armv7-m/libc.a(lib_a-mallocr.o)
                0x0000000000095d28                _malloc_r
 .text.memchr   0x0000000000096260       0x94 /Users/mikekim/Library/Arduino15/packages/arduino/tools/arm-none-eabi-gcc/4.8.3-2014q1/bin/../lib/gcc/arm-none-eabi/4.8.3/../../../../arm-none-eabi/lib/armv7-m/libc.a(lib_a-memchr-stub.o)
                0x0000000000096260                memchr
 .text          0x00000000000962f4       0xec /Users/mikekim/Library/Arduino15/packages/arduino/tools/arm-none-eabi-gcc/4.8.3-2014q1/bin/../lib/gcc/arm-none-eabi/4.8.3/../../../../arm-none-eabi/lib/armv7-m/libc.a(lib_a-memcpy.o)
                0x00000000000962f4                memcpy
 .text.memmove  0x00000000000963e0       0xcc /Users/mikekim/Library/Arduino15/packages/arduino/tools/arm-none-eabi-gcc/4.8.3-2014q1/bin/../lib/gcc/arm-none-eabi/4.8.3/../../../../arm-none-eabi/lib/armv7-m/libc.a(lib_a-memmove.o)
                0x00000000000963e0                memmove
 .text.__malloc_lock
                0x00000000000964ac        0x4 /Users/mikekim/Library/Arduino15/packages/arduino/tools/arm-none-eabi-gcc/4.8.3-2014q1/bin/../lib/gcc/arm-none-eabi/4.8.3/../../../../arm-none-eabi/lib/armv7-m/libc.a(lib_a-mlock.o)
                0x00000000000964ac                __malloc_lock
 .text.__malloc_unlock
                0x00000000000964b0        0x4 /Users/mikekim/Library/Arduino15/packages/arduino/tools/arm-none-eabi-gcc/4.8.3-2014q1/bin/../lib/gcc/arm-none-eabi/4.8.3/../../../../arm-none-eabi/lib/armv7-m/libc.a(lib_a-mlock.o)
                0x00000000000964b0                __malloc_unlock
 .text._Balloc  0x00000000000964b4       0x4c /Users/mikekim/Library/Arduino15/packages/arduino/tools/arm-none-eabi-gcc/4.8.3-2014q1/bin/../lib/gcc/arm-none-eabi/4.8.3/../../../../arm-none-eabi/lib/armv7-m/libc.a(lib_a-mprec.o)
                0x00000000000964b4                _Balloc
 .text._Bfree   0x0000000000096500       0x14 /Users/mikekim/Library/Arduino15/packages/arduino/tools/arm-none-eabi-gcc/4.8.3-2014q1/bin/../lib/gcc/arm-none-eabi/4.8.3/../../../../arm-none-eabi/lib/armv7-m/libc.a(lib_a-mprec.o)
                0x0000000000096500                _Bfree
 .text.__multadd
                0x0000000000096514       0x94 /Users/mikekim/Library/Arduino15/packages/arduino/tools/arm-none-eabi-gcc/4.8.3-2014q1/bin/../lib/gcc/arm-none-eabi/4.8.3/../../../../arm-none-eabi/lib/armv7-m/libc.a(lib_a-mprec.o)
                0x0000000000096514                __multadd
 .text.__s2b    0x00000000000965a8       0x98 /Users/mikekim/Library/Arduino15/packages/arduino/tools/arm-none-eabi-gcc/4.8.3-2014q1/bin/../lib/gcc/arm-none-eabi/4.8.3/../../../../arm-none-eabi/lib/armv7-m/libc.a(lib_a-mprec.o)
                0x00000000000965a8                __s2b
 .text.__hi0bits
                0x0000000000096640       0x40 /Users/mikekim/Library/Arduino15/packages/arduino/tools/arm-none-eabi-gcc/4.8.3-2014q1/bin/../lib/gcc/arm-none-eabi/4.8.3/../../../../arm-none-eabi/lib/armv7-m/libc.a(lib_a-mprec.o)
                0x0000000000096640                __hi0bits
 .text.__lo0bits
                0x0000000000096680       0x5c /Users/mikekim/Library/Arduino15/packages/arduino/tools/arm-none-eabi-gcc/4.8.3-2014q1/bin/../lib/gcc/arm-none-eabi/4.8.3/../../../../arm-none-eabi/lib/armv7-m/libc.a(lib_a-mprec.o)
                0x0000000000096680                __lo0bits
 .text.__i2b    0x00000000000966dc       0x14 /Users/mikekim/Library/Arduino15/packages/arduino/tools/arm-none-eabi-gcc/4.8.3-2014q1/bin/../lib/gcc/arm-none-eabi/4.8.3/../../../../arm-none-eabi/lib/armv7-m/libc.a(lib_a-mprec.o)
                0x00000000000966dc                __i2b
 .text.__multiply
                0x00000000000966f0      0x13c /Users/mikekim/Library/Arduino15/packages/arduino/tools/arm-none-eabi-gcc/4.8.3-2014q1/bin/../lib/gcc/arm-none-eabi/4.8.3/../../../../arm-none-eabi/lib/armv7-m/libc.a(lib_a-mprec.o)
                0x00000000000966f0                __multiply
 .text.__pow5mult
                0x000000000009682c       0x9c /Users/mikekim/Library/Arduino15/packages/arduino/tools/arm-none-eabi-gcc/4.8.3-2014q1/bin/../lib/gcc/arm-none-eabi/4.8.3/../../../../arm-none-eabi/lib/armv7-m/libc.a(lib_a-mprec.o)
                0x000000000009682c                __pow5mult
 .text.__lshift
                0x00000000000968c8       0xbc /Users/mikekim/Library/Arduino15/packages/arduino/tools/arm-none-eabi-gcc/4.8.3-2014q1/bin/../lib/gcc/arm-none-eabi/4.8.3/../../../../arm-none-eabi/lib/armv7-m/libc.a(lib_a-mprec.o)
                0x00000000000968c8                __lshift
 .text.__mcmp   0x0000000000096984       0x48 /Users/mikekim/Library/Arduino15/packages/arduino/tools/arm-none-eabi-gcc/4.8.3-2014q1/bin/../lib/gcc/arm-none-eabi/4.8.3/../../../../arm-none-eabi/lib/armv7-m/libc.a(lib_a-mprec.o)
                0x0000000000096984                __mcmp
 .text.__mdiff  0x00000000000969cc       0xd8 /Users/mikekim/Library/Arduino15/packages/arduino/tools/arm-none-eabi-gcc/4.8.3-2014q1/bin/../lib/gcc/arm-none-eabi/4.8.3/../../../../arm-none-eabi/lib/armv7-m/libc.a(lib_a-mprec.o)
                0x00000000000969cc                __mdiff
 .text.__ulp    0x0000000000096aa4       0x40 /Users/mikekim/Library/Arduino15/packages/arduino/tools/arm-none-eabi-gcc/4.8.3-2014q1/bin/../lib/gcc/arm-none-eabi/4.8.3/../../../../arm-none-eabi/lib/armv7-m/libc.a(lib_a-mprec.o)
                0x0000000000096aa4                __ulp
 .text.__b2d    0x0000000000096ae4       0xb8 /Users/mikekim/Library/Arduino15/packages/arduino/tools/arm-none-eabi-gcc/4.8.3-2014q1/bin/../lib/gcc/arm-none-eabi/4.8.3/../../../../arm-none-eabi/lib/armv7-m/libc.a(lib_a-mprec.o)
                0x0000000000096ae4                __b2d
 .text.__d2b    0x0000000000096b9c       0xbc /Users/mikekim/Library/Arduino15/packages/arduino/tools/arm-none-eabi-gcc/4.8.3-2014q1/bin/../lib/gcc/arm-none-eabi/4.8.3/../../../../arm-none-eabi/lib/armv7-m/libc.a(lib_a-mprec.o)
                0x0000000000096b9c                __d2b
 .text.__ratio  0x0000000000096c58       0x50 /Users/mikekim/Library/Arduino15/packages/arduino/tools/arm-none-eabi-gcc/4.8.3-2014q1/bin/../lib/gcc/arm-none-eabi/4.8.3/../../../../arm-none-eabi/lib/armv7-m/libc.a(lib_a-mprec.o)
                0x0000000000096c58                __ratio
 .text.__copybits
                0x0000000000096ca8       0x48 /Users/mikekim/Library/Arduino15/packages/arduino/tools/arm-none-eabi-gcc/4.8.3-2014q1/bin/../lib/gcc/arm-none-eabi/4.8.3/../../../../arm-none-eabi/lib/armv7-m/libc.a(lib_a-mprec.o)
                0x0000000000096ca8                __copybits
 .text.__any_on
                0x0000000000096cf0       0x60 /Users/mikekim/Library/Arduino15/packages/arduino/tools/arm-none-eabi-gcc/4.8.3-2014q1/bin/../lib/gcc/arm-none-eabi/4.8.3/../../../../arm-none-eabi/lib/armv7-m/libc.a(lib_a-mprec.o)
                0x0000000000096cf0                __any_on
 .text._realloc_r
                0x0000000000096d50      0x3c0 /Users/mikekim/Library/Arduino15/packages/arduino/tools/arm-none-eabi-gcc/4.8.3-2014q1/bin/../lib/gcc/arm-none-eabi/4.8.3/../../../../arm-none-eabi/lib/armv7-m/libc.a(lib_a-reallocr.o)
                0x0000000000096d50                _realloc_r
 .text._sbrk_r  0x0000000000097110       0x24 /Users/mikekim/Library/Arduino15/packages/arduino/tools/arm-none-eabi-gcc/4.8.3-2014q1/bin/../lib/gcc/arm-none-eabi/4.8.3/../../../../arm-none-eabi/lib/armv7-m/libc.a(lib_a-sbrkr.o)
                0x0000000000097110                _sbrk_r
 .text._raise_r
                0x0000000000097134       0x58 /Users/mikekim/Library/Arduino15/packages/arduino/tools/arm-none-eabi-gcc/4.8.3-2014q1/bin/../lib/gcc/arm-none-eabi/4.8.3/../../../../arm-none-eabi/lib/armv7-m/libc.a(lib_a-signal.o)
                0x0000000000097134                _raise_r
 .text.raise    0x000000000009718c       0x10 /Users/mikekim/Library/Arduino15/packages/arduino/tools/arm-none-eabi-gcc/4.8.3-2014q1/bin/../lib/gcc/arm-none-eabi/4.8.3/../../../../arm-none-eabi/lib/armv7-m/libc.a(lib_a-signal.o)
                0x000000000009718c                raise
 .text._kill_r  0x000000000009719c       0x28 /Users/mikekim/Library/Arduino15/packages/arduino/tools/arm-none-eabi-gcc/4.8.3-2014q1/bin/../lib/gcc/arm-none-eabi/4.8.3/../../../../arm-none-eabi/lib/armv7-m/libc.a(lib_a-signalr.o)
                0x000000000009719c                _kill_r
 .text._getpid_r
                0x00000000000971c4        0x4 /Users/mikekim/Library/Arduino15/packages/arduino/tools/arm-none-eabi-gcc/4.8.3-2014q1/bin/../lib/gcc/arm-none-eabi/4.8.3/../../../../arm-none-eabi/lib/armv7-m/libc.a(lib_a-signalr.o)
                0x00000000000971c4                _getpid_r
 .text.__sread  0x00000000000971c8       0x24 /Users/mikekim/Library/Arduino15/packages/arduino/tools/arm-none-eabi-gcc/4.8.3-2014q1/bin/../lib/gcc/arm-none-eabi/4.8.3/../../../../arm-none-eabi/lib/armv7-m/libc.a(lib_a-stdio.o)
                0x00000000000971c8                __sread
 .text.__swrite
                0x00000000000971ec       0x38 /Users/mikekim/Library/Arduino15/packages/arduino/tools/arm-none-eabi-gcc/4.8.3-2014q1/bin/../lib/gcc/arm-none-eabi/4.8.3/../../../../arm-none-eabi/lib/armv7-m/libc.a(lib_a-stdio.o)
                0x00000000000971ec                __swrite
 .text.__sseek  0x0000000000097224       0x20 /Users/mikekim/Library/Arduino15/packages/arduino/tools/arm-none-eabi-gcc/4.8.3-2014q1/bin/../lib/gcc/arm-none-eabi/4.8.3/../../../../arm-none-eabi/lib/armv7-m/libc.a(lib_a-stdio.o)
                0x0000000000097224                __sseek
 .text.__sclose
                0x0000000000097244        0x8 /Users/mikekim/Library/Arduino15/packages/arduino/tools/arm-none-eabi-gcc/4.8.3-2014q1/bin/../lib/gcc/arm-none-eabi/4.8.3/../../../../arm-none-eabi/lib/armv7-m/libc.a(lib_a-stdio.o)
                0x0000000000097244                __sclose
 .text.strncmp  0x000000000009724c       0xb4 /Users/mikekim/Library/Arduino15/packages/arduino/tools/arm-none-eabi-gcc/4.8.3-2014q1/bin/../lib/gcc/arm-none-eabi/4.8.3/../../../../arm-none-eabi/lib/armv7-m/libc.a(lib_a-strncmp.o)
                0x000000000009724c                strncmp
 .text.__ssprint_r
                0x0000000000097300      0x100 /Users/mikekim/Library/Arduino15/packages/arduino/tools/arm-none-eabi-gcc/4.8.3-2014q1/bin/../lib/gcc/arm-none-eabi/4.8.3/../../../../arm-none-eabi/lib/armv7-m/libc.a(lib_a-svfiprintf.o)
                0x0000000000097300                __ssprint_r
 .text.__swbuf_r
                0x0000000000097400       0xa8 /Users/mikekim/Library/Arduino15/packages/arduino/tools/arm-none-eabi-gcc/4.8.3-2014q1/bin/../lib/gcc/arm-none-eabi/4.8.3/../../../../arm-none-eabi/lib/armv7-m/libc.a(lib_a-wbuf.o)
                0x0000000000097400                __swbuf_r
 .text._wcrtomb_r
                0x00000000000974a8       0x50 /Users/mikekim/Library/Arduino15/packages/arduino/tools/arm-none-eabi-gcc/4.8.3-2014q1/bin/../lib/gcc/arm-none-eabi/4.8.3/../../../../arm-none-eabi/lib/armv7-m/libc.a(lib_a-wcrtomb.o)
                0x00000000000974a8                _wcrtomb_r
 .text.__ascii_wctomb
                0x00000000000974f8       0x1c /Users/mikekim/Library/Arduino15/packages/arduino/tools/arm-none-eabi-gcc/4.8.3-2014q1/bin/../lib/gcc/arm-none-eabi/4.8.3/../../../../arm-none-eabi/lib/armv7-m/libc.a(lib_a-wctomb_r.o)
                0x00000000000974f8                __ascii_wctomb
 .text._write_r
                0x0000000000097514       0x28 /Users/mikekim/Library/Arduino15/packages/arduino/tools/arm-none-eabi-gcc/4.8.3-2014q1/bin/../lib/gcc/arm-none-eabi/4.8.3/../../../../arm-none-eabi/lib/armv7-m/libc.a(lib_a-writer.o)
                0x0000000000097514                _write_r
 .text._calloc_r
                0x000000000009753c       0x60 /Users/mikekim/Library/Arduino15/packages/arduino/tools/arm-none-eabi-gcc/4.8.3-2014q1/bin/../lib/gcc/arm-none-eabi/4.8.3/../../../../arm-none-eabi/lib/armv7-m/libc.a(lib_a-callocr.o)
                0x000000000009753c                _calloc_r
 .text._close_r
                0x000000000009759c       0x24 /Users/mikekim/Library/Arduino15/packages/arduino/tools/arm-none-eabi-gcc/4.8.3-2014q1/bin/../lib/gcc/arm-none-eabi/4.8.3/../../../../arm-none-eabi/lib/armv7-m/libc.a(lib_a-closer.o)
                0x000000000009759c                _close_r
 .text._fclose_r
                0x00000000000975c0       0x80 /Users/mikekim/Library/Arduino15/packages/arduino/tools/arm-none-eabi-gcc/4.8.3-2014q1/bin/../lib/gcc/arm-none-eabi/4.8.3/../../../../arm-none-eabi/lib/armv7-m/libc.a(lib_a-fclose.o)
                0x00000000000975c0                _fclose_r
 .text.fclose   0x0000000000097640       0x10 /Users/mikekim/Library/Arduino15/packages/arduino/tools/arm-none-eabi-gcc/4.8.3-2014q1/bin/../lib/gcc/arm-none-eabi/4.8.3/../../../../arm-none-eabi/lib/armv7-m/libc.a(lib_a-fclose.o)
                0x0000000000097640                fclose
 .text._fstat_r
                0x0000000000097650       0x28 /Users/mikekim/Library/Arduino15/packages/arduino/tools/arm-none-eabi-gcc/4.8.3-2014q1/bin/../lib/gcc/arm-none-eabi/4.8.3/../../../../arm-none-eabi/lib/armv7-m/libc.a(lib_a-fstatr.o)
                0x0000000000097650                _fstat_r
 .text._isatty_r
                0x0000000000097678       0x24 /Users/mikekim/Library/Arduino15/packages/arduino/tools/arm-none-eabi-gcc/4.8.3-2014q1/bin/../lib/gcc/arm-none-eabi/4.8.3/../../../../arm-none-eabi/lib/armv7-m/libc.a(lib_a-isattyr.o)
                0x0000000000097678                _isatty_r
 .text._lseek_r
                0x000000000009769c       0x28 /Users/mikekim/Library/Arduino15/packages/arduino/tools/arm-none-eabi-gcc/4.8.3-2014q1/bin/../lib/gcc/arm-none-eabi/4.8.3/../../../../arm-none-eabi/lib/armv7-m/libc.a(lib_a-lseekr.o)
                0x000000000009769c                _lseek_r
 .text._read_r  0x00000000000976c4       0x28 /Users/mikekim/Library/Arduino15/packages/arduino/tools/arm-none-eabi-gcc/4.8.3-2014q1/bin/../lib/gcc/arm-none-eabi/4.8.3/../../../../arm-none-eabi/lib/armv7-m/libc.a(lib_a-readr.o)
                0x00000000000976c4                _read_r
 .text          0x00000000000976ec       0x2c /Users/mikekim/Library/Arduino15/packages/arduino/tools/arm-none-eabi-gcc/4.8.3-2014q1/bin/../lib/gcc/arm-none-eabi/4.8.3/armv7-m/libgcc.a(_aeabi_uldivmod.o)
                0x00000000000976ec                __aeabi_uldivmod
 .text          0x0000000000097718       0x60 /Users/mikekim/Library/Arduino15/packages/arduino/tools/arm-none-eabi-gcc/4.8.3-2014q1/bin/../lib/gcc/arm-none-eabi/4.8.3/armv7-m/libgcc.a(bpabi.o)
                0x0000000000097718                __gnu_ldivmod_helper
                0x0000000000097748                __gnu_uldivmod_helper
 .text          0x0000000000097778        0x4 /Users/mikekim/Library/Arduino15/packages/arduino/tools/arm-none-eabi-gcc/4.8.3-2014q1/bin/../lib/gcc/arm-none-eabi/4.8.3/armv7-m/libgcc.a(_dvmd_tls.o)
                0x0000000000097778                __aeabi_ldiv0
                0x0000000000097778                __aeabi_idiv0
 .text          0x000000000009777c      0x2a0 /Users/mikekim/Library/Arduino15/packages/arduino/tools/arm-none-eabi-gcc/4.8.3-2014q1/bin/../lib/gcc/arm-none-eabi/4.8.3/armv7-m/libgcc.a(_divdi3.o)
                0x000000000009777c                __divdi3
 .text          0x0000000000097a1c      0x290 /Users/mikekim/Library/Arduino15/packages/arduino/tools/arm-none-eabi-gcc/4.8.3-2014q1/bin/../lib/gcc/arm-none-eabi/4.8.3/armv7-m/libgcc.a(_udivdi3.o)
                0x0000000000097a1c                __udivdi3
 *(.glue_7t)
 .glue_7t       0x0000000000000000        0x0 linker stubs
 *(.glue_7)
 .glue_7        0x0000000000000000        0x0 linker stubs
 *(.rodata .rodata* .gnu.linkonce.r.*)
 .rodata        0x0000000000097cac        0xc mkZoeRobotics_serial.o
 .rodata._ZL9DIST2STEP
                0x0000000000097cb8       0x20 mkZoeRobotics_velProfile.o
 .rodata        0x0000000000097cd8       0x30 mkZoeRobotics_command.o
 .rodata._ZL12can_bit_time
                0x0000000000097d08       0x6c due_can.o
 .rodata.str1.4
                0x0000000000097d74       0xd9 mkZoeRobotics_main.o
                                         0xdc (size before relaxing)
 *fill*         0x0000000000097e4d        0x3 
 .rodata.g_APinDescription
                0x0000000000097e50      0xa2c /Users/mikekim/Developer/ZoeRobotics_project/ArduinoCore-sam-master/variant.o
                0x0000000000097e50                g_APinDescription
 .rodata        0x000000000009887c       0x40 /Users/mikekim/Developer/ZoeRobotics_project/ArduinoCore-sam-master/libsam_sam3x8e_gcc_rel.a(adc.o)
 .rodata.TC_Configure.str1.1
                0x00000000000988bc       0x54 /Users/mikekim/Developer/ZoeRobotics_project/ArduinoCore-sam-master/libsam_sam3x8e_gcc_rel.a(tc.o)
 .rodata.__func__.6833
                0x0000000000098910        0xd /Users/mikekim/Developer/ZoeRobotics_project/ArduinoCore-sam-master/libsam_sam3x8e_gcc_rel.a(tc.o)
 .rodata.__func__.6839
                0x000000000009891d        0x9 /Users/mikekim/Developer/ZoeRobotics_project/ArduinoCore-sam-master/libsam_sam3x8e_gcc_rel.a(tc.o)
 .rodata.__func__.6845
                0x0000000000098926        0x8 /Users/mikekim/Developer/ZoeRobotics_project/ArduinoCore-sam-master/libsam_sam3x8e_gcc_rel.a(tc.o)
 *fill*         0x000000000009892e        0x2 
 .rodata._ZTV9UARTClass
                0x0000000000098930       0x30 /Users/mikekim/Developer/ZoeRobotics_project/ArduinoCore-sam-master/core.a(UARTClass.cpp.o)
                0x0000000000098930                vtable for UARTClass
 .rodata._ZTV10USARTClass
                0x0000000000098960       0x30 /Users/mikekim/Developer/ZoeRobotics_project/ArduinoCore-sam-master/core.a(USARTClass.cpp.o)
                0x0000000000098960                vtable for USARTClass
 .rodata.str1.4
                0x0000000000098990        0x5 /Users/mikekim/Library/Arduino15/packages/arduino/tools/arm-none-eabi-gcc/4.8.3-2014q1/bin/../lib/gcc/arm-none-eabi/4.8.3/../../../../arm-none-eabi/lib/armv7-m/libm.a(lib_a-w_asin.o)
                                          0xc (size before relaxing)
 *fill*         0x0000000000098995        0x3 
 .rodata.str1.4
                0x0000000000098998        0x4 /Users/mikekim/Library/Arduino15/packages/arduino/tools/arm-none-eabi-gcc/4.8.3-2014q1/bin/../lib/gcc/arm-none-eabi/4.8.3/../../../../arm-none-eabi/lib/armv7-m/libm.a(lib_a-w_pow.o)
 .rodata.str1.4
                0x000000000009899c        0x5 /Users/mikekim/Library/Arduino15/packages/arduino/tools/arm-none-eabi-gcc/4.8.3-2014q1/bin/../lib/gcc/arm-none-eabi/4.8.3/../../../../arm-none-eabi/lib/armv7-m/libm.a(lib_a-w_sqrt.o)
                                          0x8 (size before relaxing)
 *fill*         0x00000000000989a1        0x7 
 .rodata.dp_h   0x00000000000989a8       0x10 /Users/mikekim/Library/Arduino15/packages/arduino/tools/arm-none-eabi-gcc/4.8.3-2014q1/bin/../lib/gcc/arm-none-eabi/4.8.3/../../../../arm-none-eabi/lib/armv7-m/libm.a(lib_a-e_pow.o)
 .rodata.dp_l   0x00000000000989b8       0x10 /Users/mikekim/Library/Arduino15/packages/arduino/tools/arm-none-eabi-gcc/4.8.3-2014q1/bin/../lib/gcc/arm-none-eabi/4.8.3/../../../../arm-none-eabi/lib/armv7-m/libm.a(lib_a-e_pow.o)
 .rodata.bp     0x00000000000989c8       0x10 /Users/mikekim/Library/Arduino15/packages/arduino/tools/arm-none-eabi-gcc/4.8.3-2014q1/bin/../lib/gcc/arm-none-eabi/4.8.3/../../../../arm-none-eabi/lib/armv7-m/libm.a(lib_a-e_pow.o)
 .rodata.str1.4
                0x0000000000000000        0x4 /Users/mikekim/Library/Arduino15/packages/arduino/tools/arm-none-eabi-gcc/4.8.3-2014q1/bin/../lib/gcc/arm-none-eabi/4.8.3/../../../../arm-none-eabi/lib/armv7-m/libm.a(lib_a-e_pow.o)
 .rodata.npio2_hw
                0x00000000000989d8       0x80 /Users/mikekim/Library/Arduino15/packages/arduino/tools/arm-none-eabi-gcc/4.8.3-2014q1/bin/../lib/gcc/arm-none-eabi/4.8.3/../../../../arm-none-eabi/lib/armv7-m/libm.a(lib_a-e_rem_pio2.o)
 .rodata.two_over_pi
                0x0000000000098a58      0x108 /Users/mikekim/Library/Arduino15/packages/arduino/tools/arm-none-eabi-gcc/4.8.3-2014q1/bin/../lib/gcc/arm-none-eabi/4.8.3/../../../../arm-none-eabi/lib/armv7-m/libm.a(lib_a-e_rem_pio2.o)
 .rodata.init_jk
                0x0000000000098b60       0x10 /Users/mikekim/Library/Arduino15/packages/arduino/tools/arm-none-eabi-gcc/4.8.3-2014q1/bin/../lib/gcc/arm-none-eabi/4.8.3/../../../../arm-none-eabi/lib/armv7-m/libm.a(lib_a-k_rem_pio2.o)
 .rodata.PIo2   0x0000000000098b70       0x40 /Users/mikekim/Library/Arduino15/packages/arduino/tools/arm-none-eabi-gcc/4.8.3-2014q1/bin/../lib/gcc/arm-none-eabi/4.8.3/../../../../arm-none-eabi/lib/armv7-m/libm.a(lib_a-k_rem_pio2.o)
 .rodata.TWO52  0x0000000000098bb0       0x10 /Users/mikekim/Library/Arduino15/packages/arduino/tools/arm-none-eabi-gcc/4.8.3-2014q1/bin/../lib/gcc/arm-none-eabi/4.8.3/../../../../arm-none-eabi/lib/armv7-m/libm.a(lib_a-s_rint.o)
 .rodata.str1.4
                0x0000000000098bc0       0x3f /Users/mikekim/Library/Arduino15/packages/arduino/tools/arm-none-eabi-gcc/4.8.3-2014q1/bin/../lib/gcc/arm-none-eabi/4.8.3/../../../../arm-none-eabi/lib/armv7-m/libc.a(lib_a-assert.o)
                                         0x44 (size before relaxing)
 *fill*         0x0000000000098bff        0x1 
 .rodata.str1.4
                0x0000000000098c00        0x2 /Users/mikekim/Library/Arduino15/packages/arduino/tools/arm-none-eabi-gcc/4.8.3-2014q1/bin/../lib/gcc/arm-none-eabi/4.8.3/../../../../arm-none-eabi/lib/armv7-m/libc.a(lib_a-impure.o)
                                          0x4 (size before relaxing)
 *fill*         0x0000000000098c02        0x2 
 .rodata._global_impure_ptr
                0x0000000000098c04        0x4 /Users/mikekim/Library/Arduino15/packages/arduino/tools/arm-none-eabi-gcc/4.8.3-2014q1/bin/../lib/gcc/arm-none-eabi/4.8.3/../../../../arm-none-eabi/lib/armv7-m/libc.a(lib_a-impure.o)
                0x0000000000098c04                _global_impure_ptr
 .rodata.fpi.5235
                0x0000000000098c08       0x14 /Users/mikekim/Library/Arduino15/packages/arduino/tools/arm-none-eabi-gcc/4.8.3-2014q1/bin/../lib/gcc/arm-none-eabi/4.8.3/../../../../arm-none-eabi/lib/armv7-m/libc.a(lib_a-strtod.o)
 .rodata.fpinan.5271
                0x0000000000098c1c       0x14 /Users/mikekim/Library/Arduino15/packages/arduino/tools/arm-none-eabi-gcc/4.8.3-2014q1/bin/../lib/gcc/arm-none-eabi/4.8.3/../../../../arm-none-eabi/lib/armv7-m/libc.a(lib_a-strtod.o)
 .rodata.str1.4
                0x0000000000098c30        0xf /Users/mikekim/Library/Arduino15/packages/arduino/tools/arm-none-eabi-gcc/4.8.3-2014q1/bin/../lib/gcc/arm-none-eabi/4.8.3/../../../../arm-none-eabi/lib/armv7-m/libc.a(lib_a-strtod.o)
                                         0x10 (size before relaxing)
 *fill*         0x0000000000098c3f        0x1 
 .rodata.tinytens
                0x0000000000098c40       0x28 /Users/mikekim/Library/Arduino15/packages/arduino/tools/arm-none-eabi-gcc/4.8.3-2014q1/bin/../lib/gcc/arm-none-eabi/4.8.3/../../../../arm-none-eabi/lib/armv7-m/libc.a(lib_a-strtod.o)
 .rodata.zeroes.6760
                0x0000000000098c68       0x10 /Users/mikekim/Library/Arduino15/packages/arduino/tools/arm-none-eabi-gcc/4.8.3-2014q1/bin/../lib/gcc/arm-none-eabi/4.8.3/../../../../arm-none-eabi/lib/armv7-m/libc.a(lib_a-svfprintf.o)
 .rodata.str1.4
                0x0000000000098c78       0x42 /Users/mikekim/Library/Arduino15/packages/arduino/tools/arm-none-eabi-gcc/4.8.3-2014q1/bin/../lib/gcc/arm-none-eabi/4.8.3/../../../../arm-none-eabi/lib/armv7-m/libc.a(lib_a-svfprintf.o)
                                         0x44 (size before relaxing)
 *fill*         0x0000000000098cba        0x2 
 .rodata.blanks.6759
                0x0000000000098cbc       0x10 /Users/mikekim/Library/Arduino15/packages/arduino/tools/arm-none-eabi-gcc/4.8.3-2014q1/bin/../lib/gcc/arm-none-eabi/4.8.3/../../../../arm-none-eabi/lib/armv7-m/libc.a(lib_a-svfprintf.o)
 .rodata.blanks.6717
                0x0000000000098ccc       0x10 /Users/mikekim/Library/Arduino15/packages/arduino/tools/arm-none-eabi-gcc/4.8.3-2014q1/bin/../lib/gcc/arm-none-eabi/4.8.3/../../../../arm-none-eabi/lib/armv7-m/libc.a(lib_a-vfiprintf.o)
 .rodata.str1.4
                0x0000000000000000       0x30 /Users/mikekim/Library/Arduino15/packages/arduino/tools/arm-none-eabi-gcc/4.8.3-2014q1/bin/../lib/gcc/arm-none-eabi/4.8.3/../../../../arm-none-eabi/lib/armv7-m/libc.a(lib_a-vfiprintf.o)
 .rodata.zeroes.6718
                0x0000000000098cdc       0x10 /Users/mikekim/Library/Arduino15/packages/arduino/tools/arm-none-eabi-gcc/4.8.3-2014q1/bin/../lib/gcc/arm-none-eabi/4.8.3/../../../../arm-none-eabi/lib/armv7-m/libc.a(lib_a-vfiprintf.o)
 .rodata.str1.4
                0x0000000000098cec       0x10 /Users/mikekim/Library/Arduino15/packages/arduino/tools/arm-none-eabi-gcc/4.8.3-2014q1/bin/../lib/gcc/arm-none-eabi/4.8.3/../../../../arm-none-eabi/lib/armv7-m/libc.a(lib_a-dtoa.o)
                                         0x14 (size before relaxing)
 .rodata.__hexdig
                0x0000000000098cfc      0x100 /Users/mikekim/Library/Arduino15/packages/arduino/tools/arm-none-eabi-gcc/4.8.3-2014q1/bin/../lib/gcc/arm-none-eabi/4.8.3/../../../../arm-none-eabi/lib/armv7-m/libc.a(lib_a-gdtoa-gethex.o)
                0x0000000000098cfc                __hexdig
 .rodata.str1.4
                0x0000000000098dfc        0xc /Users/mikekim/Library/Arduino15/packages/arduino/tools/arm-none-eabi-gcc/4.8.3-2014q1/bin/../lib/gcc/arm-none-eabi/4.8.3/../../../../arm-none-eabi/lib/armv7-m/libc.a(lib_a-locale.o)
                                         0x14 (size before relaxing)
 .rodata.__mprec_tens
                0x0000000000098e08       0xc8 /Users/mikekim/Library/Arduino15/packages/arduino/tools/arm-none-eabi-gcc/4.8.3-2014q1/bin/../lib/gcc/arm-none-eabi/4.8.3/../../../../arm-none-eabi/lib/armv7-m/libc.a(lib_a-mprec.o)
                0x0000000000098e08                __mprec_tens
 .rodata.__mprec_bigtens
                0x0000000000098ed0       0x28 /Users/mikekim/Library/Arduino15/packages/arduino/tools/arm-none-eabi-gcc/4.8.3-2014q1/bin/../lib/gcc/arm-none-eabi/4.8.3/../../../../arm-none-eabi/lib/armv7-m/libc.a(lib_a-mprec.o)
                0x0000000000098ed0                __mprec_bigtens
 .rodata.p05.5266
                0x0000000000098ef8        0xc /Users/mikekim/Library/Arduino15/packages/arduino/tools/arm-none-eabi-gcc/4.8.3-2014q1/bin/../lib/gcc/arm-none-eabi/4.8.3/../../../../arm-none-eabi/lib/armv7-m/libc.a(lib_a-mprec.o)
 *(.ARM.extab* .gnu.linkonce.armextab.*)
                0x0000000000098f04                . = ALIGN (0x4)
 *(.init)
 .init          0x0000000000098f04        0x4 /Users/mikekim/Library/Arduino15/packages/arduino/tools/arm-none-eabi-gcc/4.8.3-2014q1/bin/../lib/gcc/arm-none-eabi/4.8.3/armv7-m/crti.o
                0x0000000000098f04                _init
 .init          0x0000000000098f08        0x8 /Users/mikekim/Library/Arduino15/packages/arduino/tools/arm-none-eabi-gcc/4.8.3-2014q1/bin/../lib/gcc/arm-none-eabi/4.8.3/armv7-m/crtn.o
                0x0000000000098f10                . = ALIGN (0x4)
                0x0000000000098f10                __preinit_array_start = .
 *(.preinit_array)
                0x0000000000098f10                __preinit_array_end = .
                0x0000000000098f10                . = ALIGN (0x4)
                0x0000000000098f10                __init_array_start = .
 *(SORT(.init_array.*))
 .init_array.00000
                0x0000000000098f10        0x4 /Users/mikekim/Library/Arduino15/packages/arduino/tools/arm-none-eabi-gcc/4.8.3-2014q1/bin/../lib/gcc/arm-none-eabi/4.8.3/../../../../arm-none-eabi/lib/armv7-m/libc.a(lib_a-__call_atexit.o)
 *(.init_array)
 .init_array    0x0000000000098f14        0x4 /Users/mikekim/Library/Arduino15/packages/arduino/tools/arm-none-eabi-gcc/4.8.3-2014q1/bin/../lib/gcc/arm-none-eabi/4.8.3/armv7-m/crtbegin.o
 .init_array    0x0000000000098f18        0x4 mkZoeRobotics_serial.o
 .init_array    0x0000000000098f1c        0x4 mkZoeRobotics_velProfile.o
 .init_array    0x0000000000098f20        0x4 mkZoeRobotics_command.o
 .init_array    0x0000000000098f24        0x4 due_can.o
 .init_array    0x0000000000098f28        0x4 mkZoeRobotics_main.o
 .init_array    0x0000000000098f2c        0x4 mkCANEncoder.o
 .init_array    0x0000000000098f30        0x4 /Users/mikekim/Developer/ZoeRobotics_project/ArduinoCore-sam-master/variant.o
                0x0000000000098f34                __init_array_end = .
                0x0000000000098f34                . = ALIGN (0x4)
 *crtbegin.o(.ctors)
 *(EXCLUDE_FILE(*crtend.o) .ctors)
 *(SORT(.ctors.*))
 *crtend.o(.ctors)
                0x0000000000098f34                . = ALIGN (0x4)
 *(.fini)